=== 2026-05-18 ===

New stations: none.

Removed stations (1):
  - Topgas — Stoties g.25, Pasvalys

Price changes (548):
  ~ Adukesta — Laisvės g. 50, Maciuičių k.
      Dyzelinas: 1.950 €/L → 1.980 €/L
  ~ Alauša — Palijoniškio g. 1, Utena
      95 benzinas: 1.759 €/L → 1.799 €/L
      Dyzelinas: 1.859 €/L → 1.899 €/L
      Dujos: 0.859 €/L → 0.879 €/L
  ~ Alauša — Kosmoso g. 3, Visaginas
      95 benzinas: 1.839 €/L → 1.799 €/L
      Dyzelinas: 1.959 €/L → 1.899 €/L
  ~ Alauša — Palemono g. 171, Kaunas
      95 benzinas: 1.759 €/L → 1.749 €/L
      Dyzelinas: 1.889 €/L → 1.879 €/L
  ~ Alauša — Kalvarijų g. 204G, Vilnius
      95 benzinas: 1.689 €/L → 1.774 €/L
      Dyzelinas: 1.859 €/L → 1.899 €/L
      Dujos: 0.819 €/L → 0.859 €/L
  ~ Alauša — Kirtimų g. 23A, Vilnius
      95 benzinas: 1.739 €/L → 1.749 €/L
      Dyzelinas: 1.859 €/L → 1.839 €/L
  ~ Alauša — Pelesos g. 1/2, Vilnius
      95 benzinas: 1.779 €/L → 1.789 €/L
      Dyzelinas: 1.879 €/L → 1.889 €/L
      Dujos: 0.899 €/L → 0.889 €/L
  ~ Alauša — Kauno g. 37, Ukmergė
      95 benzinas: 1.689 €/L → 1.739 €/L
      Dyzelinas: 1.829 €/L → 1.849 €/L
      Dujos: 0.819 €/L → 0.864 €/L
  ~ Alauša — Plento g. 17, Daugailiai
      95 benzinas: 1.759 €/L → 1.799 €/L
      Dyzelinas: 1.859 €/L → 1.899 €/L
      Dujos: 0.859 €/L → 0.879 €/L
  ~ Alauša — Plento g. 2B, Kairiai
      95 benzinas: 1.749 €/L → 1.799 €/L
      Dujos: 0.849 €/L → 0.899 €/L
  ~ Alauša — Vilniaus g. 8, Grigiškės
      95 benzinas: 1.779 €/L → 1.799 €/L
      Dyzelinas: 1.879 €/L → 1.899 €/L
      Dujos: 0.849 €/L → 0.859 €/L
  ~ Alauša — Plytinės g. 2, Puskelnių k.
      95 benzinas: 1.689 €/L → 1.729 €/L
  ~ Alauša — Stoties g. 49, Marijampolė
      95 benzinas: 1.689 €/L → 1.729 €/L
      Dyzelinas: 1.859 €/L → 1.849 €/L
      Dujos: 0.819 €/L → 0.859 €/L
  ~ Alauša — Paširvio g. 1, Paširvinčio k.
      95 benzinas: 1.689 €/L → 1.739 €/L
      Dyzelinas: 1.859 €/L → 1.889 €/L
      Dujos: 0.819 €/L → 0.799 €/L
  ~ Alauša — Šakių g. 51, Kudirkos Naumiestis
      95 benzinas: 1.775 €/L → 1.799 €/L
      Dyzelinas: 1.925 €/L → 1.979 €/L
  ~ Alauša — Skraičionių g. 1, Skraičionių k.
      95 benzinas: 1.749 €/L → 1.889 €/L
      Dyzelinas: 1.949 €/L → 1.999 €/L
  ~ Alauša — Europos g. 17, Salaperaugio k.
      95 benzinas: 1.829 €/L → 1.799 €/L
  ~ Alauša — Švenčionių g. 29A, Ignalina
      Dyzelinas: 1.999 €/L → 1.979 €/L
  ~ Alauša — Šiaurės g. 39, Vilnius
      95 benzinas: 1.699 €/L → 1.799 €/L
      Dyzelinas: 1.859 €/L → 1.949 €/L
      Dujos: 0.819 €/L → 0.849 €/L
  ~ Alauša — Sporto g. 50A, Marijampolė
      95 benzinas: 1.689 €/L → 1.739 €/L
  ~ Alauša — J. Basanavičiaus g. 1C, Utena
      95 benzinas: 1.689 €/L → 1.739 €/L
      Dyzelinas: 1.829 €/L → 1.879 €/L
      Dujos: 0.819 €/L → 0.844 €/L
  ~ Alauša — Šv. Stepono g. 44, Vilnius
      95 benzinas: 1.759 €/L → 1.699 €/L
      Dyzelinas: 1.899 €/L → 1.859 €/L
  ~ Alauša — Buivydiškių g. 5, Vilnius
      95 benzinas: 1.749 €/L → 1.759 €/L
      Dyzelinas: 1.869 €/L → 1.879 €/L
  ~ Alauša — Santaikos g. 2A, Santaikos k.
      95 benzinas: 1.689 €/L → 1.799 €/L
      Dyzelinas: 1.859 €/L → 1.949 €/L
      Dujos: 0.819 €/L → 0.849 €/L
  ~ Alauša — Laisvės pr. 125A, Vilnius
      95 benzinas: 1.749 €/L → 1.759 €/L
  ~ Alauša — A. Vienuolio g. 32A, Anykščiai
      95 benzinas: 1.689 €/L → 1.734 €/L
      Dyzelinas: 1.829 €/L → 1.894 €/L
      Dujos: 0.819 €/L → 0.839 €/L
  ~ Andopas — Ramučių g.43
      Dyzelinas: 1.920 €/L → 1.860 €/L
  ~ Apsaga — Vilniaus g.16, Šiauliai
      95 benzinas: 1.809 €/L → 1.819 €/L
      Dyzelinas: 1.949 €/L → 1.925 €/L
      Dujos: 0.859 €/L → 0.850 €/L
  ~ Apsaga — Pramonės g. 3A, Šiauliai
      95 benzinas: 1.819 €/L → 1.825 €/L
      Dyzelinas: 1.950 €/L → 1.935 €/L
      Dujos: 0.869 €/L → 0.860 €/L
  ~ Apsaga — Pramonės g. 28, Šiauliai
      95 benzinas: 1.819 €/L → 1.829 €/L
      Dyzelinas: 1.950 €/L → 1.935 €/L
  ~ Apsaga — Nuklono g. 4, Šiauliai
      95 benzinas: 1.819 €/L → 1.829 €/L
      Dyzelinas: 1.950 €/L → 1.935 €/L
      Dujos: 0.869 €/L → 0.860 €/L
  ~ Apsaga — Tilžės g. 223, Šiauliai
      95 benzinas: 1.819 €/L → 1.829 €/L
      Dyzelinas: 1.950 €/L → 1.935 €/L
      Dujos: 0.869 €/L → 0.860 €/L
  ~ Apsaga — V. Bielskio g. 47A, Šiauliai
      95 benzinas: 1.780 €/L → 1.820 €/L
      Dyzelinas: 1.890 €/L → 1.930 €/L
      Dujos: 0.860 €/L → 0.850 €/L
  ~ Apsaga — Šiaulių g.12, Radviliškis
      95 benzinas: 1.779 €/L → 1.815 €/L
      Dyzelinas: 1.889 €/L → 1.925 €/L
      Dujos: 0.889 €/L → 0.919 €/L
  ~ Apsaga — Beržų g. 19, Baisogalos k.
      95 benzinas: 1.779 €/L → 1.849 €/L
      Dyzelinas: 1.899 €/L → 1.989 €/L
      Dujos: 0.889 €/L → 0.899 €/L
  ~ Apsaga — Radikių k.
      95 benzinas: 1.759 €/L → 1.849 €/L
      Dyzelinas: 1.929 €/L → 1.975 €/L
      Dujos: 0.889 €/L → 0.909 €/L
  ~ Autograndas — Taikos pr. 47
      95 benzinas: 1.754 €/L → 1.787 €/L
      Dyzelinas: 1.876 €/L → 1.886 €/L
  ~ Baltic Petroleum — Vilnius, Antakalnio g. 128
      Dyzelinas: 1.949 €/L → 1.889 €/L
  ~ Baltic Petroleum — Gudžionių k., Plento g. 24
      95 benzinas: 1.809 €/L → 1.769 €/L
      Dyzelinas: 1.929 €/L → 1.879 €/L
  ~ Baltic Petroleum — Vilnius, Gerosios Vilties g. 33
      95 benzinas: 1.869 €/L → 1.819 €/L
      Dyzelinas: 1.949 €/L → 1.919 €/L
  ~ Baltic Petroleum — Vilnius, Savanorių pr. 121
      95 benzinas: 1.779 €/L → 1.759 €/L
      Dyzelinas: 1.889 €/L → 1.839 €/L
  ~ Baltic Petroleum — Kaunas, Raudondvario pl. 82
      95 benzinas: 1.769 €/L → 1.739 €/L
      Dyzelinas: 1.879 €/L → 1.829 €/L
  ~ Baltic Petroleum — Kaunas, Jonavos g. 60A
      95 benzinas: 1.749 €/L → 1.719 €/L
      Dyzelinas: 1.879 €/L → 1.829 €/L
  ~ Baltic Petroleum — Jaučiakių k.
      95 benzinas: 1.819 €/L → 1.789 €/L
      Dyzelinas: 1.969 €/L → 1.919 €/L
  ~ Baltic Petroleum — Klaipėda, Šilutės pl. 1
      95 benzinas: 1.739 €/L → 1.709 €/L
      Dyzelinas: 1.859 €/L → 1.829 €/L
  ~ Baltic Petroleum — Šilutė, Klaipėdos g. 4A
      Dyzelinas: 1.919 €/L → 1.899 €/L
  ~ Baltic Petroleum — Alytus, Santaikos g. 33
      95 benzinas: 1.759 €/L → 1.729 €/L
      Dyzelinas: 1.909 €/L → 1.869 €/L
  ~ Baltic Petroleum — Radviliškis, Miško g. 64
      95 benzinas: 1.819 €/L → 1.759 €/L
      Dyzelinas: 1.919 €/L → 1.879 €/L
  ~ Baltic Petroleum — Panevėžys, Velžio kelias 74
      95 benzinas: 1.759 €/L → 1.739 €/L
      Dyzelinas: 1.899 €/L → 1.859 €/L
  ~ Baltic Petroleum — Utena, Basanavičiaus g. 1B
      95 benzinas: 1.699 €/L → 1.739 €/L
      Dyzelinas: 1.869 €/L → 1.849 €/L
      Dujos: 0.829 €/L → 0.849 €/L
  ~ Baltic Petroleum — Raseiniai, Vilniaus g. 30
      Dyzelinas: 1.949 €/L → 1.889 €/L
  ~ Baltic Petroleum — Jurbarkas, Muitinės g. 22A
      Dyzelinas: 1.950 €/L → 1.890 €/L
  ~ Baltic Petroleum — Prienai, Vilniaus g. 3A
      95 benzinas: 1.779 €/L → 1.759 €/L
  ~ Baltic Petroleum — Kėdainiai, J. Basanavičiaus g. 95B
      95 benzinas: 1.829 €/L → 1.779 €/L
      Dyzelinas: 1.929 €/L → 1.899 €/L
  ~ Baltic Petroleum — Ukmergė, Kauno g. 49
      95 benzinas: 1.699 €/L → 1.709 €/L
      Dyzelinas: 1.869 €/L → 1.829 €/L
      Dujos: 0.829 €/L → 0.869 €/L
  ~ Baltic Petroleum — Valantiškio k.
      Dyzelinas: 1.979 €/L → 1.949 €/L
  ~ Baltic Petroleum — Šakiai, Sodų g. 1
      Dyzelinas: 1.910 €/L → 1.890 €/L
  ~ Baltic Petroleum — Vilnius  Kalvarijų g. 161A
      95 benzinas: 1.699 €/L → 1.739 €/L
      Dyzelinas: 1.869 €/L → 1.899 €/L
      Dujos: 0.829 €/L → 0.859 €/L
  ~ Baltic Petroleum — Trakai, Vilniaus g. 33
      95 benzinas: 1.859 €/L → 1.829 €/L
      Dyzelinas: 1.989 €/L → 1.969 €/L
  ~ Baltic Petroleum — Molėtai, Vilniaus g.104
      95 benzinas: 1.819 €/L → 1.799 €/L
      Dyzelinas: 1.939 €/L → 1.929 €/L
      Dujos: 0.889 €/L → 0.879 €/L
  ~ Baltic Petroleum — Varėna, Čiurlionio g. 63
      95 benzinas: 1.939 €/L → 1.739 €/L
      Dyzelinas: 2.069 €/L → 1.899 €/L
  ~ Baltic Petroleum — Klaipėda, Tilžės g. 90
      95 benzinas: 1.739 €/L → 1.759 €/L
      Dyzelinas: 1.859 €/L → 1.879 €/L
  ~ Baltic Petroleum — Vilnius, Metalo g. 4B
      95 benzinas: 1.809 €/L → 1.779 €/L
      Dyzelinas: 1.899 €/L → 1.889 €/L
  ~ Baltic Petroleum — Širvintos, Musninkų g. 21
      95 benzinas: 1.699 €/L → 1.739 €/L
      Dyzelinas: 1.869 €/L → 1.899 €/L
      Dujos: 0.829 €/L → 0.799 €/L
  ~ Baltic Petroleum — Vilkaraisčio k.
      95 benzinas: 1.830 €/L → 1.710 €/L
      Dyzelinas: 1.930 €/L → 1.880 €/L
      Dujos: 0.860 €/L → 0.820 €/L
  ~ Baltic Petroleum — Panevėžys, Smėlynės g. 169
      95 benzinas: 1.799 €/L → 1.769 €/L
      Dyzelinas: 1.939 €/L → 1.859 €/L
  ~ Baltic Petroleum — Šilalė, Rytinio Kelio g. 2
      Dyzelinas: 1.939 €/L → 1.859 €/L
  ~ Baltic Petroleum — Pietarių k. Kauno g. 164
      95 benzinas: 1.699 €/L → 1.739 €/L
      Dyzelinas: 1.869 €/L → 1.899 €/L
      Dujos: 0.829 €/L → 0.939 €/L
  ~ Baltic Petroleum — Vilnius, Molėtų pl. 27A
      95 benzinas: 1.759 €/L → 1.739 €/L
      Dyzelinas: 1.899 €/L → 1.869 €/L
  ~ Baltic Petroleum — Marijampolė, Vasaros g. 15
      95 benzinas: 1.699 €/L → 1.739 €/L
      Dyzelinas: 1.869 €/L → 1.899 €/L
      Dujos: 0.829 €/L → 0.899 €/L
  ~ Baltic Petroleum — Užuovėjos k.
      95 benzinas: 1.789 €/L → 1.759 €/L
      Dyzelinas: 1.919 €/L → 1.879 €/L
  ~ Baltic Petroleum — Kaunas, Vaidoto g. 153
      95 benzinas: 1.899 €/L → 1.849 €/L
      Dyzelinas: 1.979 €/L → 1.949 €/L
  ~ Baltic Petroleum — Triliškių k., Kauno pl. 5
      95 benzinas: 1.839 €/L → 1.809 €/L
      Dyzelinas: 1.969 €/L → 1.929 €/L
  ~ Baltic Petroleum — Pagirių k., Marijampolės g. 1
      Dyzelinas: 1.959 €/L → 1.929 €/L
  ~ Baltic Petroleum — Spanėnų k., Plento g. 46
      95 benzinas: 1.849 €/L → 1.819 €/L
      Dyzelinas: 1.979 €/L → 1.949 €/L
  ~ Baltic Petroleum — Kalnujų k. 1
      95 benzinas: 1.799 €/L → 1.789 €/L
      Dyzelinas: 1.989 €/L → 1.969 €/L
  ~ Baltic Petroleum — Klaipėda, Liepų g. 79A
      95 benzinas: 1.759 €/L → 1.699 €/L
      Dyzelinas: 1.869 €/L → 1.829 €/L
  ~ Baltic Petroleum — Rietavas, Dariaus ir Girėno g. 19
      Dyzelinas: 1.949 €/L → 1.889 €/L
  ~ Baltic Petroleum — Jonava, Žemaitės g. 1
      95 benzinas: 1.879 €/L → 1.819 €/L
      Dyzelinas: 1.979 €/L → 1.949 €/L
  ~ Baltic Petroleum — Senoji Varėna, Vilniaus g. 6A
      95 benzinas: 1.939 €/L → 1.739 €/L
      Dyzelinas: 2.069 €/L → 1.899 €/L
  ~ Baltic Petroleum — Griškabūdis
      Dyzelinas: 1.930 €/L → 1.900 €/L
  ~ Baltic Petroleum — Šiauliai, Kupiškio g. 4
      95 benzinas: 1.759 €/L → 1.739 €/L
      Dyzelinas: 1.939 €/L → 1.889 €/L
  ~ Baltic Petroleum — Sarakiškių k., Vytauto g. 61
      95 benzinas: 1.829 €/L → 1.799 €/L
      Dyzelinas: 1.969 €/L → 1.899 €/L
  ~ Baltic Petroleum — Noriūnų k., Parko g. 3A
      95 benzinas: 1.729 €/L → 1.719 €/L
      Dyzelinas: 1.869 €/L → 1.839 €/L
  ~ Baltic Petroleum — Klišių k., Pievų g. 2
      Dyzelinas: 1.950 €/L → 1.890 €/L
  ~ Baltic Petroleum — Veiverių k.
      95 benzinas: 1.899 €/L → 1.879 €/L
      Dyzelinas: 2.039 €/L → 2.019 €/L
  ~ Baltic Petroleum — Marijampolė, P. Armino g. 69
      95 benzinas: 1.699 €/L → 1.739 €/L
      Dyzelinas: 1.869 €/L → 1.899 €/L
      Dujos: 0.829 €/L → 0.859 €/L
  ~ Baltic Petroleum — Radviliškis, Šiaulių g. 1A
      95 benzinas: 1.819 €/L → 1.759 €/L
      Dyzelinas: 1.919 €/L → 1.869 €/L
      Dujos: 0.870 €/L → 0.860 €/L
  ~ Baltic Petroleum — Aukštikalnio k., Mūšos g. 19
      95 benzinas: 1.750 €/L → 1.700 €/L
      Dyzelinas: 1.900 €/L → 1.840 €/L
  ~ Baltic Petroleum — Anykščiai, Mindaugo g. 23
      95 benzinas: 1.699 €/L → 1.729 €/L
      Dyzelinas: 1.869 €/L → 1.899 €/L
      Dujos: 0.829 €/L → 0.849 €/L
  ~ Baltic Petroleum — Gargždai, Dariaus ir Girėno g. 10
      95 benzinas: 1.759 €/L → 1.729 €/L
      Dyzelinas: 1.899 €/L → 1.869 €/L
  ~ Bemija — Dariaus ir Girėmo g. 31, Ukmergė
      95 benzinas: 1.810 €/L → 1.760 €/L
      Dyzelinas: 1.910 €/L → 1.860 €/L
  ~ Bonsa — Tilžės pl. 46, Taurai
      95 benzinas: 1.699 €/L → 1.689 €/L
      Dyzelinas: 1.839 €/L → 1.809 €/L
  ~ Boost Petrol — Ginkūnų k., Aušros g. 26
      95 benzinas: 1.869 €/L → 1.849 €/L
      Dyzelinas: 1.959 €/L → 1.949 €/L
      Dujos: 0.939 €/L → 0.929 €/L
  ~ Boost Petrol — Kęstučio g. 1B, Kelmė
      95 benzinas: 1.869 €/L → 1.849 €/L
      Dyzelinas: 1.979 €/L → 1.949 €/L
      Dujos: 0.939 €/L → 0.929 €/L
  ~ Boost Petrol — Kuršukų k., Plento g. 1
      95 benzinas: 1.899 €/L → 1.869 €/L
      Dyzelinas: 2.019 €/L → 1.989 €/L
      Dujos: 0.959 €/L → 0.939 €/L
  ~ Boost Petrol — Marvelės g. 132, Kaunas
      95 benzinas: 1.879 €/L → 1.849 €/L
      Dyzelinas: 1.989 €/L → 1.949 €/L
      Dujos: 0.950 €/L → 0.940 €/L
  ~ Boost Petrol — Dubijos g. 36
      95 benzinas: 1.909 €/L → 1.869 €/L
      Dyzelinas: 2.049 €/L → 1.989 €/L
  ~ Boost Petrol — Smėlinkos k.
      95 benzinas: 1.820 €/L → 1.800 €/L
      Dyzelinas: 1.950 €/L → 1.930 €/L
      Dujos: 0.890 €/L → 0.870 €/L
  ~ Boost Petrol — Zarasų g. 9, Utena
      95 benzinas: 1.839 €/L → 1.809 €/L
      Dyzelinas: 1.949 €/L → 1.929 €/L
      Dujos: 0.899 €/L → 0.879 €/L
  ~ Boost Petrol — Maironių k., Kuršių g. 2
      Dyzelinas: 1.920 €/L → 1.890 €/L
      Dujos: 0.850 €/L → 0.840 €/L
  ~ Borusta — Vilniaus g. 2a, Aukštadvaris
      95 benzinas: 1.760 €/L → 1.820 €/L
      Dyzelinas: 1.870 €/L → 1.920 €/L
  ~ Borusta — Piliakalnio g. 3, Stakliškės
      95 benzinas: 1.759 €/L → 1.800 €/L
      Dyzelinas: 1.869 €/L → 1.890 €/L
      Dujos: 0.889 €/L → 0.890 €/L
  ~ Borusta — Prienų g. 14, Birštonas
      95 benzinas: 1.759 €/L → 1.820 €/L
      Dyzelinas: 1.869 €/L → 1.920 €/L
      Dujos: 0.879 €/L → 0.850 €/L
  ~ Circle K — Baltupio g. 10, Vilnius
      95 benzinas: 1.804 €/L → 1.790 €/L
      Dyzelinas: 1.914 €/L → 1.869 €/L
  ~ Circle K — A. P. Kavoliuko g. 32A, Vilnius
      95 benzinas: 1.834 €/L → 1.837 €/L
      Dyzelinas: 1.939 €/L → 1.909 €/L
  ~ Circle K — Sporto g. 16A, Vilnius
      Dyzelinas: 1.979 €/L → 1.989 €/L
  ~ Circle K — Ukmergės g. 231, Vilnius
      95 benzinas: 1.819 €/L → 1.797 €/L
      Dyzelinas: 1.949 €/L → 1.919 €/L
  ~ Circle K — A. Goštauto g. 13, Vilnius
      95 benzinas: 1.819 €/L → 1.809 €/L
      Dyzelinas: 1.944 €/L → 1.909 €/L
  ~ Circle K — Laisvės pr. 43C, Vilnius
      95 benzinas: 1.814 €/L → 1.769 €/L
      Dyzelinas: 1.919 €/L → 1.889 €/L
  ~ Circle K — J. Tiškevičiaus g. 24, Vilnius
      95 benzinas: 1.854 €/L → 1.863 €/L
      Dyzelinas: 1.994 €/L → 1.974 €/L
  ~ Circle K — Pramonės pr. 18, Kaunas
      95 benzinas: 1.815 €/L → 1.841 €/L
      Dyzelinas: 1.914 €/L → 1.910 €/L
      Dujos: 0.949 €/L → 0.939 €/L
  ~ Circle K — Raudondvario pl. 107A, Kaunas
      95 benzinas: 1.809 €/L → 1.799 €/L
      Dyzelinas: 1.939 €/L → 1.919 €/L
      Dujos: 0.919 €/L → 0.909 €/L
  ~ Circle K — Sudervės g. 2G, Avižienių k.
      95 benzinas: 1.894 €/L → 1.829 €/L
      Dyzelinas: 2.009 €/L → 1.979 €/L
      Dujos: 0.919 €/L → 0.859 €/L
  ~ Circle K — Naujoji g. 120, Alytus
      95 benzinas: 1.819 €/L → 1.789 €/L
      Dyzelinas: 1.929 €/L → 1.919 €/L
      Dujos: 0.919 €/L → 0.958 €/L
  ~ Circle K — Dubijos g. 20A, Šiauliai
      95 benzinas: 1.799 €/L → 1.823 €/L
      Dyzelinas: 1.949 €/L → 1.909 €/L
  ~ Circle K — Talino g. 2B, Vilnius
      95 benzinas: 1.848 €/L → 1.836 €/L
      Dyzelinas: 1.919 €/L → 1.889 €/L
  ~ Circle K — Pramonės g. 17a, Šiauliai
      Dujos: 0.929 €/L → 0.919 €/L
  ~ Circle K — Sabališkių g. 1F, Elektrėnai
      95 benzinas: 1.909 €/L → 1.869 €/L
      Dyzelinas: 2.049 €/L → 1.989 €/L
      Dujos: 0.949 €/L → 0.939 €/L
  ~ Circle K — J. Basanavičiaus g. 108a, Utena
      Dujos: 0.959 €/L → 0.899 €/L
  ~ Circle K — Baltijos Kelio g. 33, Ūtos k.
      95 benzinas: 1.809 €/L → 1.779 €/L
      Dyzelinas: 1.929 €/L → 1.919 €/L
  ~ Circle K — H. Manto g. 96, Klaipėda
      Dyzelinas: 1.979 €/L → 1.949 €/L
  ~ Circle K — Kauno g. 130, Marijampolė
      95 benzinas: 1.844 €/L → 1.811 €/L
      Dyzelinas: 1.929 €/L → 1.879 €/L
      Dujos: 0.879 €/L → 0.880 €/L
  ~ Circle K — Parko g. 7A, Panevėžys
      Dyzelinas: 1.989 €/L → 1.929 €/L
  ~ Circle K — Jono Dailidės g. 10, Marijampolė
      95 benzinas: 1.814 €/L → 1.781 €/L
      Dyzelinas: 1.909 €/L → 1.859 €/L
  ~ Circle K — J. Basanavičiaus g. 40a, Kėdainiai
      95 benzinas: 1.829 €/L → 1.817 €/L
      Dyzelinas: 1.949 €/L → 1.919 €/L
  ~ Circle K — Luokės g. 70, Telšiai
      95 benzinas: 1.849 €/L → 1.829 €/L
      Dyzelinas: 1.969 €/L → 1.949 €/L
  ~ Circle K — Cintjoniškių g. 15, Šilutė
      95 benzinas: 1.824 €/L → 1.815 €/L
      Dyzelinas: 2.004 €/L → 1.955 €/L
      Dujos: 0.939 €/L → 0.900 €/L
  ~ Circle K — Savanorių g. 5, Varėna
      95 benzinas: 1.789 €/L → 1.949 €/L
      Dyzelinas: 1.959 €/L → 2.079 €/L
      Dujos: 0.929 €/L → 0.909 €/L
  ~ Circle K — Žemaitijos g. 57, Mažeikiai
      Dujos: 0.919 €/L → 0.909 €/L
  ~ Circle K — Sidabros g. 2A, Satkūnų k.
      Dyzelinas: 2.009 €/L → 1.999 €/L
      Dujos: 0.925 €/L → 0.885 €/L
  ~ Circle K — Vasario 16-osios g. 33, Jonava
      95 benzinas: 1.859 €/L → 1.807 €/L
      Dyzelinas: 1.989 €/L → 1.929 €/L
      Dujos: 0.949 €/L → 0.909 €/L
  ~ Circle K — Geležinio Vilko g. 39, Vilnius
      95 benzinas: 1.819 €/L → 1.809 €/L
      Dyzelinas: 1.944 €/L → 1.909 €/L
  ~ Circle K — Gedimino g. 42B, Radviliškis
      Dujos: 0.930 €/L → 0.950 €/L
  ~ Circle K — Gedimino g. 47, Tauragė
      95 benzinas: 1.829 €/L → 1.808 €/L
      Dyzelinas: 1.949 €/L → 1.869 €/L
  ~ Circle K — Panevėžio aplinkl. 20, Šilagalio k.
      95 benzinas: 1.809 €/L → 1.779 €/L
      Dyzelinas: 1.929 €/L → 1.919 €/L
  ~ Circle K — Vakarinis aplinkkelis 10, Kaunas
      95 benzinas: 1.792 €/L → 1.780 €/L
      Dyzelinas: 1.934 €/L → 1.869 €/L
  ~ Circle K — Žemaičių pl. 19, Kaunas
      95 benzinas: 1.779 €/L → 1.766 €/L
      Dyzelinas: 1.899 €/L → 1.839 €/L
  ~ Circle K — Dvaro g. 3, Košių II k.
      95 benzinas: 1.959 €/L → 1.939 €/L
      Dyzelinas: 2.099 €/L → 2.089 €/L
      Dujos: 0.989 €/L → 0.949 €/L
  ~ Circle K — Vilniaus pl. 21, Jakų k.
      95 benzinas: 1.929 €/L → 1.899 €/L
      Dyzelinas: 2.039 €/L → 2.019 €/L
      Dujos: 0.940 €/L → 0.930 €/L
  ~ Circle K — Geležinio Vilko g. 24, Vilnius
      95 benzinas: 1.799 €/L → 1.790 €/L
      Dyzelinas: 1.919 €/L → 1.869 €/L
  ~ Circle K — Kilučių g. 93, Biržai
      Dyzelinas: 1.999 €/L → 1.974 €/L
      Dujos: 0.960 €/L → 0.940 €/L
  ~ Circle K — J. Basanavičiaus g. 3, Utena
      95 benzinas: 1.779 €/L → 1.809 €/L
      Dyzelinas: 1.919 €/L → 1.889 €/L
      Dujos: 0.889 €/L → 0.919 €/L
  ~ Circle K — Vilkaviškio g. 10, Serdokų k.
      95 benzinas: 1.819 €/L → 1.787 €/L
      Dyzelinas: 2.029 €/L → 1.999 €/L
  ~ Circle K — Taikos pr. 112A, Klaipėda
      95 benzinas: 1.855 €/L → 1.835 €/L
      Dyzelinas: 2.005 €/L → 1.925 €/L
      Dujos: 0.920 €/L → 0.880 €/L
  ~ Circle K — Pikelių k. 1
      95 benzinas: 1.959 €/L → 1.939 €/L
      Dyzelinas: 2.099 €/L → 2.089 €/L
      Dujos: 0.989 €/L → 0.949 €/L
  ~ Circle K — Vilniaus g. 62, Šiauliai
      95 benzinas: 1.769 €/L → 1.793 €/L
      Dyzelinas: 1.919 €/L → 1.879 €/L
  ~ Circle K — Varnių g. 46, Kaunas
      95 benzinas: 1.769 €/L → 1.789 €/L
      Dyzelinas: 1.899 €/L → 1.889 €/L
  ~ Circle K — Oslo g. 12, Vilnius
      95 benzinas: 1.789 €/L → 1.804 €/L
      Dyzelinas: 1.909 €/L → 1.849 €/L
  ~ Circle K — Dariaus ir Girėno g. 83A, Tauragė
      95 benzinas: 1.799 €/L → 1.734 €/L
      Dyzelinas: 1.919 €/L → 1.839 €/L
  ~ Circle K — Savanorių pr. 118, Vilnius
      95 benzinas: 1.804 €/L → 1.814 €/L
      Dyzelinas: 1.914 €/L → 1.859 €/L
  ~ Circle K — P. Žadeikos g. 1a, Vilnius
      Dyzelinas: 1.919 €/L → 1.899 €/L
  ~ Circle K — Savanorių pr. 119A, Vilnius
      95 benzinas: 1.804 €/L → 1.814 €/L
      Dyzelinas: 1.914 €/L → 1.859 €/L
  ~ Circle K — Kareivių g. 3, Vilnius
      95 benzinas: 1.804 €/L → 1.778 €/L
      Dyzelinas: 1.919 €/L → 1.859 €/L
  ~ Circle K — Geležinio Vilko g. 4, Vilnius
      95 benzinas: 1.819 €/L → 1.809 €/L
      Dyzelinas: 1.944 €/L → 1.909 €/L
  ~ Circle K — Gariūnų g. 45, Vilnius
      95 benzinas: 1.799 €/L → 1.814 €/L
      Dyzelinas: 1.919 €/L → 1.859 €/L
  ~ Circle K — Savanorių pr. 404B, Kaunas
      95 benzinas: 1.789 €/L → 1.769 €/L
      Dyzelinas: 1.929 €/L → 1.879 €/L
      Dujos: 0.919 €/L → 0.909 €/L
  ~ Circle K — Tvirtovės alėja 33a, Kaunas
      95 benzinas: 1.809 €/L → 1.829 €/L
  ~ Circle K — Tilžės g. 25, Šiauliai
      95 benzinas: 1.799 €/L → 1.794 €/L
      Dyzelinas: 1.929 €/L → 1.924 €/L
  ~ Circle K — Tilžės g. 56A, Klaipėda
      95 benzinas: 1.784 €/L → 1.744 €/L
      Dyzelinas: 1.909 €/L → 1.829 €/L
  ~ Circle K — Sausio 15-osios g. 2, Klaipėda
      95 benzinas: 1.804 €/L → 1.764 €/L
      Dyzelinas: 1.929 €/L → 1.849 €/L
  ~ Circle K — Klaipėdos g. 92A, Panevėžys
      Dyzelinas: 1.969 €/L → 1.909 €/L
  ~ Circle K — Molėtų g. 15, Didžiosios Riešės k.
      95 benzinas: 1.759 €/L → 1.780 €/L
      Dyzelinas: 1.879 €/L → 1.829 €/L
  ~ Degta — Vievis, Kauno g. 55A
      95 benzinas: 1.959 €/L → –
      Dyzelinas: 2.099 €/L → –
      Dujos: 0.959 €/L → –
  ~ Degta — Anykščiai, Vienuolio g. 34A
      95 benzinas: 1.769 €/L → –
      Dyzelinas: 1.999 €/L → –
      Dujos: 0.879 €/L → –
  ~ Degta — Rokiškis, Respublikos g.113B,
      95 benzinas: 1.899 €/L → –
      Dyzelinas: 2.013 €/L → –
      Dujos: 0.899 €/L → –
  ~ Deliuvis — Pušaloto g. 140, Panevėžys
      Dyzelinas: 1.899 €/L → 1.859 €/L
      Dujos: 0.889 €/L → 0.789 €/L
  ~ Deliuvis — G.Petkevičaitės-Bitės 35C, Panevėžys
      Dyzelinas: 1.899 €/L → 1.859 €/L
      Dujos: 0.889 €/L → 0.789 €/L
  ~ Deliuvis — S.Kerbedžio 2, Panevėžys
      Dyzelinas: 1.899 €/L → 1.859 €/L
      Dujos: 0.889 €/L → 0.789 €/L
  ~ Dujotena — Molėtų g. 94, Utena
      Dujos: 0.890 €/L → –
  ~ DVS Topolis — Panevėžio 7c, Rokiškis
      Dujos: 0.959 €/L → –
  ~ Emsi — Ūdrijos g.2, Alytus
      95 benzinas: 1.770 €/L → 1.760 €/L
      Dyzelinas: 1.920 €/L → 1.880 €/L
      Dujos: 0.860 €/L → 0.850 €/L
  ~ Emsi — Žemaičių g. 34, Ariogala
      95 benzinas: 1.859 €/L → 1.799 €/L
      Dyzelinas: 1.999 €/L → 1.959 €/L
      Dujos: 0.899 €/L → 0.879 €/L
  ~ Emsi — Ateities pl.40B, Kaunas
      Dyzelinas: 1.919 €/L → 1.899 €/L
  ~ Emsi — Jaunimo g.2a, Biržai
      Dyzelinas: 1.939 €/L → 1.899 €/L
      Dujos: 0.890 €/L → 0.870 €/L
  ~ Emsi — Bukiškio k. Ukmergės g.437
      Dyzelinas: 1.939 €/L → 1.899 €/L
  ~ Emsi — Draugystės g.8B, Kaunas
      Dyzelinas: 1.889 €/L → 1.859 €/L
      Dujos: 0.879 €/L → 0.869 €/L
  ~ Emsi — Vilnius, Spyglių g. 2
      95 benzinas: 1.839 €/L → 1.779 €/L
      Dyzelinas: 1.979 €/L → 1.899 €/L
      Dujos: 0.899 €/L → 0.879 €/L
  ~ Emsi — Ilgakiemio k., Kauno g.25
      95 benzinas: 1.799 €/L → 1.759 €/L
      Dyzelinas: 1.929 €/L → 1.899 €/L
      Dujos: 0.860 €/L → 0.850 €/L
  ~ Emsi — Jeruzalės 2, Vilnius
      95 benzinas: 1.779 €/L → 1.739 €/L
      Dyzelinas: 1.969 €/L → 1.889 €/L
      Dujos: 0.859 €/L → 0.839 €/L
  ~ Emsi — Vasario 16-osios g.70, Jonava
      95 benzinas: 1.819 €/L → 1.749 €/L
      Dyzelinas: 1.949 €/L → 1.889 €/L
  ~ Emsi — Durpyno 63, Jonušų k.
      95 benzinas: 1.839 €/L → 1.779 €/L
      Dyzelinas: 1.949 €/L → 1.899 €/L
      Dujos: 0.890 €/L → 0.880 €/L
  ~ Emsi — Juodgirio k.1,
      95 benzinas: 1.859 €/L → 1.799 €/L
      Dyzelinas: 1.999 €/L → 1.959 €/L
      Dujos: 0.899 €/L → 0.879 €/L
  ~ Emsi — Medelyno g.126 Kalotės k.
      95 benzinas: 1.790 €/L → 1.770 €/L
      Dyzelinas: 1.940 €/L → 1.890 €/L
      Dujos: 0.860 €/L → 0.820 €/L
  ~ Emsi — Kareivių g. 4, Vilnius
      95 benzinas: 1.799 €/L → 1.759 €/L
      Dyzelinas: 1.919 €/L → 1.889 €/L
  ~ Emsi — Jonavos g. 292B, Kaunas
      95 benzinas: 1.779 €/L → 1.759 €/L
      Dyzelinas: 1.929 €/L → 1.879 €/L
      Dujos: 0.850 €/L → 0.810 €/L
  ~ Emsi — Kirtimų g. 33, Vilnius
      Dyzelinas: 1.909 €/L → 1.879 €/L
  ~ Emsi — Laisvės pr. 80B, Vilnius
      95 benzinas: 1.779 €/L → 1.759 €/L
      Dyzelinas: 1.919 €/L → 1.869 €/L
  ~ Emsi — Sodų g.3A, Lentvaris
      Dyzelinas: 1.910 €/L → 1.890 €/L
  ~ Emsi — Liepkalnio g.112A, Vilnius
      Dyzelinas: 1.959 €/L → 1.899 €/L
      Dujos: 0.890 €/L → 0.830 €/L
  ~ Emsi — Liuksemburgo aklg. 27, Kaunas
      Dyzelinas: 1.949 €/L → 1.899 €/L
  ~ Emsi — Mokyklos g. 26, Maišiagalos mstl.
      Dyzelinas: 1.939 €/L → 1.899 €/L
  ~ Emsi — Stoties g. 6B, Marijampolė
      95 benzinas: 1.779 €/L → 1.729 €/L
      Dyzelinas: 1.939 €/L → 1.859 €/L
      Dujos: 0.860 €/L → 0.820 €/L
  ~ Emsi — Masiulio g.16C, Kaunas
      95 benzinas: 1.779 €/L → 1.739 €/L
      Dyzelinas: 1.899 €/L → 1.879 €/L
      Dujos: 0.879 €/L → 0.869 €/L
  ~ Emsi — Marijampolės g. 58, Mastaičių k.
      95 benzinas: 1.799 €/L → 1.759 €/L
      Dyzelinas: 1.929 €/L → 1.899 €/L
      Dujos: 0.860 €/L → 0.850 €/L
  ~ Emsi — Medininkų k., Pasieniečių g.10
      Dyzelinas: 1.999 €/L → 1.969 €/L
  ~ Emsi — Minijos g.154A, Klaipėda
      95 benzinas: 1.770 €/L → 1.750 €/L
      Dyzelinas: 1.920 €/L → 1.840 €/L
      Dujos: 0.850 €/L → 0.810 €/L
  ~ Emsi — Savanorių pr.402A, Kaunas
      95 benzinas: 1.759 €/L → 1.739 €/L
      Dyzelinas: 1.899 €/L → 1.859 €/L
      Dujos: 0.869 €/L → 0.859 €/L
  ~ Emsi — Taikos g.1, Kreivalaužių k.
      95 benzinas: 1.830 €/L → 1.710 €/L
      Dyzelinas: 1.930 €/L → 1.880 €/L
      Dujos: 0.860 €/L → 0.820 €/L
  ~ Emsi — Nemuno g.79A, Panevėžys
      Dyzelinas: 1.919 €/L → 1.859 €/L
  ~ Emsi — Palemono g. 3A, Kaunas
      Dyzelinas: 1.890 €/L → 1.870 €/L
  ~ Emsi — Pasvalys, Taikos g.24
      95 benzinas: 1.759 €/L → 1.709 €/L
      Dyzelinas: 1.919 €/L → 1.849 €/L
      Dujos: 0.860 €/L → 0.850 €/L
  ~ Emsi — Paukštininkų g.4a, Kaišiadorys
      95 benzinas: 1.839 €/L → 1.799 €/L
      Dyzelinas: 1.959 €/L → 1.899 €/L
      Dujos: 0.870 €/L → 0.860 €/L
  ~ Emsi — Kauno g.165, Pietarių k.
      95 benzinas: 1.779 €/L → 1.699 €/L
      Dyzelinas: 1.939 €/L → 1.839 €/L
      Dujos: 0.869 €/L → 0.829 €/L
  ~ Emsi — Pajautos g. 31, Vilnius (Pilaitė)
      95 benzinas: 1.799 €/L → 1.759 €/L
      Dyzelinas: 1.919 €/L → 1.869 €/L
  ~ Emsi — Miško g.62, Radviliškis
      95 benzinas: 1.819 €/L → 1.719 €/L
      Dyzelinas: 1.919 €/L → 1.859 €/L
  ~ Emsi — Ramygalos g.186A, Panevėžys
      95 benzinas: 1.759 €/L → 1.739 €/L
      Dyzelinas: 1.919 €/L → 1.839 €/L
  ~ Emsi — Raščių k. 1A
      95 benzinas: 1.779 €/L → 1.759 €/L
      Dyzelinas: 1.959 €/L → 1.899 €/L
      Dujos: 0.899 €/L → 0.879 €/L
  ~ Emsi — Sausių g.2 Sausių k..
      95 benzinas: 1.790 €/L → 1.750 €/L
      Dyzelinas: 1.930 €/L → 1.870 €/L
      Dujos: 0.890 €/L → 0.850 €/L
  ~ Emsi — Savanorių 225, Vilnius
      Dyzelinas: 1.919 €/L → 1.889 €/L
  ~ Emsi — Sereikonių k., Baltijos kelio g.2
      95 benzinas: 1.769 €/L → 1.709 €/L
      Dyzelinas: 1.919 €/L → 1.849 €/L
      Dujos: 0.889 €/L → 0.879 €/L
  ~ Emsi — Sembos g.5, Šiauliai
      95 benzinas: 1.779 €/L → 1.759 €/L
      Dyzelinas: 1.909 €/L → 1.859 €/L
  ~ Emsi — Šilagalio k., Panevėžio aplinkl.12
      95 benzinas: 1.779 €/L → 1.739 €/L
      Dyzelinas: 1.919 €/L → 1.859 €/L
  ~ Emsi — Gluosnių g.4A, Šilutė
      95 benzinas: 1.750 €/L → 1.730 €/L
      Dyzelinas: 1.930 €/L → 1.870 €/L
      Dujos: 0.870 €/L → 0.830 €/L
  ~ Emsi — Skaisčiūnų k., Europos g.11
      95 benzinas: 1.779 €/L → 1.739 €/L
      Dyzelinas: 1.939 €/L → 1.859 €/L
      Dujos: 0.869 €/L → 0.829 €/L
  ~ Emsi — Taikos pr.124, Klaipėda
      95 benzinas: 1.770 €/L → 1.750 €/L
      Dyzelinas: 1.920 €/L → 1.840 €/L
      Dujos: 0.850 €/L → 0.810 €/L
  ~ Emsi — Gunkliškių g.2F, Vilnius
      Dyzelinas: 1.919 €/L → 1.899 €/L
  ~ Emsi — Vandžiogalos pl.86A, Kaunas
      Dyzelinas: 1.950 €/L → 1.920 €/L
      Dujos: 0.880 €/L → 0.860 €/L
  ~ Emsi — S.Nėries g.38, Vilkaviškis
      95 benzinas: 1.739 €/L → 1.729 €/L
  ~ Emsi — Žemaitkiemis, Stasio Krasausko g. 21
      95 benzinas: 1.779 €/L → 1.759 €/L
      Dyzelinas: 1.959 €/L → 1.899 €/L
      Dujos: 0.899 €/L → 0.879 €/L
  ~ Eniris — Tauragės g. 29, Rimšų k.
      95 benzinas: 1.910 €/L → 1.890 €/L
      Dyzelinas: 2.040 €/L → 1.990 €/L
  ~ Eniris — Puttvinskio g. 29, Kelmė
      Dyzelinas: 1.899 €/L → 1.829 €/L
      Dujos: 0.849 €/L → 0.799 €/L
  ~ Eniris — Dariaus ir Girėno g. 31, Plungė
      95 benzinas: 1.850 €/L → 1.830 €/L
      Dyzelinas: 1.990 €/L → 1.930 €/L
  ~ Eniris — Jurbarko g. 34, Raseiniai
      95 benzinas: 1.730 €/L → 1.710 €/L
      Dyzelinas: 1.930 €/L → 1.880 €/L
      Dujos: 0.860 €/L → 0.880 €/L
  ~ Eniris — Adakavo g. 1, Skaudvilė
      95 benzinas: 1.910 €/L → 1.890 €/L
      Dyzelinas: 2.040 €/L → 1.990 €/L
  ~ Eniris — Rytinio Kelio g. 2a, Šilalė
      Dyzelinas: 1.920 €/L → 1.850 €/L
  ~ Eniris — Mažeikių g. 1, Telšiai
      Dyzelinas: 1.950 €/L → 1.930 €/L
  ~ Eniris — Minijos g. 1, Aleksandravo k.
      95 benzinas: 1.850 €/L → 1.830 €/L
      Dujos: 0.960 €/L → 0.890 €/L
  ~ Eniris — Žemaitės g. 52, Užventis
      Dyzelinas: 1.930 €/L → 1.890 €/L
  ~ Eniris — Kalnuotės 1 k.
      95 benzinas: 1.849 €/L → 1.749 €/L
      Dyzelinas: 1.959 €/L → 1.889 €/L
      Dujos: 0.919 €/L → 0.899 €/L
  ~ Eniris — Beržų g. 24/Drąsiųjų 7, Tryškiai
      95 benzinas: 1.890 €/L → 1.830 €/L
      Dyzelinas: 1.990 €/L → 1.960 €/L
      Dujos: 0.940 €/L → 0.920 €/L
  ~ Eu Verslas — Viekšnių g. 24, Mažeikiai
      95 benzinas: 1.689 €/L → 1.749 €/L
      Dyzelinas: 1.829 €/L → 1.869 €/L
      Dujos: 0.819 €/L → 0.849 €/L
  ~ Eu Verslas — Telšių g. 127, Jovaišiškės k.
      95 benzinas: 1.790 €/L → 1.769 €/L
      Dyzelinas: 1.920 €/L → 1.869 €/L
      Dujos: 0.850 €/L → 0.860 €/L
  ~ Eu Verslas — Stoties g. 7C, Plungė
      95 benzinas: 1.790 €/L → 1.770 €/L
      Dyzelinas: 1.920 €/L → 1.870 €/L
      Dujos: 0.850 €/L → 0.840 €/L
  ~ Eu Verslas — Rietavo g. 107, Pakerų k.
      Dyzelinas: 1.869 €/L → 1.849 €/L
  ~ Gazimpeksas — Tverai, Rietavo g. 32
      95 benzinas: – → 1.750 €/L
      Dyzelinas: – → 1.940 €/L
      Dujos: – → 0.850 €/L
  ~ Gazimpeksas — Skuodas,Vytauto g. 20
      Dujos: – → 0.850 €/L
  ~ Gazimpeksas — Telšiai, Mažeikių g. 7A
      Dujos: – → 0.850 €/L
  ~ Gelvybė — Muitinės g. 32, Jurbarkas
      Dyzelinas: 1.950 €/L → 1.890 €/L
  ~ Gelvybė — Knygnešių g. 9, Jurbarkas
      Dyzelinas: 1.950 €/L → 1.890 €/L
  ~ Gelvybė — Aristavos g. 4, Aristava
      Dyzelinas: 1.950 €/L → 1.910 €/L
  ~ Gelvybė — Sūduvos g. 3, Kiduliai
      Dyzelinas: 1.950 €/L → 1.890 €/L
  ~ Gelvybė — Kauno g. 50, Girėnai
      Dyzelinas: 1.950 €/L → 1.910 €/L
  ~ Gelvybė — S. Šimkaus g. 69, Seredžius
      Dyzelinas: 1.950 €/L → 1.910 €/L
  ~ Gelvybė — S. Daukanto g. 66, Jurbarkas
      Dyzelinas: 1.950 €/L → 1.890 €/L
  ~ I.Stonkuvienės prekybos įmonė — Kretingos 51, Kartena
      95 benzinas: – → 1.860 €/L
      Dyzelinas: – → 2.120 €/L
  ~ Jozita — Šolių k., Pietinio Kelio g. 9
      95 benzinas: 1.750 €/L → 1.790 €/L
      Dyzelinas: 1.820 €/L → 1.890 €/L
  ~ Jozita — Vilnius, Ukmergės g. 130
      95 benzinas: 1.750 €/L → 1.790 €/L
      Dyzelinas: 1.820 €/L → 1.890 €/L
  ~ Jozita — Vilnius, Parko g. 64
      95 benzinas: 1.750 €/L → 1.790 €/L
      Dyzelinas: 1.820 €/L → 1.890 €/L
  ~ Jozita — Vilnius, Pramonės g. 18
      95 benzinas: 1.750 €/L → 1.790 €/L
      Dyzelinas: 1.820 €/L → 1.890 €/L
  ~ Jozita — Rudamina, Jašiūnų g. 2
      95 benzinas: 1.750 €/L → 1.790 €/L
      Dyzelinas: 1.820 €/L → 1.890 €/L
  ~ Jozita — Kaunas, Kuršių 13A
      95 benzinas: 1.750 €/L → 1.790 €/L
      Dyzelinas: 1.820 €/L → 1.790 €/L
  ~ Jozita — Kaunas, Jonavos g. 51
      95 benzinas: 1.750 €/L → 1.790 €/L
      Dyzelinas: 1.820 €/L → 1.790 €/L
  ~ Jozita — Kaunas, Betygalos g. 8
      95 benzinas: 1.750 €/L → 1.790 €/L
      Dyzelinas: 1.820 €/L → 1.790 €/L
  ~ Jozita — Kaunas, Baltų pr. 141A
      95 benzinas: 1.750 €/L → 1.790 €/L
      Dyzelinas: 1.820 €/L → 1.790 €/L
  ~ Jozita — Kaunas, Partizanų g. 87G
      95 benzinas: 1.750 €/L → 1.790 €/L
      Dyzelinas: 1.820 €/L → 1.790 €/L
  ~ Jozita — Garliava, Vytauto g. 111A
      95 benzinas: 1.750 €/L → 1.790 €/L
      Dyzelinas: 1.820 €/L → 1.790 €/L
  ~ Jozita — Ramučiai, K. Bielinio g. 2A
      95 benzinas: 1.750 €/L → 1.790 €/L
      Dyzelinas: 1.820 €/L → 1.790 €/L
  ~ Jozita — Klipščių k., Šilelių g.1
      95 benzinas: 1.750 €/L → 1.790 €/L
      Dyzelinas: 1.820 €/L → 1.790 €/L
  ~ Jozita — Klaipėda, Taikos pr. 157
      95 benzinas: 1.750 €/L → 1.790 €/L
      Dyzelinas: 1.820 €/L → 1.790 €/L
  ~ Jozita — Gargždai, Gamyklos g. 1
      95 benzinas: 1.680 €/L → 1.790 €/L
      Dyzelinas: 1.820 €/L → 1.790 €/L
  ~ Jozita — Trepkalnių k., Mokyklos g. 2
      95 benzinas: 1.750 €/L → 1.790 €/L
      Dyzelinas: 1.820 €/L → 1.790 €/L
  ~ Jozita — Šiauliai, Architektų g. 80
      95 benzinas: 1.750 €/L → 1.790 €/L
      Dyzelinas: 1.820 €/L → 1.790 €/L
  ~ Jozita — Šiauliai, Girulių g. 1
      95 benzinas: 1.750 €/L → 1.790 €/L
      Dyzelinas: 1.820 €/L → 1.790 €/L
  ~ Jozita — Toliočiai, Plento g. 2B
      95 benzinas: 1.750 €/L → 1.790 €/L
      Dyzelinas: 1.820 €/L → 1.790 €/L
  ~ Jozita — Kelmė, V.Putvinskio g. 37
      95 benzinas: 1.750 €/L → 1.790 €/L
      Dyzelinas: 1.820 €/L → 1.790 €/L
  ~ Jozita — Raseiniai, Maironio g. 78b
      95 benzinas: 1.750 €/L → 1.790 €/L
      Dyzelinas: 1.820 €/L → 1.890 €/L
  ~ Jozita — Kuosiškių k. 4
      95 benzinas: 1.680 €/L → 1.790 €/L
      Dyzelinas: 1.820 €/L → 1.890 €/L
  ~ Jozita — Traksėdžių k., Klaipėdos. 1
      95 benzinas: 1.750 €/L → 1.790 €/L
      Dyzelinas: 1.820 €/L → 1.890 €/L
  ~ Jozita — Varkaliai, Žemaičių g. 2A
      95 benzinas: 1.750 €/L → 1.790 €/L
      Dyzelinas: 1.820 €/L → 1.890 €/L
  ~ Jozita — Papušynės k, Šilalės g. 105
      95 benzinas: 1.750 €/L → 1.790 €/L
      Dyzelinas: 1.820 €/L → 1.890 €/L
  ~ Jozita — Panevėžys, S. Kerbedžio g. 7F
      95 benzinas: 1.750 €/L → 1.790 €/L
      Dyzelinas: 1.820 €/L → 1.890 €/L
  ~ Junasa — Žemaitės g. 131c
      95 benzinas: 1.749 €/L → –
      Dyzelinas: 1.899 €/L → –
      Dujos: 0.840 €/L → –
  ~ Junasa — Bačiūnų g. 12a
      95 benzinas: 1.749 €/L → –
      Dyzelinas: 1.899 €/L → –
      Dujos: 0.840 €/L → –
  ~ Junasa — M. Katiliškio g. 50, Gruzdžiai
      95 benzinas: 1.749 €/L → –
      Dyzelinas: 1.899 €/L → –
      Dujos: 0.840 €/L → –
  ~ Kenaoil — Miško g.6, Kena
      95 benzinas: – → 1.879 €/L
      Dyzelinas: – → 1.999 €/L
      Dujos: – → 0.959 €/L
  ~ Kriketas — Senkelio g. 13, Trakai
      95 benzinas: 1.949 €/L → 1.899 €/L
      Dyzelinas: 2.059 €/L → 1.999 €/L
  ~ Medelsta — Pagirių k., Durpių g.45
      Dyzelinas: 1.940 €/L → 1.920 €/L
  ~ Melkasta — Gulbiniškių k. 7
      Dujos: 0.910 €/L → 0.890 €/L
  ~ Mindega — Ramygalos g 55, Šėta
      95 benzinas: 1.840 €/L → –
      Dyzelinas: 1.900 €/L → –
  ~ Naftrus — Šilo g. 1, Ylių k.
      Dyzelinas: 1.950 €/L → 1.920 €/L
  ~ Naftrus — Pievų g. 17, Slabados k.
      Dyzelinas: 1.940 €/L → 1.910 €/L
      Dujos: 0.850 €/L → 0.800 €/L
  ~ Naftrus — Topolių g. 1, Degučių k.
      Dujos: 0.860 €/L → 0.850 €/L
  ~ Naftrus — Vilniaus g. 3B, Raseiniai
      95 benzinas: 1.710 €/L → 1.790 €/L
      Dyzelinas: 1.880 €/L → 1.890 €/L
      Dujos: 0.860 €/L → 0.790 €/L
  ~ Narjanta — Sausalaukės k. 2
      95 benzinas: 1.819 €/L → 1.789 €/L
  ~ Narjanta — Vilniaus g. 32, Troškūnai
      Dyzelinas: 1.999 €/L → 1.989 €/L
      Dujos: 0.899 €/L → 0.859 €/L
  ~ Narjanta — S. Nėries g. 35, Vabalninkas
      Dyzelinas: 1.999 €/L → 1.959 €/L
      Dujos: 0.890 €/L → 0.870 €/L
  ~ Narjanta — Dvariškių vs. 2
      Dyzelinas: 1.999 €/L → 1.919 €/L
      Dujos: 0.899 €/L → 0.879 €/L
  ~ Neste Lietuva — Servečės g. 2, Vilnius
      95 benzinas: 1.779 €/L → 1.749 €/L
      Dyzelinas: 1.899 €/L → 1.869 €/L
  ~ Neste Lietuva — Ukmergės g. 296, Vilnius
      95 benzinas: 1.769 €/L → 1.749 €/L
      Dyzelinas: 1.889 €/L → 1.844 €/L
  ~ Neste Lietuva — Talino g. 2C, Vilnius
      95 benzinas: 1.799 €/L → 1.779 €/L
      Dyzelinas: 1.889 €/L → 1.859 €/L
  ~ Neste Lietuva — Erfurto g. 41, Vilnius
      95 benzinas: 1.789 €/L → 1.759 €/L
      Dyzelinas: 1.909 €/L → 1.849 €/L
  ~ Neste Lietuva — Geležinio Vilko g. 63, Vilnius
      95 benzinas: 1.764 €/L → 1.744 €/L
      Dyzelinas: 1.884 €/L → 1.839 €/L
  ~ Neste Lietuva — S. Stanevičiaus g. 3, Vilnius
      95 benzinas: 1.764 €/L → 1.744 €/L
      Dyzelinas: 1.889 €/L → 1.839 €/L
  ~ Neste Lietuva — Žirmūnų g. 68B, Vilnius
      95 benzinas: 1.769 €/L → 1.744 €/L
      Dyzelinas: 1.884 €/L → 1.844 €/L
  ~ Neste Lietuva — Rygos g. 2, Vilnius
      95 benzinas: 1.779 €/L → 1.749 €/L
      Dyzelinas: 1.899 €/L → 1.869 €/L
  ~ Neste Lietuva — Savanorių pr. 220A, Vilnius
      95 benzinas: 1.779 €/L → 1.749 €/L
      Dyzelinas: 1.889 €/L → 1.839 €/L
  ~ Neste Lietuva — Parodų g. 1A, Vilnius
      95 benzinas: 1.799 €/L → 1.779 €/L
      Dyzelinas: 1.919 €/L → 1.859 €/L
  ~ Neste Lietuva — Kauno g. 26, Vilnius
      95 benzinas: 1.819 €/L → 1.799 €/L
      Dyzelinas: 1.919 €/L → 1.889 €/L
  ~ Neste Lietuva — Savanorių pr. 187, Vilnius
      95 benzinas: 1.779 €/L → 1.759 €/L
      Dyzelinas: 1.889 €/L → 1.849 €/L
  ~ Neste Lietuva — Kedrų g. 2, Vilnius
      95 benzinas: 1.829 €/L → 1.799 €/L
      Dyzelinas: 1.939 €/L → 1.919 €/L
  ~ Neste Lietuva — Molėtų pl. 8, Vilnius
      95 benzinas: 1.754 €/L → 1.719 €/L
      Dyzelinas: 1.874 €/L → 1.829 €/L
  ~ Neste Lietuva — P. Lukšio g. 22, Vilnius
      95 benzinas: 1.759 €/L → 1.739 €/L
      Dyzelinas: 1.879 €/L → 1.839 €/L
  ~ Neste Lietuva — Žirmūnų g. 54C, Vilnius
      95 benzinas: 1.769 €/L → 1.744 €/L
      Dyzelinas: 1.884 €/L → 1.844 €/L
  ~ Neste Lietuva — Subačiaus g. 64, Vilnius
      95 benzinas: 1.789 €/L → 1.779 €/L
      Dyzelinas: 1.899 €/L → 1.889 €/L
  ~ Neste Lietuva — Dariaus ir Girėno g. 17, Vilnius
      Dyzelinas: 1.899 €/L → 1.889 €/L
  ~ Neste Lietuva — Architektų g. 130, Vilnius
      95 benzinas: 1.794 €/L → 1.764 €/L
      Dyzelinas: 1.914 €/L → 1.854 €/L
  ~ Neste Lietuva — Justiniškių g. 14B, Vilnius
      95 benzinas: 1.779 €/L → 1.749 €/L
      Dyzelinas: 1.899 €/L → 1.859 €/L
  ~ Neste Lietuva — Geležinio Vilko g. 37A, Vilnius
      Dyzelinas: 1.919 €/L → 1.889 €/L
  ~ Neste Lietuva — Pilaitės pr. 27, Vilnius
      95 benzinas: 1.759 €/L → 1.729 €/L
      Dyzelinas: 1.879 €/L → 1.829 €/L
  ~ Neste Lietuva — Žirnių g. 17, Vilnius
      95 benzinas: 1.799 €/L → 1.754 €/L
      Dyzelinas: 1.919 €/L → 1.879 €/L
  ~ Neste Lietuva — J. Tiškevičiaus g. 19, Vilnius
      95 benzinas: 1.794 €/L → 1.779 €/L
      Dyzelinas: 1.904 €/L → 1.874 €/L
  ~ Neste Lietuva — Eišiškių pl. 82, Vilnius
      Dyzelinas: 1.899 €/L → 1.879 €/L
  ~ Neste Lietuva — Gariūnų g. 55, Vilnius
      95 benzinas: 1.779 €/L → 1.754 €/L
      Dyzelinas: 1.899 €/L → 1.839 €/L
  ~ Neste Lietuva — Panerių g. 42, Vilnius
      95 benzinas: 1.799 €/L → 1.779 €/L
      Dyzelinas: 1.899 €/L → 1.869 €/L
  ~ Neste Lietuva — Geležinio Vilko g. 41, Vilnius
      Dyzelinas: 1.919 €/L → 1.889 €/L
  ~ Neste Lietuva — Pramonės pr. 6A, Kaunas
      95 benzinas: 1.769 €/L → 1.759 €/L
      Dyzelinas: 1.869 €/L → 1.859 €/L
  ~ Neste Lietuva — Jonavos g. 110, Kaunas
      95 benzinas: 1.789 €/L → 1.739 €/L
      Dyzelinas: 1.889 €/L → 1.829 €/L
  ~ Neste Lietuva — Veiverių g. 132D, Kaunas
      95 benzinas: 1.779 €/L → 1.789 €/L
      Dyzelinas: 1.919 €/L → 1.899 €/L
  ~ Neste Lietuva — Žemaičių pl. 26, Kaunas
      95 benzinas: 1.759 €/L → 1.736 €/L
      Dyzelinas: 1.859 €/L → 1.819 €/L
  ~ Neste Lietuva — R. Kalantos g. 27, Kaunas
      95 benzinas: 1.779 €/L → 1.769 €/L
      Dyzelinas: 1.889 €/L → 1.869 €/L
  ~ Neste Lietuva — Ateities pl. 50B, Kaunas
      95 benzinas: 1.754 €/L → 1.719 €/L
      Dyzelinas: 1.869 €/L → 1.829 €/L
  ~ Neste Lietuva — Taikos pr. 80A, Kaunas
      95 benzinas: 1.779 €/L → 1.739 €/L
      Dyzelinas: 1.869 €/L → 1.859 €/L
  ~ Neste Lietuva — Birželio 23-iosios g. 23A, Kaunas
      95 benzinas: 1.774 €/L → 1.759 €/L
      Dyzelinas: 1.874 €/L → 1.859 €/L
  ~ Neste Lietuva — Islandijos pl. 191E, Kaunas
      95 benzinas: 1.769 €/L → 1.749 €/L
      Dyzelinas: 1.889 €/L → 1.844 €/L
  ~ Neste Lietuva — Raudondvario pl. 103, Kaunas
      95 benzinas: 1.769 €/L → 1.744 €/L
      Dyzelinas: 1.889 €/L → 1.839 €/L
  ~ Neste Lietuva — Kuršių g. 1, Kaunas
      95 benzinas: 1.759 €/L → 1.734 €/L
      Dyzelinas: 1.889 €/L → 1.839 €/L
  ~ Neste Lietuva — Vijoklių g. 1C, Ramučių k.
      95 benzinas: 1.769 €/L → 1.734 €/L
      Dyzelinas: 1.889 €/L → 1.844 €/L
  ~ Neste Lietuva — Tunelio g. 26, Kaunas
      95 benzinas: 1.779 €/L → 1.759 €/L
      Dyzelinas: 1.909 €/L → 1.889 €/L
  ~ Neste Lietuva — Vakarų g. 14, Kumpių k.
      95 benzinas: 1.774 €/L → 1.754 €/L
      Dyzelinas: 1.899 €/L → 1.849 €/L
  ~ Neste Lietuva — Savanorių pr. 441C, Kaunas
      95 benzinas: 1.759 €/L → 1.734 €/L
      Dyzelinas: 1.879 €/L → 1.844 €/L
  ~ Neste Lietuva — Vakarinis aplinkkelis 18, Kaunas
      95 benzinas: 1.769 €/L → 1.744 €/L
      Dyzelinas: 1.914 €/L → 1.849 €/L
  ~ Neste Lietuva — Europos pr. 43, Kaunas
      95 benzinas: 1.774 €/L → 1.769 €/L
      Dyzelinas: 1.914 €/L → 1.894 €/L
  ~ Neste Lietuva — Plieno g. 1, Klaipėda
      95 benzinas: 1.759 €/L → 1.739 €/L
      Dyzelinas: 1.899 €/L → 1.829 €/L
  ~ Neste Lietuva — Šilutės pl. 30, Klaipėda
      95 benzinas: 1.759 €/L → 1.729 €/L
      Dyzelinas: 1.879 €/L → 1.859 €/L
  ~ Neste Lietuva — Taikos pr. 60, Klaipėda
      95 benzinas: 1.739 €/L → 1.749 €/L
      Dyzelinas: 1.899 €/L → 1.859 €/L
  ~ Neste Lietuva — Minijos g. 119, Klaipėda
      95 benzinas: 1.749 €/L → 1.739 €/L
      Dyzelinas: 1.899 €/L → 1.859 €/L
  ~ Neste Lietuva — Artojo g. 2, Klaipėda
      95 benzinas: 1.729 €/L → 1.699 €/L
      Dyzelinas: 1.879 €/L → 1.829 €/L
  ~ Neste Lietuva — Smiltelės g. 17, Klaipėda
      95 benzinas: 1.759 €/L → 1.739 €/L
      Dyzelinas: 1.899 €/L → 1.839 €/L
  ~ Neste Lietuva — Šilutės pl. 5C, Klaipėda
      95 benzinas: 1.739 €/L → 1.709 €/L
      Dyzelinas: 1.879 €/L → 1.809 €/L
  ~ Neste Lietuva — Vilniaus pl. 9, Jakų k.
      95 benzinas: 1.789 €/L → 1.779 €/L
      Dyzelinas: 1.919 €/L → 1.899 €/L
  ~ Neste Lietuva — Sendvario g. 2, Sudmantų k.
      95 benzinas: 1.769 €/L → 1.759 €/L
      Dyzelinas: 1.939 €/L → 1.879 €/L
  ~ Neste Lietuva — Gegužių g. 28, Šiauliai
      95 benzinas: 1.749 €/L → 1.729 €/L
      Dyzelinas: 1.879 €/L → 1.849 €/L
  ~ Neste Lietuva — Tilžės g. 72, Šiauliai
      95 benzinas: 1.764 €/L → 1.734 €/L
      Dyzelinas: 1.894 €/L → 1.864 €/L
  ~ Neste Lietuva — Dubijos g. 18A, Šiauliai
      95 benzinas: 1.769 €/L → 1.759 €/L
      Dyzelinas: 1.919 €/L → 1.879 €/L
  ~ Neste Lietuva — Klaipėdos g. 81, Panevėžys
      95 benzinas: 1.764 €/L → 1.769 €/L
      Dyzelinas: 1.904 €/L → 1.859 €/L
  ~ Neste Lietuva — Ramygalos g. 145B, Panevėžys
      95 benzinas: 1.769 €/L → 1.759 €/L
      Dyzelinas: 1.899 €/L → 1.849 €/L
  ~ Neste Lietuva — Klaipėdos g. 66,  Panevėžys
      95 benzinas: 1.764 €/L → 1.769 €/L
      Dyzelinas: 1.919 €/L → 1.859 €/L
  ~ Neste Lietuva — Ąžuolpamūšio g. 1A, Raubonių k..
      95 benzinas: 1.779 €/L → 1.769 €/L
      Dyzelinas: 1.919 €/L → 1.889 €/L
  ~ Neste Lietuva — Margirio g. 1B, Panevėžys
      95 benzinas: 1.759 €/L → 1.739 €/L
      Dyzelinas: 1.899 €/L → 1.844 €/L
  ~ Neste Lietuva — Klaipėdos g. 144B, Panevėžys
      95 benzinas: 1.769 €/L → 1.739 €/L
      Dyzelinas: 1.919 €/L → 1.849 €/L
  ~ Neste Lietuva — Panevėžio aplinkl. 7, Šilagalio k.
      95 benzinas: 1.779 €/L → 1.749 €/L
      Dyzelinas: 1.899 €/L → 1.859 €/L
  ~ Neste Lietuva — Panevėžio aplinkl. 22, Šilagalio k.
      95 benzinas: 1.769 €/L → 1.729 €/L
      Dyzelinas: 1.889 €/L → 1.849 €/L
  ~ Neste Lietuva — Santaikos g. 34A, Alytus
      95 benzinas: 1.759 €/L → 1.734 €/L
      Dyzelinas: 1.889 €/L → 1.874 €/L
  ~ Neste Lietuva — Ūdrijos g. 31, Alytus
      95 benzinas: 1.759 €/L → 1.734 €/L
      Dyzelinas: 1.889 €/L → 1.874 €/L
  ~ Neste Lietuva — Stoties g. 4C, Marijampolė
      95 benzinas: 1.749 €/L → 1.729 €/L
      Dyzelinas: 1.859 €/L → 1.849 €/L
  ~ Neste Lietuva — Vilkaviškio g. 61D, Marijampolė
      95 benzinas: 1.744 €/L → 1.729 €/L
      Dyzelinas: 1.854 €/L → 1.844 €/L
  ~ Neste Lietuva — Europos g. 1, Salaperaugio k.
      95 benzinas: 1.779 €/L → 1.759 €/L
      Dyzelinas: 1.889 €/L → 1.879 €/L
  ~ Neste Lietuva — Europos g. 6, N.Valios k.
      Dyzelinas: 1.889 €/L → 1.879 €/L
  ~ Neste Lietuva — M. Daukšos g. 29, Mažeikiai
      Dyzelinas: 1.869 €/L → 1.839 €/L
  ~ Neste Lietuva — Katyčių k., Šilalės r.
      Dyzelinas: 1.929 €/L → 1.919 €/L
  ~ Neste Lietuva — J. Basanavičiaus g. 91E, Kėdainiai
      95 benzinas: 1.769 €/L → 1.759 €/L
      Dyzelinas: 1.889 €/L → 1.849 €/L
  ~ Neste Lietuva — Kauno g. 45B, Ukmergė
      95 benzinas: 1.729 €/L → 1.719 €/L
      Dyzelinas: 1.879 €/L → 1.839 €/L
  ~ Neste Lietuva — J. Basanavičiaus g. 129, Utena
      95 benzinas: 1.789 €/L → 1.779 €/L
      Dyzelinas: 1.899 €/L → 1.859 €/L
  ~ Neste Lietuva — Kupiškio g. 12, Utena
      95 benzinas: 1.784 €/L → 1.744 €/L
      Dyzelinas: 1.894 €/L → 1.859 €/L
  ~ Neste Lietuva — Aplinkkelio g. 165, Molėtai
      95 benzinas: 1.764 €/L → 1.759 €/L
      Dyzelinas: 1.894 €/L → 1.849 €/L
  ~ Neste Lietuva — Vilniaus g. 94, Pabradė
      95 benzinas: 1.799 €/L → 1.789 €/L
      Dyzelinas: 1.919 €/L → 1.879 €/L
  ~ Neste Lietuva — Plento g. 7, Gudžionių k.
      95 benzinas: 1.779 €/L → 1.749 €/L
      Dyzelinas: 1.899 €/L → 1.854 €/L
  ~ Neste Lietuva — Versmės g. 2, Radviliškis
      95 benzinas: 1.759 €/L → 1.739 €/L
      Dyzelinas: 1.889 €/L → 1.849 €/L
  ~ Neste Lietuva — Pušyno g. 11, Ylių k.
      Dyzelinas: 1.949 €/L → 1.939 €/L
  ~ Neste Lietuva — Dariaus ir Girėno g. 130A, Tauragė
      95 benzinas: 1.759 €/L → 1.734 €/L
      Dyzelinas: 1.889 €/L → 1.839 €/L
  ~ Neste Lietuva — Sabališkių g. 1U, Elektrėnai
      95 benzinas: 1.839 €/L → 1.799 €/L
      Dyzelinas: 1.959 €/L → 1.929 €/L
  ~ Neste Lietuva — Šiaulių pl. 1A, Gaudikaičių k.
      95 benzinas: 1.789 €/L → 1.799 €/L
      Dyzelinas: 1.899 €/L → 1.869 €/L
  ~ Orlen — Kauno g. 73, Alytus
      Dyzelinas: 1.889 €/L → 1.899 €/L
  ~ Orlen — Pramonės pr. 37, Kaunas
      Dyzelinas: 1.889 €/L → 1.899 €/L
  ~ Orlen — Varnių g. 50, Kaunas
      Dyzelinas: 1.889 €/L → 1.899 €/L
  ~ Orlen — Minijos g. 44, Klaipėda
      95 benzinas: 1.759 €/L → 1.769 €/L
  ~ Orlen — Šilutės pl. 26 A, Klaipėda
      95 benzinas: 1.739 €/L → 1.749 €/L
  ~ Orlen — Šilutės pl. 94, Klaipėda
      95 benzinas: 1.759 €/L → 1.779 €/L
  ~ Orlen — Vilniaus pl. 13, Jakų k.
      Dujos: 0.889 €/L → 0.890 €/L
  ~ Orlen — Aleksandravo k.
      95 benzinas: 1.739 €/L → 1.749 €/L
  ~ Orlen — ​Skuodo g. 14, Mažeikiai
      Dyzelinas: 1.889 €/L → 1.899 €/L
  ~ Orlen — Žemaitijos g. 42, Mažeikiai
      Dyzelinas: 1.889 €/L → 1.899 €/L
  ~ Pakelės namai — Liepų g. 4, Škilinpamūšio k.
      Dyzelinas: 2.060 €/L → 1.930 €/L
  ~ Pakelės namai — Pasienio g. 10, Škilinpamūšio k.
      Dyzelinas: 2.060 €/L → 1.930 €/L
  ~ Prie Luksto — Telšiai, Masčio g. 21
      95 benzinas: 1.845 €/L → 1.825 €/L
      Dyzelinas: 1.965 €/L → 1.945 €/L
  ~ Propano ir butano dujų centras — Aukštaičių g. 2a, Cirkliškio k.
      Dyzelinas: 2.060 €/L → 2.020 €/L
  ~ Raimondo Balsio IĮ — Ramučių k., Luokės 2
      Dyzelinas: 1.990 €/L → 1.920 €/L
  ~ Regusa — Medelyno g. 4A, Jūrės k.
      Dyzelinas: 1.970 €/L → 1.950 €/L
  ~ Regusa — Sodo g. 11, Gavaltuvos k.
      Dyzelinas: 1.970 €/L → 1.950 €/L
  ~ Regusa — J. Basanavičiaus g. 45A, Kybartai
      Dyzelinas: 1.990 €/L → 1.970 €/L
  ~ Regusa — S. Daukanto g. 19D, Kazlų Rūda
      Dyzelinas: 1.970 €/L → 1.950 €/L
  ~ Regusa — Marijampolės pl. 20, Kaunas
      Dyzelinas: 1.890 €/L → 1.880 €/L
  ~ S.Rimkevičiaus komercinė įmonė — Turgaus g. 3, Joniškis
      95 benzinas: 1.719 €/L → 1.759 €/L
      Dyzelinas: 1.859 €/L → 1.909 €/L
  ~ S.Rimkevičiaus komercinė įmonė — Miškininkų g. 14, Pelėdnagiai
      95 benzinas: 1.719 €/L → 1.759 €/L
      Dyzelinas: 1.859 €/L → 1.909 €/L
      Dujos: 0.899 €/L → 0.849 €/L
  ~ S.Savicko įmonė — Šėtos g. 120 , Kėdainiai
      95 benzinas: 1.829 €/L → 1.817 €/L
      Dyzelinas: 1.949 €/L → 1.919 €/L
      Dujos: 0.939 €/L → 0.929 €/L
  ~ S.Savicko įmonė — Dariaus ir Girėno 23 A, Kėdainiai
      95 benzinas: 1.769 €/L → 1.749 €/L
      Dyzelinas: 1.889 €/L → 1.859 €/L
  ~ S.Savicko įmonė — Gedimino g. 50 , Kėdainiai
      95 benzinas: 1.769 €/L → 1.749 €/L
      Dyzelinas: 1.889 €/L → 1.859 €/L
  ~ S.Savicko įmonė — Vandžiogalos g 29,Saviečių k.
      95 benzinas: 1.769 €/L → 1.749 €/L
      Dyzelinas: 1.889 €/L → 1.859 €/L
  ~ Circle K — J.Basanavičiaus g. 103, Kėdainiai
      95 benzinas: 1.769 €/L → 1.749 €/L
      Dyzelinas: 1.889 €/L → 1.859 €/L
  ~ Saurida — Velžių km .Radviliškio plentas 2
      Dyzelinas: 1.950 €/L → 1.920 €/L
  ~ Saurida — Alytus Miškininkų g. 7
      Dyzelinas: 1.940 €/L → 1.910 €/L
  ~ Saurida — Alytus Pramonės g. 5
      Dyzelinas: 1.940 €/L → 1.910 €/L
  ~ Saurida — Ignacavos km. Kauno pl. 18
      Dyzelinas: 1.940 €/L → 1.920 €/L
  ~ Saurida — Babtai Vandžiogalos g. 3
      Dyzelinas: 1.910 €/L → 1.870 €/L
  ~ Saurida — Rumšiškės Lekavičiaus g. 71
      Dyzelinas: 1.940 €/L → 1.890 €/L
  ~ Saurida — Čekoniškių km
      Dyzelinas: 1.940 €/L → 1.910 €/L
  ~ Skulas — Simnas, Alytaus g. 48
      Dyzelinas: 1.930 €/L → 1.950 €/L
  ~ Skulas — Likiškėlių k., Kalninės g. 5
      95 benzinas: 1.720 €/L → 1.780 €/L
      Dyzelinas: 1.860 €/L → 1.930 €/L
      Dujos: 0.810 €/L → 0.850 €/L
  ~ Skulas — Kaunas, Ašigalio g. 1 A
      95 benzinas: 1.799 €/L → 1.749 €/L
      Dyzelinas: 1.929 €/L → 1.859 €/L
  ~ Skulas — Kaunas, Marvelės g. 106 D
      95 benzinas: 1.799 €/L → 1.759 €/L
      Dyzelinas: 1.929 €/L → 1.869 €/L
  ~ Skulas — Virbališkių k., Verslo g. 2
      95 benzinas: 1.800 €/L → 1.760 €/L
      Dyzelinas: 1.930 €/L → 1.870 €/L
  ~ Skulas — Pasvalys, Mūšos g. 2 E
      95 benzinas: 1.690 €/L → 1.710 €/L
      Dyzelinas: 1.830 €/L → 1.840 €/L
      Dujos: 0.800 €/L → 0.780 €/L
  ~ Skulas — Vilnius, J.Kazlausko g. 34
      95 benzinas: 1.759 €/L → 1.749 €/L
      Dyzelinas: 1.869 €/L → 1.849 €/L
      Dujos: 0.829 €/L → 0.799 €/L
  ~ Stateta — Kantališkių k.
      95 benzinas: 1.729 €/L → 1.799 €/L
      Dyzelinas: 1.839 €/L → 1.899 €/L
  ~ Stateta — Ukmergės g. 246, Vilnius
      95 benzinas: 1.729 €/L → 1.799 €/L
      Dyzelinas: 1.839 €/L → 1.899 €/L
  ~ Stateta — Alytaus k.
      95 benzinas: 1.729 €/L → 1.799 €/L
      Dyzelinas: 1.839 €/L → 1.899 €/L
  ~ Stateta — Kauno g.1, Miklusėnai
      95 benzinas: 1.729 €/L → 1.799 €/L
      Dyzelinas: 1.839 €/L → 1.899 €/L
  ~ Stateta — Kaniukų k.
      95 benzinas: 1.729 €/L → 1.799 €/L
      Dyzelinas: 1.839 €/L → 1.899 €/L
  ~ Stateta — Gustaičių k.
      95 benzinas: 1.729 €/L → 1.799 €/L
      Dyzelinas: 1.839 €/L → 1.899 €/L
  ~ Stateta — Erdvės g. 78, Ramučių k.
      95 benzinas: 1.729 €/L → 1.799 €/L
      Dyzelinas: 1.839 €/L → 1.899 €/L
  ~ Stateta — Žemdirbių g. 15, Paliūniškio k.
      95 benzinas: 1.729 €/L → 1.799 €/L
      Dyzelinas: 1.839 €/L → 1.899 €/L
  ~ Stateta — Panevėžio g. 9, Kupiškis
      95 benzinas: 1.729 €/L → 1.799 €/L
      Dyzelinas: 1.839 €/L → 1.899 €/L
  ~ Stateta — Turgaus g. 4, Kreivukė
      95 benzinas: 1.729 €/L → 1.799 €/L
      Dyzelinas: 1.839 €/L → 1.899 €/L
  ~ Stateta — Minijos g. 90, Klaipėda
      95 benzinas: 1.729 €/L → 1.799 €/L
      Dyzelinas: 1.839 €/L → 1.899 €/L
  ~ Stateta — Palangos g. 66, Utena
      95 benzinas: 1.729 €/L → 1.799 €/L
      Dyzelinas: 1.827 €/L → 1.899 €/L
  ~ Tormenta — Linkuvos g. 77, Kaunas
      95 benzinas: 1.790 €/L → 1.810 €/L
      Dyzelinas: 1.940 €/L → 1.910 €/L
  ~ Trevena — Kretingos pl. 1, Gargždai
      Dyzelinas: 1.950 €/L → 1.890 €/L
      Dujos: 0.930 €/L → 0.890 €/L
  ~ Trevena — Klaipėdos g. 39, Gargždai
      Dyzelinas: 1.930 €/L → 1.850 €/L
      Dujos: 0.890 €/L → 0.850 €/L
  ~ Trevena — Tilžės g. 21, Saugų k.
      Dyzelinas: 1.950 €/L → 1.880 €/L
      Dujos: 0.890 €/L → 0.850 €/L
  ~ Trevena — Šv. Kristoforo g. 4, Dituvos k.
      Dyzelinas: 1.950 €/L → 1.890 €/L
      Dujos: 0.930 €/L → 0.890 €/L
  ~ Trevena — Lėgų k. 1, Rietavas
      Dyzelinas: 1.980 €/L → 1.890 €/L
      Dujos: 0.930 €/L → 0.890 €/L
  ~ Trevena — Veiviržėnų g. 29, Pyktiškės k.
      Dyzelinas: 1.980 €/L → 1.890 €/L
      Dujos: 0.930 €/L → 0.890 €/L
  ~ Trevena — Liepų g. 4, Žemaitkiemio k.
      Dyzelinas: 1.950 €/L → 1.880 €/L
      Dujos: 0.890 €/L → 0.850 €/L
  ~ Trevena — Kvėdarnos g. 2, Vatušių k.
      Dyzelinas: 1.950 €/L → 1.890 €/L
      Dujos: 0.930 €/L → 0.890 €/L
  ~ Trevena — Kretingos g. 28A, Klaipėda
      Dyzelinas: 1.950 €/L → 1.890 €/L
      Dujos: 0.930 €/L → 0.890 €/L
  ~ Trevena — Minijos g. 152A, Klaipėda
      Dyzelinas: 1.950 €/L → 1.890 €/L
      Dujos: 0.930 €/L → 0.890 €/L
  ~ Utentra — Utena, Pramonės g. 16
      Dyzelinas: 1.819 €/L → 1.849 €/L
  ~ V.Marcinkevičiaus IĮ — Bažnyčios 7., Pavilnučio k.
      Dujos: 0.950 €/L → 0.850 €/L
  ~ Velseka — Panevėžio g. 5, Kupiškis
      95 benzinas: 1.739 €/L → 1.719 €/L
      Dyzelinas: 1.879 €/L → 1.829 €/L
  ~ Viada — Daugų k., Neveiglo g. 25
      95 benzinas: 1.839 €/L → 1.819 €/L
      Dyzelinas: 1.979 €/L → 1.959 €/L
  ~ Viada — Alytus, Naujoji g. 27
      95 benzinas: 1.829 €/L → 1.779 €/L
      Dyzelinas: 1.959 €/L → 1.919 €/L
      Dujos: 0.919 €/L → 0.909 €/L
  ~ Viada — Alytus, Ulonų g. 33B
      95 benzinas: 1.829 €/L → 1.799 €/L
      Dyzelinas: 1.959 €/L → 1.939 €/L
  ~ Viada — Anykščiai, A. Vienuolio g. 34
      95 benzinas: 1.859 €/L → 1.799 €/L
      Dyzelinas: 2.059 €/L → 1.959 €/L
      Dujos: 0.939 €/L → 0.899 €/L
  ~ Viada — Anykščiai, Piliakalnio g. 9
      95 benzinas: 1.859 €/L → 1.799 €/L
      Dyzelinas: 2.059 €/L → 1.959 €/L
      Dujos: 0.939 €/L → 0.899 €/L
  ~ Viada — Biržai, Parodos g. 2
      Dyzelinas: 1.999 €/L → 1.979 €/L
      Dujos: 0.959 €/L → 0.939 €/L
  ~ Viada — Biržai, Pasvalio g. 1B
      Dyzelinas: 1.999 €/L → 1.979 €/L
      Dujos: 0.959 €/L → 0.939 €/L
  ~ Viada — Elektrėnai, Elektrinės g. 6
      95 benzinas: 1.899 €/L → 1.869 €/L
      Dyzelinas: 2.049 €/L → 1.989 €/L
      Dujos: 0.949 €/L → 0.939 €/L
  ~ Viada — Ignalina, Turistų g. 28A
      Dyzelinas: 2.079 €/L → 2.059 €/L
  ~ Viada — Jonava, Darbininkų g. 4D
      95 benzinas: 1.859 €/L → 1.829 €/L
      Dyzelinas: 1.989 €/L → 1.959 €/L
      Dujos: 0.949 €/L → 0.899 €/L
  ~ Viada — Joniškis, Vilniaus g. 51
      Dyzelinas: 2.009 €/L → 1.999 €/L
      Dujos: 0.929 €/L → 0.889 €/L
  ~ Viada — Kaunas, A. Juozapavičiaus pr. 90
      95 benzinas: 1.869 €/L → 1.859 €/L
      Dyzelinas: 1.969 €/L → 1.959 €/L
  ~ Viada — Kaunas, Ateities pl. 37A
      Dyzelinas: 1.929 €/L → 1.919 €/L
  ~ Viada — Kaunas, Baltijos g. 90B
      95 benzinas: 1.799 €/L → 1.769 €/L
      Dyzelinas: 1.899 €/L → 1.839 €/L
  ~ Viada — Kaunas, Biruliškių g. 18A
      95 benzinas: 1.879 €/L → 1.859 €/L
      Dyzelinas: 1.979 €/L → 1.959 €/L
  ~ Viada — Kaunas, Didžioji g. 84
      95 benzinas: 1.879 €/L → 1.859 €/L
      Dyzelinas: 2.019 €/L → 1.999 €/L
  ~ Viada — Kaunas, K. Baršausko g. 64
      95 benzinas: 1.869 €/L → 1.829 €/L
      Dyzelinas: 1.969 €/L → 1.949 €/L
  ~ Viada — Kaunas, Karaliaus Mindaugo pr. 54
      95 benzinas: 1.869 €/L → 1.859 €/L
      Dyzelinas: 1.969 €/L → 1.959 €/L
  ~ Viada — Kaunas, Marijampolės pl. 29
      Dyzelinas: 2.019 €/L → 1.999 €/L
  ~ Viada — Kaunas, Miežėnų g. 18
      95 benzinas: 1.799 €/L → 1.769 €/L
      Dyzelinas: 1.899 €/L → 1.839 €/L
  ~ Viada — Kaunas, P. Lukšio g. 66A
      Dyzelinas: 1.959 €/L → 1.939 €/L
  ~ Viada — Kaunas, Pramonės pr. 44
      95 benzinas: 1.799 €/L → 1.769 €/L
      Dyzelinas: 1.929 €/L → 1.879 €/L
  ~ Viada — Kaunas, Raudondvario pl. 288
      95 benzinas: 1.819 €/L → 1.799 €/L
      Dyzelinas: 1.959 €/L → 1.919 €/L
      Dujos: 0.919 €/L → 0.899 €/L
  ~ Viada — Kaunas, Statybininkų g. 3A
      Dyzelinas: 1.939 €/L → 1.929 €/L
  ~ Viada — Kaunas, T. Masiulio g. 22B
      95 benzinas: 1.849 €/L → 1.799 €/L
      Dyzelinas: 1.979 €/L → 1.959 €/L
  ~ Viada — Kaunas, Veiverių g. 117
      Dyzelinas: 1.969 €/L → 1.959 €/L
  ~ Viada — Kaunas, Veiverių g. 124B
      Dyzelinas: 1.969 €/L → 1.959 €/L
  ~ Viada — Ilgakiemio k., Prienų g. 22
      Dyzelinas: 1.999 €/L → 1.959 €/L
      Dujos: 0.959 €/L → 0.899 €/L
  ~ Viada — Ąžuolų Būdos k.
      95 benzinas: 1.919 €/L → 1.899 €/L
      Dyzelinas: 2.059 €/L → 1.999 €/L
  ~ Viada — Dotnuva, Tilto g. 2A
      95 benzinas: 1.959 €/L → 1.899 €/L
      Dyzelinas: 2.079 €/L → 1.999 €/L
  ~ Viada — Gudžiūnų k., Baisogalos g. 5
      95 benzinas: 1.959 €/L → 1.899 €/L
      Dyzelinas: 2.079 €/L → 1.999 €/L
  ~ Viada — Klaipėda, Liepojos g. 242
      95 benzinas: 1.869 €/L → 1.859 €/L
      Dyzelinas: 1.979 €/L → 1.949 €/L
  ~ Viada — Klaipėda, Priestočio g. 28
      Dujos: 0.959 €/L → 0.899 €/L
  ~ Viada — Klaipėda, Šilutės pl. 52
      95 benzinas: 1.869 €/L → 1.859 €/L
      Dyzelinas: 1.979 €/L → 1.949 €/L
  ~ Viada — Klaipėda, Taikos pr. 70A-1
      Dujos: 0.959 €/L → 0.899 €/L
  ~ Viada — Kerelių k. 1A
      95 benzinas: 1.829 €/L → 1.799 €/L
      Dyzelinas: 1.999 €/L → 1.959 €/L
  ~ Viada — Kupiškis, Pergalės g. 15
      95 benzinas: 1.829 €/L → 1.799 €/L
      Dyzelinas: 1.999 €/L → 1.959 €/L
  ~ Viada — Lazdijai, Turistų g. 32
      95 benzinas: 1.779 €/L → 1.759 €/L
      Dujos: 0.929 €/L → 0.879 €/L
  ~ Viada — Marijampolė, Geležinkelio g. 5
      95 benzinas: 1.849 €/L → 1.779 €/L
      Dyzelinas: 1.929 €/L → 1.889 €/L
      Dujos: 0.909 €/L → 0.879 €/L
  ~ Viada — Marijampolė, J. Ambrazevičiaus-Brazaičio g. 2
      95 benzinas: 1.849 €/L → 1.779 €/L
      Dyzelinas: 1.929 €/L → 1.889 €/L
      Dujos: 0.909 €/L → 0.879 €/L
  ~ Viada — Mažeikiai, Montuotojų g. 2A
      95 benzinas: 1.789 €/L → 1.799 €/L
      Dujos: 0.919 €/L → 0.909 €/L
  ~ Viada — Mažeikiai, Žemaitijos g. 75
      95 benzinas: 1.789 €/L → 1.799 €/L
      Dujos: 0.919 €/L → 0.909 €/L
  ~ Viada — Molėtai, Vilniaus g. 101
      95 benzinas: 1.859 €/L → 1.819 €/L
      Dyzelinas: 1.979 €/L → 1.959 €/L
      Dujos: 0.959 €/L → 0.899 €/L
  ~ Viada — Gojaus k., Utenos g. 16
      95 benzinas: 1.859 €/L → 1.819 €/L
      Dyzelinas: 1.979 €/L → 1.959 €/L
      Dujos: 0.959 €/L → 0.899 €/L
  ~ Viada — Pakruojis, Vytauto Didžiojo g. 98
      95 benzinas: 1.889 €/L → 1.859 €/L
      Dyzelinas: 2.049 €/L → 1.959 €/L
      Dujos: 0.959 €/L → 0.899 €/L
  ~ Viada — Krekenava, Tilto g. 35
      Dyzelinas: 2.069 €/L → 2.059 €/L
  ~ Viada — Ramygala, Vienkiemio g. 1B
      Dyzelinas: 2.069 €/L → 2.059 €/L
  ~ Viada — Šilagalio k., Panevėžio aplinkl. 5
      95 benzinas: 1.799 €/L → 1.779 €/L
      Dyzelinas: 1.929 €/L → 1.919 €/L
  ~ Viada — Tičkūnų k., Tičkūnų g. 31
      95 benzinas: 1.819 €/L → 1.799 €/L
      Dyzelinas: 1.949 €/L → 1.899 €/L
      Dujos: 0.939 €/L → 0.899 €/L
  ~ Viada — Panevėžys, Senamiesčio g. 116A
      95 benzinas: 1.819 €/L → 1.799 €/L
      Dyzelinas: 1.949 €/L → 1.899 €/L
      Dujos: 0.939 €/L → 0.899 €/L
  ~ Viada — Brazdigalos k. 1
      95 benzinas: 1.879 €/L → 1.859 €/L
      Dyzelinas: 2.039 €/L → 1.999 €/L
  ~ Viada — Pasvalys, Vilniaus g. 50
      Dyzelinas: 1.999 €/L → 1.959 €/L
      Dujos: 0.959 €/L → 0.899 €/L
  ~ Viada — Plungė, J. Tumo-Vaižganto g. 102
      Dyzelinas: 1.999 €/L → 1.959 €/L
      Dujos: 0.959 €/L → 0.939 €/L
  ~ Viada — Plungė, Žaltakalnio g. 10
      Dyzelinas: 1.999 €/L → 1.959 €/L
      Dujos: 0.959 €/L → 0.939 €/L
  ~ Viada — Mačiūnų k., Kauno pl. 40
      Dujos: 0.959 €/L → 0.899 €/L
  ~ Viada — Skuodas, Vilniaus g. 50
      95 benzinas: 1.889 €/L → 1.799 €/L
      Dyzelinas: 2.039 €/L → 1.959 €/L
      Dujos: 0.959 €/L → 0.899 €/L
  ~ Viada — Jašiūnai, Lydos g. 13
      Dyzelinas: 2.079 €/L → 2.059 €/L
  ~ Viada — Šiauliai, Dubijos g. 1C
      95 benzinas: 1.829 €/L → 1.789 €/L
      Dyzelinas: 1.959 €/L → 1.899 €/L
  ~ Viada — Šiauliai, Gegužių g. 26
      95 benzinas: 1.829 €/L → 1.799 €/L
      Dyzelinas: 1.959 €/L → 1.919 €/L
  ~ Viada — Šiauliai, J. Basanavičiaus g. 122A
      95 benzinas: 1.829 €/L → 1.799 €/L
      Dyzelinas: 1.959 €/L → 1.929 €/L
  ~ Viada — Šiauliai, Tilžės g. 274
      95 benzinas: 1.829 €/L → 1.799 €/L
      Dyzelinas: 1.959 €/L → 1.919 €/L
  ~ Viada — Šiauliai, Užmiesčio g. 2
      95 benzinas: 1.839 €/L → 1.799 €/L
      Dyzelinas: 1.969 €/L → 1.929 €/L
  ~ Viada — Kuodaičių k.
      95 benzinas: 1.959 €/L → 1.899 €/L
      Dyzelinas: 2.099 €/L → 1.999 €/L
  ~ Viada — Šilutė, Tilžės g. 59
      95 benzinas: 1.829 €/L → 1.819 €/L
      Dyzelinas: 1.999 €/L → 1.959 €/L
      Dujos: 0.939 €/L → 0.899 €/L
  ~ Viada — Širvintos, Plento g. 4
      95 benzinas: 1.879 €/L → 1.799 €/L
      Dyzelinas: 1.999 €/L → 1.899 €/L
      Dujos: 0.959 €/L → 0.899 €/L
  ~ Viada — Švenčionys, Vilniaus g. 50A
      Dyzelinas: 2.099 €/L → 2.059 €/L
  ~ Viada — Kaltanėnai, Utenos g. 1
      Dyzelinas: 2.079 €/L → 2.059 €/L
  ~ Viada — Pabradė, Vilniaus g. 116B
      95 benzinas: 1.899 €/L → 1.859 €/L
      Dyzelinas: 1.999 €/L → 1.959 €/L
  ~ Viada — Švenčionėliai, Žemutinė g. 51A
      Dyzelinas: 2.099 €/L → 2.059 €/L
  ~ Viada — Tauragė, Dariaus ir Girėno g. 138A
      95 benzinas: 1.829 €/L → 1.799 €/L
      Dyzelinas: 1.949 €/L → 1.899 €/L
  ~ Viada — Tauragė, Pramonės g. 1
      95 benzinas: 1.829 €/L → 1.799 €/L
      Dyzelinas: 1.949 €/L → 1.869 €/L
  ~ Viada — Telšiai, Pramonės g. 2A
      95 benzinas: 1.849 €/L → 1.829 €/L
      Dyzelinas: 1.969 €/L → 1.949 €/L
  ~ Viada — Ukmergė, Žiedo g. 15
      95 benzinas: 1.879 €/L → 1.799 €/L
      Dyzelinas: 1.979 €/L → 1.899 €/L
      Dujos: 0.959 €/L → 0.899 €/L
  ~ Viada — Šventupės k., Beržų g. 13
      95 benzinas: 1.959 €/L → 1.899 €/L
  ~ Viada — Utena, Metalo g. 8
      Dyzelinas: 1.969 €/L → 1.959 €/L
      Dujos: 0.959 €/L → 0.899 €/L
  ~ Viada — Utena, Pramonės g. 23
      Dyzelinas: 1.969 €/L → 1.959 €/L
      Dujos: 0.959 €/L → 0.899 €/L
  ~ Viada — Gedimino k., Vyturio g. 2
      Dyzelinas: 1.969 €/L → 1.959 €/L
      Dujos: 0.939 €/L → 0.899 €/L
  ~ Viada — Vievis, Kauno g. 26A
      95 benzinas: 1.959 €/L → 1.899 €/L
      Dyzelinas: 2.099 €/L → 1.999 €/L
  ~ Viada — Vilkaviškis, Vytauto g. 105
      95 benzinas: 1.839 €/L → 1.799 €/L
      Dyzelinas: 2.039 €/L → 1.999 €/L
  ~ Viada — Avižienių k., Ožiarūčių g. 1a
      95 benzinas: 1.899 €/L → 1.829 €/L
      Dyzelinas: 1.999 €/L → 1.959 €/L
      Dujos: 0.919 €/L → 0.859 €/L
  ~ Viada — Vilnius, Ateities g. 17B
      95 benzinas: 1.799 €/L → 1.779 €/L
      Dyzelinas: 1.919 €/L → 1.899 €/L
  ~ Viada — Vilnius, Dariaus ir Girėno g. 30A
      Dyzelinas: 1.969 €/L → 1.959 €/L
  ~ Viada — Vilnius, Gariūnų g. 16A
      95 benzinas: 1.859 €/L → 1.799 €/L
      Dyzelinas: 1.959 €/L → 1.879 €/L
  ~ Viada — Vilnius, Grigiškės, Kovo 11-osios g. 75
      95 benzinas: 1.879 €/L → 1.859 €/L
      Dyzelinas: 1.999 €/L → 1.959 €/L
  ~ Viada — Vilnius, Justiniškių g. 12
      Dyzelinas: 1.939 €/L → 1.899 €/L
  ~ Viada — Vilnius, Kirtimų g. 29
      Dyzelinas: 1.999 €/L → 1.959 €/L
  ~ Viada — Vilnius, Laisvės pr. 8
      95 benzinas: 1.879 €/L → 1.859 €/L
      Dyzelinas: 1.999 €/L → 1.959 €/L
  ~ Viada — Vilnius, Liepkalnio g. 128A
      95 benzinas: 1.879 €/L → 1.859 €/L
      Dyzelinas: 1.999 €/L → 1.959 €/L
  ~ Viada — Vilnius, Naugarduko g. 74
      95 benzinas: 1.879 €/L → 1.859 €/L
      Dyzelinas: 1.999 €/L → 1.959 €/L
  ~ Viada — Vilnius, Nemenčinės pl. 5
      95 benzinas: 1.879 €/L → 1.859 €/L
      Dyzelinas: 1.999 €/L → 1.959 €/L
  ~ Viada — Vilnius, Olandų g. 57
      95 benzinas: 1.879 €/L → 1.859 €/L
      Dyzelinas: 1.999 €/L → 1.959 €/L
  ~ Viada — Vilnius, Ozo g. 12
      95 benzinas: 1.829 €/L → 1.799 €/L
      Dyzelinas: 1.959 €/L → 1.919 €/L
  ~ Viada — Vilnius, Pilaitės pr. 13
      Dyzelinas: 1.979 €/L → 1.959 €/L
  ~ Viada — Vilnius, Pilaitės pr. 28
      Dyzelinas: 1.979 €/L → 1.959 €/L
  ~ Viada — Vilnius, Saltoniškių g. 12
      95 benzinas: 1.819 €/L → 1.799 €/L
      Dyzelinas: 1.949 €/L → 1.899 €/L
  ~ Viada — Vilnius, Sodų g. 22
      95 benzinas: 1.859 €/L → 1.799 €/L
      Dyzelinas: 1.999 €/L → 1.899 €/L
  ~ Viada — Vilnius, Verkių g. 52
      95 benzinas: 1.799 €/L → 1.779 €/L
      Dyzelinas: 1.919 €/L → 1.889 €/L
  ~ Viada — Vilnius, Vilkpėdės g. 2
      95 benzinas: 1.799 €/L → 1.779 €/L
      Dyzelinas: 1.919 €/L → 1.889 €/L
  ~ Viada — Visaginas, Statybininkų g. 1
      95 benzinas: 1.939 €/L → 1.899 €/L
      Dyzelinas: 2.059 €/L → 1.999 €/L
      Dujos: 0.959 €/L → 0.899 €/L
  ~ Viada — Visaginas, Taikos pr. 23B
      95 benzinas: 1.939 €/L → 1.899 €/L
      Dyzelinas: 2.059 €/L → 1.999 €/L
      Dujos: 0.959 €/L → 0.899 €/L
  ~ Viada — Juodalaukių k. 2
      Dyzelinas: 2.059 €/L → 1.999 €/L
      Dujos: 0.959 €/L → 0.899 €/L
  ~ Vildega — Vytauto g. 2D, Vilkaviškis
      95 benzinas: 1.739 €/L → 1.729 €/L
  ~ Vimijula — Kauno g. 2A, Ručiūnų k.
      95 benzinas: 1.890 €/L → 1.870 €/L
      Dyzelinas: 2.040 €/L → 1.980 €/L
  ~ Virši — L.Taunio g. 3, Pasūduonės km.
      95 benzinas: 1.839 €/L → 1.769 €/L
      Dyzelinas: 1.919 €/L → 1.884 €/L
      Dujos: 0.914 €/L → 0.874 €/L
  ~ Visvilas — Laukų g. 2C.,Tirkšlių m.
      95 benzinas: 1.740 €/L → 1.760 €/L
      Dyzelinas: 1.840 €/L → 1.870 €/L
  ~ Vlantana — Dvaro g. 1, Gobergiškės k.
      Dyzelinas: 1.970 €/L → 1.900 €/L
  ~ Circle K — Pramogų g. 4, Truikių k.
      Dyzelinas: 1.977 €/L → 1.957 €/L
      Dujos: 0.926 €/L → 0.906 €/L
  ~ Žibalas — Jonava, Taurostos g. 16a
      95 benzinas: 1.900 €/L → 1.860 €/L
      Dyzelinas: 2.020 €/L → 1.960 €/L

Unchanged: 218 station(s).
