=== 2026-06-10 ===

New stations (70):
  + Boost Petrol — Ginkūnų k., Aušros g. 26, 81492, Šiaulių r. sav.
    Coords: 55.95455, 23.35328
    95: 1.899 €/L  |  Dyzelinas: 1.939 €/L  |  Dujos: 0.899 €/L
  + Boost Petrol — Utena, Zarasų g. 9, 28216, Utenos r. sav.
    Coords: 55.51230, 25.64398
    95: 1.849 €/L  |  Dyzelinas: 1.909 €/L  |  Dujos: 0.829 €/L
  + Boost Petrol — Smėlinkos vs. 1, 33171, Molėtų r. sav.
    Coords: 55.22823, 25.41490
    95: 1.850 €/L  |  Dyzelinas: 1.910 €/L  |  Dujos: 0.830 €/L
  + Boost Petrol — Kelmė, Kęstučio g. 1B, 86139, Kelmės r. sav.
    Coords: 55.63479, 22.94543
    95: 1.859 €/L  |  Dyzelinas: 1.929 €/L  |  Dujos: 0.879 €/L
  + Boost Petrol — Maironių k., Kuršių g. 2, 86203, Kelmės r. sav.
    Coords: 55.60113, 23.07213
    95: 1.770 €/L  |  Dyzelinas: 1.840 €/L  |  Dujos: 0.790 €/L
  + Boost Petrol — Kuršukų k., Plento g. 1, 86120, Kelmės r. sav.
    Coords: 55.10550, 23.03626
    95: 1.929 €/L  |  Dyzelinas: 1.979 €/L  |  Dujos: 0.899 €/L
  + Boost Petrol — Kaunas, Marvelės g. 132, 46230, Kauno m. sav.
    Coords: 54.90384, 23.83531
    95: 1.919 €/L  |  Dyzelinas: 1.959 €/L  |  Dujos: 0.900 €/L
  + Boost Petrol — Elektrėnai, Dubijos g. 36, 26130, Elektrėnų sav.
    Coords: 54.78623, 24.71439
    95: 1.929 €/L  |  Dyzelinas: 1.979 €/L  |  Dujos: 0.899 €/L
  + Eniris — Mardosų k., Alytaus pl. 2, 59240, Prienų r. sav.
    Coords: 54.50871, 23.90988
    95: 1.690 €/L  |  Dyzelinas: 1.790 €/L  |  Dujos: 0.880 €/L
  + Eniris — Rimšų k., Tauragės g. 29, 74280, Jurbarko r. sav.
    Coords: 55.18546, 21.80408
    95: 1.850 €/L  |  Dyzelinas: 1.890 €/L  |  Dujos: 0.920 €/L
  + Eniris — Kelmė, Putvinskio g. 29, 86113, Kelmės r. sav.
    Coords: 55.64126, 22.92688
    95: 1.739 €/L  |  Dyzelinas: 1.809 €/L  |  Dujos: 0.769 €/L
  + Eniris — Kretinga, Tiekėjų g. 34a, 97187, Kretingos r. sav.
    Coords: 55.88446, 21.22153
    95: 1.920 €/L  |  Dyzelinas: 1.970 €/L  |  Dujos: 0.930 €/L
  + Eniris — Vabalų k., Paršežerio g. 1, 75406, Šilalės r. sav.
    Coords: 55.61949, 22.24615
    95: 1.790 €/L  |  Dyzelinas: 1.830 €/L  |  Dujos: 0.890 €/L
  + Eniris — Pagėgiai, Klaipėdos g. 6b, 99290, Pagėgių sav.
    Coords: 55.14042, 21.90342
    95: 1.840 €/L  |  Dyzelinas: 1.890 €/L  |  Dujos: 0.940 €/L
  + Eniris — Plungė, Dariaus ir Girėno g. 31, 90118, Plungės r. sav.
    Coords: 55.92219, 21.86202
    95: 1.690 €/L  |  Dyzelinas: 1.790 €/L  |  Dujos: –
  + Eniris — Rainių k., Telšių g. 2B, 88401, Telšių r. sav.
    Coords: 55.96425, 22.29479
    95: 1.860 €/L  |  Dyzelinas: 1.910 €/L  |  Dujos: 0.880 €/L
  + Eniris — Raseiniai, Jurbarko g. 34, 60180, Raseinių r. sav.
    Coords: 55.37066, 23.11930
    95: 1.760 €/L  |  Dyzelinas: 1.810 €/L  |  Dujos: 0.780 €/L
  + Eniris — Laivių k., Platelių g. 1a, 97317, Kretingos r. sav.
    Coords: 56.06309, 21.58199
    95: 1.930 €/L  |  Dyzelinas: 1.980 €/L  |  Dujos: 0.960 €/L
  + Eniris — Skaudvilė, Adakavo g. 1, 73435, Tauragės r. sav.
    Coords: 55.40157, 22.59774
    95: 1.790 €/L  |  Dyzelinas: 1.890 €/L  |  Dujos: 0.940 €/L
  + Eniris — Šilalė, Rytinio Kelio g. 2a, 75122, Šilalės r. sav.
    Coords: 55.48590, 22.19963
    95: 1.770 €/L  |  Dyzelinas: 1.800 €/L  |  Dujos: 0.780 €/L
  + Eniris — Telšiai, Mažeikių g. 1, 87101, Telšių r. sav.
    Coords: 55.99980, 22.24161
    95: 1.860 €/L  |  Dyzelinas: 1.910 €/L  |  Dujos: 0.850 €/L
  + Eniris — Žemaičių Naumiestis, Klaipėdos g. 76, 99206, Šilutės r. sav.
    Coords: 55.35528, 21.68006
    95: 1.840 €/L  |  Dyzelinas: 1.890 €/L  |  Dujos: 0.840 €/L
  + Eniris — Minijos g. 1, Aleksandravo k., 90390, Plungės r. sav.
    Coords: 55.92888, 21.61990
    95: 1.770 €/L  |  Dyzelinas: 1.870 €/L  |  Dujos: 0.930 €/L
  + Eniris — Venta, Plento g. 2, 85302, Akmenės r. sav.
    Coords: 56.19587, 22.67577
    95: 1.779 €/L  |  Dyzelinas: 1.829 €/L  |  Dujos: 0.859 €/L
  + Eniris — Bačkonių k., Pastrėvio g. 1A, 56240, Kaišiadorių r. sav.
    Coords: 54.80231, 24.50211
    95: 1.749 €/L  |  Dyzelinas: 1.869 €/L  |  Dujos: 0.819 €/L
  + Eniris — Mažeikiai, Laižuvos g. 82d, 89213, Mažeikių r. sav.
    Coords: 56.31374, 22.36820
    95: 1.699 €/L  |  Dyzelinas: 1.749 €/L  |  Dujos: 0.799 €/L
  + Eniris — Stripinių k., Skuodo g. 7, 98347, Skuodo r. sav.
    Coords: 56.28041, 21.84408
    95: 1.779 €/L  |  Dyzelinas: 1.829 €/L  |  Dujos: 0.799 €/L
  + Eniris — Alytaus g. 59, Krosnos k., 67443, Lazdijų r. sav.
    Coords: 54.37912, 23.52858
    95: 1.739 €/L  |  Dyzelinas: 1.849 €/L  |  Dujos: 0.849 €/L
  + Eniris — Užventis, Žemaitės g. 52, 86343, Kelmės r. sav.
    Coords: 55.78610, 22.67090
    95: 1.730 €/L  |  Dyzelinas: 1.800 €/L  |  Dujos: 0.950 €/L
  + Eniris — Ruoščių k. 1, 57109, Kėdainių r. sav.
    Coords: 55.32336, 23.89597
    95: 1.763 €/L  |  Dyzelinas: 1.794 €/L  |  Dujos: 0.810 €/L
  + Eniris — Skabeikių k. 4, 85233, Akmenės r. sav.
    Coords: 56.15996, 22.76094
    95: 1.779 €/L  |  Dyzelinas: 1.829 €/L  |  Dujos: 0.799 €/L
  + Eniris — Kalnuotės 1 k, 15130, Vilniaus r. sav.
    Coords: 54.93358, 25.34677
    95: 1.719 €/L  |  Dyzelinas: 1.809 €/L  |  Dujos: 0.899 €/L
  + Eniris — Tryškiai, Beržų g. 24/Drąsiujų g. 7, 88155, Telšių r. sav.
    Coords: 56.06201, 22.58238
    95: 1.790 €/L  |  Dyzelinas: 1.890 €/L  |  Dujos: 0.820 €/L
  + Neste Lietuva — Klaipėdos g. 66, Panevėžys, Panevėžio m. sav.
    Coords: 55.72775, 24.34881
    95: 1.764 €/L  |  Dyzelinas: 1.859 €/L  |  Dujos: –
  + Neste Lietuva — Ąžuolpamūšio g. 1A, Raubonys, Pasvalio r. sav.
    Coords: 56.11528, 24.47068
    95: 1.764 €/L  |  Dyzelinas: 1.839 €/L  |  Dujos: –
  + Neste Lietuva — Europos g. 6, N. Valios k., Kalvarijos sav.
    Coords: 54.32826, 23.15054
    95: –  |  Dyzelinas: 1.859 €/L  |  Dujos: –
  + Saurida — Naujoji Akmenė V. Kudirkos 18A, 85171, Akmenės r. sav.
    Coords: 56.30419, 22.88738
    95: 1.770 €/L  |  Dyzelinas: 1.800 €/L  |  Dujos: 0.800 €/L
  + Saurida — Akmenės I kaimas Plento g. 1, 85380, Akmenės r. sav.
    Coords: 56.23858, 22.75072
    95: 1.770 €/L  |  Dyzelinas: 1.820 €/L  |  Dujos: 0.800 €/L
  + Saurida — Pašakarnių km. Pašakarnių g. 1, 85271, Akmenės r. sav.
    Coords: 56.26720, 22.83448
    95: 1.770 €/L  |  Dyzelinas: 1.800 €/L  |  Dujos: 0.800 €/L
  + Saurida — Šiauliai Vilniaus g. 373A, 76326, Šiaulių m. sav.
    Coords: 55.94279, 23.28138
    95: 1.770 €/L  |  Dyzelinas: 1.800 €/L  |  Dujos: 0.750 €/L
  + Saurida — Šiauliai Pramonės g. 7C, 78140, Šiaulių m. sav.
    Coords: 55.91922, 23.29401
    95: 1.770 €/L  |  Dyzelinas: 1.800 €/L  |  Dujos: 0.750 €/L
  + Saurida — Radviliškis Gedimino g. 50C, 82482, Radviliškio r. sav.
    Coords: 55.81460, 23.55319
    95: 1.710 €/L  |  Dyzelinas: 1.800 €/L  |  Dujos: 0.800 €/L
  + Saurida — Velžių km .Radviliškio plentas 2, 82218, Radviliškio r. sav.
    Coords: 55.77319, 23.65617
    95: 1.720 €/L  |  Dyzelinas: 1.810 €/L  |  Dujos: 0.790 €/L
  + Saurida — Skuodas Vytauto g. 20, 98123, Skuodo r. sav.
    Coords: 56.26139, 21.52991
    95: 1.770 €/L  |  Dyzelinas: 1.820 €/L  |  Dujos: 0.800 €/L
  + Saurida — Klaipėda Jūrininkų pr. 29, 95225, Klaipėdos r. sav.
    Coords: 55.65684, 21.18382
    95: 1.730 €/L  |  Dyzelinas: 1.790 €/L  |  Dujos: 0.750 €/L
  + Saurida — Šilalė Rytinio kelio g. 19, 75133, Šilalės r. sav.
    Coords: 55.49185, 22.19928
    95: 1.770 €/L  |  Dyzelinas: 1.810 €/L  |  Dujos: 0.750 €/L
  + Saurida — Pašvenčio km., 74218, Jurbarko r. sav.
    Coords: 55.08392, 22.60694
    95: 1.750 €/L  |  Dyzelinas: 1.820 €/L  |  Dujos: 0.790 €/L
  + Saurida — Kreivukės km., 69232, Kalvarijos sav.
    Coords: 54.40391, 23.19003
    95: –  |  Dyzelinas: –  |  Dujos: 0.800 €/L
  + Saurida — Kušliškių km. Suvalkijos g. 15, 69200, Kalvarijos sav.
    Coords: 54.43621, 23.20500
    95: 1.700 €/L  |  Dyzelinas: 1.790 €/L  |  Dujos: 0.800 €/L
  + Saurida — Marijampolė Statybininkų g. 8,68108, Marijampolės sav.
    Coords: 54.57830, 23.37976
    95: 1.740 €/L  |  Dyzelinas: 1.780 €/L  |  Dujos: 0.800 €/L
  + Saurida — Alytus Miškininkų g. 7, 62201, Alytaus m. sav.
    Coords: 54.41673, 24.06905
    95: 1.720 €/L  |  Dyzelinas: 1.790 €/L  |  Dujos: –
  + Saurida — Alytus Pramonės g. 5, 62175, Alytaus m. sav.
    Coords: 54.42353, 24.02039
    95: 1.720 €/L  |  Dyzelinas: 1.790 €/L  |  Dujos: 0.780 €/L
  + Saurida — Panarvės km., 67168, Lazdijų r. sav.
    Coords: 54.25070, 23.54683
    95: 1.740 €/L  |  Dyzelinas: 1.800 €/L  |  Dujos: 0.780 €/L
  + Saurida — Ignacavos km. Kauno pl. 18, 59149, Prienų r. sav.
    Coords: 54.63344, 24.22047
    95: 1.740 €/L  |  Dyzelinas: 1.820 €/L  |  Dujos: 0.780 €/L
  + Saurida — Domeikava Muitinės g. 2, 54359, Kauno r. sav.
    Coords: 54.95638, 23.90511
    95: 1.770 €/L  |  Dyzelinas: 1.820 €/L  |  Dujos: 0.780 €/L
  + Saurida — Kaunas Garažų g. 20, 50313, Kauno m. sav.
    Coords: 54.92368, 24.00084
    95: 1.750 €/L  |  Dyzelinas: 1.790 €/L  |  Dujos: 0.750 €/L
  + Saurida — Babtai Vandžiogalos g. 3, 54328, Kauno r. sav.
    Coords: 55.09697, 23.80625
    95: 1.720 €/L  |  Dyzelinas: 1.810 €/L  |  Dujos: 0.780 €/L
  + Saurida — Rumšiškės Lekavičiaus g. 71, 56337, Kauno r. sav.
    Coords: 54.87185, 24.21320
    95: 1.750 €/L  |  Dyzelinas: 1.820 €/L  |  Dujos: 0.780 €/L
  + Saurida — Lėkėčių km. Šakių g. 3, 71227, Šakių r. sav.
    Coords: 54.97731, 23.48356
    95: 1.720 €/L  |  Dyzelinas: 1.800 €/L  |  Dujos: 0.760 €/L
  + Saurida — Mauručiai Liepų g. 20, 59290, Prienų r. sav.
    Coords: 54.77103, 23.76547
    95: 1.740 €/L  |  Dyzelinas: 1.790 €/L  |  Dujos: –
  + Saurida — Ukmergė Kareivinių g. 64, 20184, Ukmergės r. sav.
    Coords: 55.25899, 24.79039
    95: 1.720 €/L  |  Dyzelinas: 1.810 €/L  |  Dujos: 0.750 €/L
  + Saurida — Ukmergė Vilniaus g. 122, 20167, Ukmergės r. sav.
    Coords: 55.23353, 24.78125
    95: 1.720 €/L  |  Dyzelinas: 1.810 €/L  |  Dujos: 0.750 €/L
  + Saurida — Pageležių km., 20278, Ukmergės r. sav.
    Coords: 55.16262, 24.51542
    95: 1.770 €/L  |  Dyzelinas: 1.800 €/L  |  Dujos: 0.750 €/L
  + Saurida — Čekoniškių km, 14207, Vilniaus r. sav.
    Coords: 54.73728, 25.09361
    95: 1.720 €/L  |  Dyzelinas: 1.780 €/L  |  Dujos: –
  + Saurida — Zujūnai Buivydiškių g. 1A, 14160, Vilniaus r. sav.
    Coords: 54.72766, 25.17967
    95: 1.720 €/L  |  Dyzelinas: 1.790 €/L  |  Dujos: 0.770 €/L
  + Saurida — Visaginas Kosmoso g. 1, 31140, Visagino sav.
    Coords: 55.59742, 26.40338
    95: 1.750 €/L  |  Dyzelinas: 1.810 €/L  |  Dujos: 0.770 €/L
  + Saurida — Vilnius, Jankiškių g. 43a, 02300, Vilniaus m. sav.
    Coords: 54.65189, 25.18567
    95: 1.720 €/L  |  Dyzelinas: 1.820 €/L  |  Dujos: 0.770 €/L
  + Saurida — Vilnius, Rygos g. 2, 05259, Vilniaus m. sav.
    Coords: 54.71563, 25.22871
    95: –  |  Dyzelinas: –  |  Dujos: 0.770 €/L
  + Saurida — Vilnius Stanevičiaus g. 3A, 07131, Vilniaus m. sav.
    Coords: 54.72173, 25.25589
    95: –  |  Dyzelinas: –  |  Dujos: 0.770 €/L
  + Skulas — Vilnius, J.Kazlausko g. 33, Vilniaus m. sav.
    Coords: 54.72237, 25.27106
    95: 1.799 €/L  |  Dyzelinas: 1.839 €/L  |  Dujos: 0.769 €/L

Removed stations (70):
  - Boost Petrol — Ginkūnų k., Aušros g. 26
  - Boost Petrol — Kęstučio g. 1B, Kelmė
  - Boost Petrol — Kuršukų k., Plento g. 1
  - Boost Petrol — Marvelės g. 132, Kaunas
  - Boost Petrol — Dubijos g. 36
  - Boost Petrol — Smėlinkos k.
  - Boost Petrol — Zarasų g. 9, Utena
  - Boost Petrol — Maironių k., Kuršių g. 2
  - Eniris — Alytaus pl. 2, Mardosų k.
  - Eniris — Tauragės g. 29, Rimšų k.
  - Eniris — Puttvinskio g. 29, Kelmė
  - Eniris — Tiekėjų g. 34a, Kretinga
  - Eniris — Paršežerio g.1, Vabalų k.
  - Eniris — Klaipėdos g. 6b, Pagėgiai
  - Eniris — Dariaus ir Girėno g. 31, Plungė
  - Eniris — Telšių g. 2 b, Rainių k.
  - Eniris — Jurbarko g. 34, Raseiniai
  - Eniris — Platelių g. 1 a, Laivių k.
  - Eniris — Adakavo g. 1, Skaudvilė
  - Eniris — Rytinio Kelio g. 2a, Šilalė
  - Eniris — Mažeikių g. 1, Telšiai
  - Eniris — Klaipėdos g. 76, Žemaičių Naumiestis
  - Eniris — Minijos g. 1, Aleksandravo k.
  - Eniris — Plento g.2, Ventos m.
  - Eniris — Bačkonių k., Pastrėvio g. 1A,
  - Eniris — Laižuvos g. 82 d, Mažeikiai,
  - Eniris — Skuodo g. 7, Stripinių k.
  - Eniris — Alytaus g. 59, Krosnos k.
  - Eniris — Žemaitės g. 52, Užventis
  - Eniris — Ruoščių k. 1
  - Eniris — Skabeikių k. 4
  - Eniris — Kalnuotės 1 k.
  - Eniris — Beržų g. 24/Drąsiųjų 7, Tryškiai
  - Neste Lietuva — Klaipėdos g. 66,  Panevėžys
  - Neste Lietuva — Ąžuolpamūšio g. 1A, Raubonių k..
  - Neste Lietuva — Europos g. 6, N.Valios k.
  - Saurida — Naujoji Akmenė V. Kudirkos 18A
  - Saurida — Akmenės I kaimas Plento g. 1
  - Saurida — Pašakarnių km. Pašakarnių g. 1
  - Saurida — Šiauliai Vilniaus g. 373A
  - Saurida — Šiauliai Pramonės g. 7C
  - Saurida — Radviliškis Gedimino g. 50C
  - Saurida — Velžių km .Radviliškio plentas 2
  - Saurida — Skuodas Vytauto g. 20
  - Saurida — Klaipėda Jūrininkų pr. 29
  - Saurida — Šilalė Rytinio kelio g. 19
  - Saurida — Pašvenčio km.
  - Saurida — Kreivukės km.
  - Saurida — Kušliškių km. Suvalkijos g. 15
  - Saurida — Marijampolė Statybininkų g. 8
  - Saurida — Alytus Miškininkų g. 7
  - Saurida — Alytus Pramonės g. 5
  - Saurida — Panarvės km.
  - Saurida — Ignacavos km. Kauno pl. 18
  - Saurida — Domeikava Muitinės g. 2
  - Saurida — Kaunas Garažų g. 20
  - Saurida — Babtai Vandžiogalos g. 3
  - Saurida — Rumšiškės Lekavičiaus g. 71
  - Saurida — Lėkėčių km. Šakių g. 3
  - Saurida — Mauručiai Liepų g. 20
  - Saurida — Ukmergė Kareivinių g. 64
  - Saurida — Ukmergė Vilniaus g. 122
  - Saurida — Pageležių km.
  - Saurida — Čekoniškių km
  - Saurida — Zujūnai Buivydiškių g. 1A
  - Saurida — Visaginas Kosmoso g. 1
  - Saurida — Vilnius, Jankiškių g. 43a
  - Saurida — Vilnius, Rygos g. 2
  - Saurida — Vilnius Stanevičiaus g. 3A
  - Skulas — Vilnius, J.Kazlausko g. 34

Price changes (475):
  ~ A. Praškevičiaus IĮ — Kalvių g. 4, Šventininkų k.
      Dujos: 0.820 €/L → 0.800 €/L
  ~ Adukesta — Laisvės g. 50, Maciuičių k.
      95 benzinas: 1.890 €/L → 1.891 €/L
      Dyzelinas: 1.930 €/L → 1.931 €/L
      Dujos: 0.850 €/L → 0.851 €/L
  ~ Alauša — Palijoniškio g. 1, Utena
      95 benzinas: 1.829 €/L → 1.659 €/L
      Dyzelinas: 1.869 €/L → 1.729 €/L
      Dujos: 0.799 €/L → 0.759 €/L
  ~ Alauša — Kosmoso g. 3, Visaginas
      95 benzinas: 1.849 €/L → 1.659 €/L
      Dyzelinas: 1.899 €/L → 1.729 €/L
      Dujos: 0.799 €/L → 0.699 €/L
  ~ Alauša — Palemono g. 171, Kaunas
      95 benzinas: 1.799 €/L → 1.699 €/L
      Dyzelinas: 1.859 €/L → 1.799 €/L
  ~ Alauša — Kalvarijų g. 204G, Vilnius
      95 benzinas: 1.799 €/L → 1.689 €/L
      Dyzelinas: 1.839 €/L → 1.724 €/L
      Dujos: 0.779 €/L → 0.734 €/L
  ~ Alauša — Kirtimų g. 23A, Vilnius
      95 benzinas: 1.879 €/L → 1.659 €/L
      Dyzelinas: 1.919 €/L → 1.729 €/L
      Dujos: 0.839 €/L → 0.699 €/L
  ~ Alauša — Pelesos g. 1/2, Vilnius
      95 benzinas: 1.884 €/L → 1.679 €/L
      Dyzelinas: 1.934 €/L → 1.749 €/L
      Dujos: 0.899 €/L → 0.749 €/L
  ~ Alauša — Kauno g. 37, Ukmergė
      95 benzinas: 1.824 €/L → 1.654 €/L
      Dyzelinas: 1.874 €/L → 1.724 €/L
      Dujos: 0.789 €/L → 0.699 €/L
  ~ Alauša — Plento g. 17, Daugailiai
      95 benzinas: 1.829 €/L → 1.659 €/L
      Dyzelinas: 1.869 €/L → 1.729 €/L
      Dujos: 0.799 €/L → 0.719 €/L
  ~ Alauša — Plento g. 2B, Kairiai
      95 benzinas: 1.789 €/L → 1.749 €/L
      Dyzelinas: 1.849 €/L → 1.799 €/L
  ~ Alauša — Vilniaus g. 8, Grigiškės
      95 benzinas: 1.849 €/L → 1.679 €/L
      Dyzelinas: 1.899 €/L → 1.749 €/L
      Dujos: 0.819 €/L → 0.749 €/L
  ~ Alauša — Plytinės g. 2, Puskelnių k.
      95 benzinas: 1.799 €/L → 1.659 €/L
      Dyzelinas: 1.849 €/L → 1.799 €/L
  ~ Alauša — Stoties g. 49, Marijampolė
      95 benzinas: 1.839 €/L → 1.659 €/L
      Dyzelinas: 1.879 €/L → 1.724 €/L
      Dujos: 0.779 €/L → 0.699 €/L
  ~ Alauša — Paširvio g. 1, Paširvinčio k.
      95 benzinas: 1.794 €/L → 1.654 €/L
      Dyzelinas: 1.854 €/L → 1.724 €/L
      Dujos: 0.784 €/L → 0.699 €/L
  ~ Alauša — Šakių g. 51, Kudirkos Naumiestis
      95 benzinas: 1.845 €/L → 1.815 €/L
  ~ Alauša — Skraičionių g. 1, Skraičionių k.
      95 benzinas: 1.869 €/L → 1.749 €/L
      Dyzelinas: 1.919 €/L → 1.799 €/L
  ~ Alauša — Europos g. 17, Salaperaugio k.
      95 benzinas: 1.869 €/L → 1.799 €/L
      Dyzelinas: 1.899 €/L → 1.869 €/L
  ~ Alauša — Švenčionių g. 29A, Ignalina
      95 benzinas: 1.849 €/L → 1.659 €/L
      Dyzelinas: 1.899 €/L → 1.729 €/L
      Dujos: 0.799 €/L → 0.699 €/L
  ~ Alauša — Šiaurės g. 39, Vilnius
      95 benzinas: 1.779 €/L → 1.679 €/L
      Dyzelinas: 1.829 €/L → 1.749 €/L
      Dujos: 0.779 €/L → 0.729 €/L
  ~ Alauša — Sporto g. 50A, Marijampolė
      95 benzinas: 1.839 €/L → 1.659 €/L
      Dyzelinas: 1.878 €/L → 1.729 €/L
  ~ Alauša — J. Basanavičiaus g. 1C, Utena
      95 benzinas: 1.824 €/L → 1.654 €/L
      Dyzelinas: 1.864 €/L → 1.724 €/L
      Dujos: 0.784 €/L → 0.714 €/L
  ~ Alauša — Šv. Stepono g. 44, Vilnius
      95 benzinas: 1.849 €/L → 1.659 €/L
      Dyzelinas: 1.899 €/L → 1.729 €/L
  ~ Alauša — Buivydiškių g. 5, Vilnius
      95 benzinas: 1.779 €/L → 1.659 €/L
      Dyzelinas: 1.859 €/L → 1.729 €/L
  ~ Alauša — Santaikos g. 2A, Santaikos k.
      95 benzinas: 1.779 €/L → 1.679 €/L
      Dyzelinas: 1.829 €/L → 1.749 €/L
      Dujos: 0.799 €/L → 0.739 €/L
  ~ Alauša — Laisvės pr. 125A, Vilnius
      95 benzinas: 1.749 €/L → 1.659 €/L
      Dyzelinas: 1.799 €/L → 1.729 €/L
  ~ Alauša — Dariaus ir Girėno g. 36, Obeliai
      95 benzinas: 1.879 €/L → 1.659 €/L
      Dyzelinas: 1.929 €/L → 1.729 €/L
  ~ Alauša — A. Vienuolio g. 32A, Anykščiai
      95 benzinas: 1.759 €/L → 1.659 €/L
      Dyzelinas: 1.799 €/L → 1.729 €/L
      Dujos: 0.789 €/L → 0.699 €/L
  ~ Andopas — Ramučių g.43,  Barzdūnų k.
      95 benzinas: 1.700 €/L → 1.750 €/L
      Dyzelinas: 1.780 €/L → 1.800 €/L
  ~ Apsaga — Vilniaus g.16, Šiauliai
      95 benzinas: 1.799 €/L → 1.790 €/L
      Dyzelinas: 1.849 €/L → 1.840 €/L
  ~ Apsaga — Tilžės g. 223, Šiauliai
      95 benzinas: 1.819 €/L → 1.749 €/L
      Dyzelinas: 1.869 €/L → 1.799 €/L
      Dujos: 0.800 €/L → 0.730 €/L
  ~ Apsaga — V. Bielskio g. 47A, Šiauliai
      95 benzinas: 1.790 €/L → 1.770 €/L
      Dyzelinas: 1.860 €/L → 1.840 €/L
  ~ Autograndas — Taikos pr. 47
      95 benzinas: 1.843 €/L → 1.658 €/L
      Dyzelinas: 1.897 €/L → 1.732 €/L
  ~ Baltic Petroleum — Gudžionių k., Plento g. 24
      95 benzinas: 1.879 €/L → 1.839 €/L
      Dyzelinas: 1.919 €/L → 1.899 €/L
  ~ Baltic Petroleum — Klaipėda, Šilutės pl. 1
      95 benzinas: 1.799 €/L → 1.749 €/L
      Dyzelinas: 1.879 €/L → 1.839 €/L
  ~ Baltic Petroleum — Palanga, Klaipėdos pl. 44
      95 benzinas: 1.829 €/L → 1.749 €/L
  ~ Baltic Petroleum — Šilutė, Klaipėdos g. 4A
      95 benzinas: 1.779 €/L → 1.759 €/L
      Dyzelinas: 1.829 €/L → 1.809 €/L
  ~ Baltic Petroleum — Alytus, Santaikos g. 33
      95 benzinas: 1.729 €/L → 1.699 €/L
      Dyzelinas: 1.809 €/L → 1.799 €/L
  ~ Baltic Petroleum — Druskininkai, Gardino g. 79
      95 benzinas: 1.879 €/L → 1.869 €/L
      Dyzelinas: 1.929 €/L → 1.919 €/L
  ~ Baltic Petroleum — Lazdijai, Turistų g. 88
      95 benzinas: 1.779 €/L → 1.749 €/L
  ~ Baltic Petroleum — Telšiai, Šiaulių pl. 12
      95 benzinas: 1.879 €/L → 1.839 €/L
      Dyzelinas: 1.919 €/L → 1.899 €/L
  ~ Baltic Petroleum — Joniškis, Vilniaus g. 72
      95 benzinas: 1.799 €/L → 1.669 €/L
      Dyzelinas: 1.869 €/L → 1.729 €/L
  ~ Baltic Petroleum — Utena, Basanavičiaus g. 1B
      95 benzinas: 1.829 €/L → 1.659 €/L
      Dyzelinas: 1.869 €/L → 1.729 €/L
      Dujos: 0.789 €/L → 0.719 €/L
  ~ Baltic Petroleum — Prienai, Vilniaus g. 3A
      95 benzinas: 1.819 €/L → 1.779 €/L
      Dyzelinas: 1.889 €/L → 1.859 €/L
  ~ Baltic Petroleum — Kėdainiai, J. Basanavičiaus g. 95B
      95 benzinas: 1.879 €/L → 1.859 €/L
      Dyzelinas: 1.919 €/L → 1.899 €/L
  ~ Baltic Petroleum — Ukmergė, Kauno g. 49
      95 benzinas: 1.829 €/L → 1.659 €/L
      Dyzelinas: 1.879 €/L → 1.729 €/L
      Dujos: 0.789 €/L → 0.739 €/L
  ~ Baltic Petroleum — Valantiškio k.
      95 benzinas: 1.899 €/L → 1.869 €/L
      Dyzelinas: 1.949 €/L → 1.919 €/L
  ~ Baltic Petroleum — Skuodas, Vytauto g. 22
      95 benzinas: 1.779 €/L → 1.669 €/L
      Dyzelinas: 1.829 €/L → 1.729 €/L
      Dujos: 0.800 €/L → 0.730 €/L
  ~ Baltic Petroleum — Vilnius  Kalvarijų g. 161A
      95 benzinas: 1.779 €/L → 1.699 €/L
      Dyzelinas: 1.829 €/L → 1.729 €/L
      Dujos: 0.779 €/L → 0.739 €/L
  ~ Baltic Petroleum — Trakai, Vilniaus g. 33
      Dujos: 0.849 €/L → 0.829 €/L
  ~ Baltic Petroleum — Molėtai, Vilniaus g.104
      95 benzinas: 1.859 €/L → 1.829 €/L
      Dyzelinas: 1.919 €/L → 1.899 €/L
  ~ Baltic Petroleum — Varėna, Čiurlionio g. 63
      95 benzinas: 1.889 €/L → 1.849 €/L
      Dyzelinas: 1.949 €/L → 1.889 €/L
  ~ Baltic Petroleum — Klaipėda, Tilžės g. 90
      95 benzinas: 1.799 €/L → 1.749 €/L
      Dyzelinas: 1.879 €/L → 1.839 €/L
  ~ Baltic Petroleum — Vilnius, Metalo g. 4B
      95 benzinas: 1.839 €/L → 1.809 €/L
  ~ Baltic Petroleum — Širvintos, Musninkų g. 21
      95 benzinas: 1.799 €/L → 1.659 €/L
      Dyzelinas: 1.859 €/L → 1.729 €/L
      Dujos: 0.789 €/L → 0.739 €/L
  ~ Baltic Petroleum — Vilkaraisčio k.
      95 benzinas: 1.820 €/L → 1.760 €/L
      Dyzelinas: 1.870 €/L → 1.840 €/L
  ~ Baltic Petroleum — Šilalė, Rytinio Kelio g. 2
      95 benzinas: 1.779 €/L → 1.769 €/L
      Dyzelinas: 1.829 €/L → 1.819 €/L
  ~ Baltic Petroleum — Pietarių k. Kauno g. 164
      95 benzinas: 1.829 €/L → 1.659 €/L
      Dyzelinas: 1.869 €/L → 1.729 €/L
      Dujos: 0.789 €/L → 0.739 €/L
  ~ Baltic Petroleum — Vilnius, Molėtų pl. 27A
      95 benzinas: 1.819 €/L → 1.759 €/L
      Dyzelinas: 1.869 €/L → 1.819 €/L
  ~ Baltic Petroleum — Vilnius, S. Batoro g. 15
      95 benzinas: 1.779 €/L → 1.759 €/L
      Dyzelinas: 1.829 €/L → 1.819 €/L
  ~ Baltic Petroleum — Užubalių k. Senasis Ukmergės kelias 4
      95 benzinas: 1.819 €/L → 1.799 €/L
      Dyzelinas: 1.869 €/L → 1.829 €/L
  ~ Baltic Petroleum — Vilnius, Rinktinės g. 59
      95 benzinas: 1.829 €/L → 1.749 €/L
      Dyzelinas: 1.869 €/L → 1.819 €/L
  ~ Baltic Petroleum — Marijampolė, Vasaros g. 15
      95 benzinas: 1.829 €/L → 1.699 €/L
      Dyzelinas: 1.869 €/L → 1.729 €/L
      Dujos: 0.789 €/L → 0.739 €/L
  ~ Baltic Petroleum — Ožtakių k., Dariaus ir Girėno g. 77
      95 benzinas: 1.899 €/L → 1.849 €/L
      Dyzelinas: 1.949 €/L → 1.909 €/L
  ~ Baltic Petroleum — Triliškių k., Kauno pl. 5
      95 benzinas: 1.829 €/L → 1.819 €/L
      Dyzelinas: 1.889 €/L → 1.849 €/L
  ~ Baltic Petroleum — Pagirių k., Marijampolės g. 1
      95 benzinas: 1.779 €/L → 1.759 €/L
      Dyzelinas: 1.829 €/L → 1.809 €/L
  ~ Baltic Petroleum — Spanėnų k., Plento g. 46
      95 benzinas: 1.889 €/L → 1.879 €/L
      Dyzelinas: 1.939 €/L → 1.929 €/L
  ~ Baltic Petroleum — Užežerės k., Gardenio g. 39
      95 benzinas: 1.829 €/L → 1.799 €/L
      Dyzelinas: 1.879 €/L → 1.859 €/L
  ~ Baltic Petroleum — Kalnujų k. 1
      95 benzinas: 1.859 €/L → 1.849 €/L
      Dyzelinas: 1.899 €/L → 1.889 €/L
  ~ Baltic Petroleum — Klaipėda, Liepų g. 79A
      95 benzinas: 1.799 €/L → 1.729 €/L
      Dyzelinas: 1.879 €/L → 1.819 €/L
  ~ Baltic Petroleum — Mažeikiai, M. Daukšos g. 17
      95 benzinas: 1.819 €/L → 1.799 €/L
      Dyzelinas: 1.869 €/L → 1.859 €/L
  ~ Baltic Petroleum — Druskininkai, Leipalingio g. 26
      Dyzelinas: 1.929 €/L → 1.919 €/L
  ~ Baltic Petroleum — Merkinė, Vilniaus g. 87
      95 benzinas: 1.899 €/L → 1.879 €/L
      Dyzelinas: 1.949 €/L → 1.919 €/L
  ~ Baltic Petroleum — Jonava, Žemaitės g. 1
      95 benzinas: 1.889 €/L → 1.879 €/L
      Dyzelinas: 1.939 €/L → 1.929 €/L
  ~ Baltic Petroleum — Senoji Varėna, Vilniaus g. 6A
      95 benzinas: 1.899 €/L → 1.849 €/L
      Dyzelinas: 1.949 €/L → 1.889 €/L
  ~ Baltic Petroleum — Griškabūdis
      95 benzinas: 1.850 €/L → 1.820 €/L
  ~ Baltic Petroleum — Vilnius, Brazdžionio g. 2
      95 benzinas: 1.779 €/L → 1.749 €/L
      Dyzelinas: 1.829 €/L → 1.799 €/L
  ~ Baltic Petroleum — Grigaičiai, Pavilnės g.
      95 benzinas: 1.779 €/L → 1.749 €/L
      Dyzelinas: 1.829 €/L → 1.799 €/L
  ~ Baltic Petroleum — Ringaudų k., Gėlių g. 1A
      95 benzinas: 1.779 €/L → 1.749 €/L
      Dyzelinas: 1.829 €/L → 1.799 €/L
  ~ Baltic Petroleum — Visalaukio g. 2
      95 benzinas: 1.779 €/L → 1.749 €/L
      Dyzelinas: 1.829 €/L → 1.799 €/L
  ~ Baltic Petroleum — Noriūnų k., Parko g. 3A
      95 benzinas: 1.719 €/L → 1.659 €/L
      Dyzelinas: 1.779 €/L → 1.729 €/L
      Dujos: 0.829 €/L → 0.759 €/L
  ~ Baltic Petroleum — Vilnius, Zujūnų g. 2A
      95 benzinas: 1.819 €/L → 1.749 €/L
      Dyzelinas: 1.869 €/L → 1.799 €/L
  ~ Baltic Petroleum — Tirkšliai, Laukų g. 10
      95 benzinas: 1.839 €/L → 1.799 €/L
      Dyzelinas: 1.879 €/L → 1.859 €/L
  ~ Baltic Petroleum — Marijampolė, P. Armino g. 69
      95 benzinas: 1.829 €/L → 1.699 €/L
      Dyzelinas: 1.869 €/L → 1.729 €/L
      Dujos: 0.789 €/L → 0.739 €/L
  ~ Baltic Petroleum — Leipalingis, Merkinės g. 37
      95 benzinas: 1.899 €/L → 1.879 €/L
      Dyzelinas: 1.949 €/L → 1.919 €/L
  ~ Baltic Petroleum — Palanga, Ganyklų g. 28C
      95 benzinas: 1.799 €/L → 1.729 €/L
  ~ Baltic Petroleum — Anykščiai, Mindaugo g. 23
      95 benzinas: 1.779 €/L → 1.659 €/L
      Dyzelinas: 1.829 €/L → 1.729 €/L
      Dujos: 0.789 €/L → 0.739 €/L
  ~ Baltic Petroleum — Gargždai, Dariaus ir Girėno g. 10
      95 benzinas: 1.799 €/L → 1.749 €/L
      Dyzelinas: 1.839 €/L → 1.799 €/L
  ~ Bemija — Dariaus ir Girėmo g. 31, Ukmergė
      Dujos: 0.890 €/L → 0.830 €/L
  ~ Bonsa — Tilžės pl. 46, Taurai
      95 benzinas: 1.659 €/L → 1.639 €/L
      Dyzelinas: 1.729 €/L → 1.709 €/L
      Dujos: 0.720 €/L → 0.710 €/L
  ~ Bonsa — Vaidatonių k. 1
      Dyzelinas: 1.790 €/L → 1.710 €/L
      Dujos: 0.780 €/L → 0.750 €/L
  ~ Borusta — Vilniaus g. 2a, Aukštadvaris
      95 benzinas: 1.800 €/L → 1.670 €/L
      Dyzelinas: 1.880 €/L → 1.780 €/L
  ~ Borusta — Piliakalnio g. 3, Stakliškės
      95 benzinas: 1.700 €/L → 1.670 €/L
  ~ Borusta — Prienų g. 14, Birštonas
      95 benzinas: 1.800 €/L → 1.670 €/L
      Dyzelinas: 1.880 €/L → 1.780 €/L
  ~ Circle K — Geležinio Vilko g. 2A, Vilnius
      95 benzinas: 1.949 €/L → 1.899 €/L
      Dyzelinas: 1.999 €/L → 1.949 €/L
  ~ Circle K — Baltupio g. 10, Vilnius
      95 benzinas: 1.829 €/L → 1.819 €/L
      Dyzelinas: 1.869 €/L → 1.864 €/L
  ~ Circle K — A. P. Kavoliuko g. 32A, Vilnius
      95 benzinas: 1.924 €/L → 1.819 €/L
      Dyzelinas: 1.969 €/L → 1.879 €/L
  ~ Circle K — Sporto g. 16A, Vilnius
      95 benzinas: 1.899 €/L → 1.859 €/L
      Dyzelinas: 1.949 €/L → 1.919 €/L
  ~ Circle K — Ukmergės g. 231, Vilnius
      95 benzinas: 1.919 €/L → 1.824 €/L
      Dyzelinas: 1.974 €/L → 1.899 €/L
  ~ Circle K — Kareivių g. 13, Vilnius
      95 benzinas: 1.939 €/L → 1.839 €/L
      Dyzelinas: 1.959 €/L → 1.889 €/L
  ~ Circle K — A. Goštauto g. 13, Vilnius
      95 benzinas: 1.904 €/L → 1.844 €/L
      Dyzelinas: 1.954 €/L → 1.904 €/L
  ~ Circle K — Laisvės pr. 43C, Vilnius
      95 benzinas: 1.769 €/L → 1.799 €/L
      Dyzelinas: 1.859 €/L → 1.879 €/L
  ~ Circle K — J. Tiškevičiaus g. 24, Vilnius
      95 benzinas: 1.924 €/L → 1.894 €/L
      Dyzelinas: 1.974 €/L → 1.944 €/L
  ~ Circle K — Eišiškių pl. 11, Vilnius
      95 benzinas: 1.939 €/L → 1.869 €/L
      Dyzelinas: 1.989 €/L → 1.929 €/L
  ~ Circle K — Pramonės pr. 18, Kaunas
      95 benzinas: 1.929 €/L → 1.844 €/L
      Dyzelinas: 1.979 €/L → 1.894 €/L
      Dujos: 0.869 €/L → 0.859 €/L
  ~ Circle K — Raudondvario pl. 107A, Kaunas
      95 benzinas: 1.949 €/L → 1.829 €/L
      Dyzelinas: 1.999 €/L → 1.889 €/L
  ~ Circle K — Sudervės g. 2G, Avižienių k.
      Dyzelinas: 1.959 €/L → 1.939 €/L
  ~ Circle K — R. Kalantos g. 159, Kaunas
      95 benzinas: 1.899 €/L → 1.854 €/L
      Dyzelinas: 1.959 €/L → 1.899 €/L
  ~ Circle K — Naujoji g. 120, Alytus
      95 benzinas: 1.829 €/L → 1.789 €/L
      Dyzelinas: 1.879 €/L → 1.889 €/L
      Dujos: 0.849 €/L → 0.836 €/L
  ~ Circle K — Savanorių pr. 321, Kaunas
      95 benzinas: 1.919 €/L → 1.869 €/L
      Dyzelinas: 1.969 €/L → 1.939 €/L
  ~ Circle K — Veiverių g. 49A, Kaunas
      95 benzinas: 1.939 €/L → 1.869 €/L
      Dyzelinas: 1.989 €/L → 1.969 €/L
  ~ Circle K — Dubijos g. 20A, Šiauliai
      95 benzinas: 1.899 €/L → 1.849 €/L
      Dyzelinas: 1.939 €/L → 1.879 €/L
      Dujos: 0.939 €/L → 0.899 €/L
  ~ Circle K — Talino g. 2B, Vilnius
      95 benzinas: 1.904 €/L → 1.809 €/L
      Dyzelinas: 1.969 €/L → 1.894 €/L
  ~ Circle K — Pramonės g. 17a, Šiauliai
      95 benzinas: 1.899 €/L → 1.869 €/L
      Dyzelinas: 1.939 €/L → 1.889 €/L
      Dujos: 0.839 €/L → 0.829 €/L
  ~ Circle K — Sabališkių g. 1F, Elektrėnai
      95 benzinas: 1.939 €/L → 1.889 €/L
      Dyzelinas: 1.959 €/L → 1.929 €/L
      Dujos: 0.899 €/L → 0.889 €/L
  ~ Circle K — J. Basanavičiaus g. 108a, Utena
      95 benzinas: 1.919 €/L → 1.859 €/L
      Dyzelinas: 1.999 €/L → 1.939 €/L
  ~ Circle K — Baltijos Kelio g. 33, Ūtos k.
      95 benzinas: 1.849 €/L → 1.819 €/L
      Dyzelinas: 1.924 €/L → 1.879 €/L
      Dujos: 0.869 €/L → 0.819 €/L
  ~ Circle K — Kretingos g. 56, Palanga
      Dujos: 0.859 €/L → 0.839 €/L
  ~ Circle K — Minijos g. 90, Klaipėda
      95 benzinas: 1.899 €/L → 1.839 €/L
      Dyzelinas: 1.959 €/L → 1.939 €/L
  ~ Circle K — Taikos pr. 61B, Klaipėda
      95 benzinas: 1.899 €/L → 1.839 €/L
      Dyzelinas: 1.959 €/L → 1.939 €/L
  ~ Circle K — H. Manto g. 96, Klaipėda
      95 benzinas: 1.939 €/L → 1.889 €/L
      Dyzelinas: 1.999 €/L → 1.969 €/L
  ~ Circle K — Kauno g. 130, Marijampolė
      95 benzinas: 1.899 €/L → 1.799 €/L
      Dyzelinas: 1.949 €/L → 1.879 €/L
      Dujos: 0.840 €/L → 0.799 €/L
  ~ Circle K — Rūtų g. 2B, Alytus
      95 benzinas: 1.889 €/L → 1.829 €/L
      Dyzelinas: 1.949 €/L → 1.899 €/L
  ~ Circle K — M. K. Čiurlionio g. 113, Druskininkai
      95 benzinas: 1.899 €/L → 1.889 €/L
      Dyzelinas: 1.949 €/L → 1.939 €/L
  ~ Circle K — J. Basanavičiaus g. 63, Panevėžys
      95 benzinas: 1.919 €/L → 1.799 €/L
      Dyzelinas: 1.969 €/L → 1.849 €/L
  ~ Circle K — Parko g. 7A, Panevėžys
      95 benzinas: 1.899 €/L → 1.844 €/L
      Dyzelinas: 1.949 €/L → 1.889 €/L
      Dujos: 0.869 €/L → 0.819 €/L
  ~ Circle K — Jono Dailidės g. 10, Marijampolė
      95 benzinas: 1.869 €/L → 1.769 €/L
      Dyzelinas: 1.929 €/L → 1.859 €/L
  ~ Circle K — J. Basanavičiaus g. 40a, Kėdainiai
      95 benzinas: 1.919 €/L → 1.859 €/L
      Dyzelinas: 1.979 €/L → 1.899 €/L
  ~ Circle K — Luokės g. 70, Telšiai
      95 benzinas: 1.919 €/L → 1.889 €/L
      Dyzelinas: 1.969 €/L → 1.939 €/L
      Dujos: 0.859 €/L → 0.849 €/L
  ~ Circle K — Cintjoniškių g. 15, Šilutė
      95 benzinas: 1.864 €/L → 1.835 €/L
      Dyzelinas: 1.914 €/L → 1.885 €/L
      Dujos: 0.839 €/L → 0.820 €/L
  ~ Circle K — Savanorių g. 5, Varėna
      Dyzelinas: 1.899 €/L → 1.909 €/L
  ~ Circle K — Žemaitijos g. 57, Mažeikiai
      95 benzinas: 1.839 €/L → 1.819 €/L
      Dujos: 0.859 €/L → 0.869 €/L
  ~ Circle K — Sidabros g. 2A, Satkūnų k.
      95 benzinas: 1.899 €/L → 1.889 €/L
  ~ Circle K — Vasario 16-osios g. 33, Jonava
      95 benzinas: 1.899 €/L → 1.859 €/L
      Dyzelinas: 1.949 €/L → 1.919 €/L
  ~ Circle K — Geležinio Vilko g. 39, Vilnius
      95 benzinas: 1.904 €/L → 1.844 €/L
      Dyzelinas: 1.954 €/L → 1.904 €/L
  ~ Circle K — Prūsų g. 26 A, Vilnius
      95 benzinas: 1.939 €/L → 1.869 €/L
      Dyzelinas: 1.989 €/L → 1.929 €/L
  ~ Circle K — Gedimino g. 42B, Radviliškis
      95 benzinas: 1.869 €/L → 1.849 €/L
      Dyzelinas: 1.919 €/L → 1.879 €/L
  ~ Circle K — Gedimino g. 47, Tauragė
      95 benzinas: 1.929 €/L → 1.909 €/L
      Dyzelinas: 1.989 €/L → 1.959 €/L
      Dujos: 0.869 €/L → 0.859 €/L
  ~ Circle K — Panevėžio aplinkl. 20, Šilagalio k.
      95 benzinas: 1.849 €/L → 1.819 €/L
      Dyzelinas: 1.924 €/L → 1.879 €/L
      Dujos: 0.869 €/L → 0.819 €/L
  ~ Circle K — Vakarinis aplinkkelis 10, Kaunas
      95 benzinas: 1.899 €/L → 1.849 €/L
      Dyzelinas: 1.979 €/L → 1.919 €/L
      Dujos: 0.889 €/L → 0.859 €/L
  ~ Circle K — Žemaičių pl. 19, Kaunas
      95 benzinas: 1.874 €/L → 1.809 €/L
      Dyzelinas: 1.904 €/L → 1.864 €/L
      Dujos: 0.869 €/L → 0.839 €/L
  ~ Circle K — Dvaro g. 3, Košių II k.
      95 benzinas: 1.939 €/L → 1.919 €/L
      Dyzelinas: 2.039 €/L → 1.999 €/L
      Dujos: 0.929 €/L → 0.909 €/L
  ~ Circle K — Vilniaus pl. 21, Jakų k.
      95 benzinas: 1.899 €/L → 1.889 €/L
      Dyzelinas: 1.969 €/L → 1.959 €/L
      Dujos: 0.880 €/L → 0.840 €/L
  ~ Circle K — Geležinio Vilko g. 24, Vilnius
      95 benzinas: 1.884 €/L → 1.809 €/L
      Dyzelinas: 1.949 €/L → 1.869 €/L
  ~ Circle K — Taikos pr. 52A, Kaunas
      95 benzinas: 1.899 €/L → 1.859 €/L
      Dyzelinas: 1.959 €/L → 1.914 €/L
  ~ Circle K — Kilučių g. 93, Biržai
      95 benzinas: 1.899 €/L → 1.874 €/L
      Dyzelinas: 1.949 €/L → 1.924 €/L
  ~ Circle K — Karaliaus Mindaugo pr. 34A, Kaunas
      95 benzinas: 1.939 €/L → 1.869 €/L
      Dyzelinas: 1.989 €/L → 1.969 €/L
  ~ Circle K — Didžiulio g. 5, Dėdeliškių k.
      95 benzinas: 1.909 €/L → 1.949 €/L
  ~ Circle K — J. Basanavičiaus g. 3, Utena
      95 benzinas: 1.899 €/L → 1.829 €/L
      Dyzelinas: 1.949 €/L → 1.894 €/L
      Dujos: 0.854 €/L → 0.809 €/L
  ~ Circle K — Nekrūnų k. 1
      95 benzinas: 1.889 €/L → 1.829 €/L
      Dyzelinas: 1.939 €/L → 1.879 €/L
  ~ Circle K — Vilkaviškio g. 10, Serdokų k.
      Dyzelinas: 1.929 €/L → 1.919 €/L
  ~ Circle K — Taikos pr. 112A, Klaipėda
      95 benzinas: 1.899 €/L → 1.835 €/L
      Dyzelinas: 1.939 €/L → 1.909 €/L
      Dujos: 0.820 €/L → 0.800 €/L
  ~ Circle K — Vilniaus pl. 1A, Klaipėda
      95 benzinas: 1.929 €/L → 1.839 €/L
      Dyzelinas: 1.959 €/L → 1.899 €/L
      Dujos: 0.939 €/L → 0.899 €/L
  ~ Circle K — Pikelių k. 1
      95 benzinas: 1.939 €/L → 1.919 €/L
      Dyzelinas: 2.039 €/L → 1.999 €/L
      Dujos: 0.929 €/L → 0.909 €/L
  ~ Circle K — Vilniaus g. 62, Šiauliai
      95 benzinas: 1.869 €/L → 1.819 €/L
      Dyzelinas: 1.909 €/L → 1.849 €/L
  ~ Circle K — R. Kalantos g. 68, Kaunas
      95 benzinas: 1.869 €/L → 1.824 €/L
      Dyzelinas: 1.929 €/L → 1.869 €/L
  ~ Circle K — Varnių g. 46, Kaunas
      95 benzinas: 1.899 €/L → 1.799 €/L
      Dyzelinas: 1.959 €/L → 1.869 €/L
  ~ Circle K — Oslo g. 12, Vilnius
      95 benzinas: 1.909 €/L → 1.799 €/L
      Dyzelinas: 1.944 €/L → 1.879 €/L
  ~ Circle K — Dariaus ir Girėno g. 83A, Tauragė
      95 benzinas: 1.899 €/L → 1.879 €/L
      Dyzelinas: 1.959 €/L → 1.929 €/L
  ~ Circle K — Islandijos pl. 32, Kaunas
      95 benzinas: 1.894 €/L → 1.819 €/L
      Dyzelinas: 1.939 €/L → 1.874 €/L
  ~ Circle K — Savanorių pr. 118, Vilnius
      95 benzinas: 1.899 €/L → 1.849 €/L
      Dyzelinas: 1.949 €/L → 1.899 €/L
  ~ Circle K — P. Žadeikos g. 1a, Vilnius
      95 benzinas: 1.839 €/L → 1.824 €/L
      Dyzelinas: 1.899 €/L → 1.924 €/L
  ~ Circle K — Savanorių pr. 119A, Vilnius
      95 benzinas: 1.899 €/L → 1.849 €/L
      Dyzelinas: 1.949 €/L → 1.899 €/L
  ~ Circle K — Kareivių g. 3, Vilnius
      95 benzinas: 1.829 €/L → 1.819 €/L
      Dujos: 0.839 €/L → 0.859 €/L
  ~ Circle K — Geležinio Vilko g. 4, Vilnius
      95 benzinas: 1.904 €/L → 1.844 €/L
      Dyzelinas: 1.954 €/L → 1.904 €/L
  ~ Circle K — Gariūnų g. 45, Vilnius
      95 benzinas: 1.919 €/L → 1.809 €/L
      Dyzelinas: 1.954 €/L → 1.889 €/L
  ~ Circle K — Savanorių pr. 404B, Kaunas
      95 benzinas: 1.869 €/L → 1.819 €/L
      Dyzelinas: 1.929 €/L → 1.899 €/L
  ~ Circle K — Tvirtovės alėja 33a, Kaunas
      95 benzinas: 1.919 €/L → 1.839 €/L
      Dyzelinas: 1.969 €/L → 1.909 €/L
  ~ Circle K — Sukilėlių pr. 120, Kaunas
      95 benzinas: 1.919 €/L → 1.819 €/L
      Dyzelinas: 1.959 €/L → 1.889 €/L
      Dujos: 0.819 €/L → 0.809 €/L
  ~ Circle K — K. Baršausko g. 57, Kaunas
      95 benzinas: 1.919 €/L → 1.849 €/L
      Dyzelinas: 1.969 €/L → 1.899 €/L
  ~ Circle K — Jonavos g. 38, Kaunas
      95 benzinas: 1.919 €/L → 1.859 €/L
      Dyzelinas: 1.969 €/L → 1.909 €/L
  ~ Circle K — Tilžės g. 25, Šiauliai
      95 benzinas: 1.899 €/L → 1.859 €/L
      Dyzelinas: 1.939 €/L → 1.879 €/L
      Dujos: 0.959 €/L → 0.899 €/L
  ~ Circle K — Tilžės g. 56A, Klaipėda
      95 benzinas: 1.869 €/L → 1.809 €/L
      Dyzelinas: 1.939 €/L → 1.899 €/L
  ~ Circle K — Jūrininkų pr. 31, Klaipėda
      95 benzinas: 1.899 €/L → 1.829 €/L
      Dyzelinas: 1.949 €/L → 1.919 €/L
  ~ Circle K — Sausio 15-osios g. 2, Klaipėda
      95 benzinas: 1.869 €/L → 1.809 €/L
      Dyzelinas: 1.939 €/L → 1.899 €/L
  ~ Circle K — Klaipėdos g. 92A, Panevėžys
      95 benzinas: 1.879 €/L → 1.824 €/L
      Dyzelinas: 1.929 €/L → 1.869 €/L
  ~ Circle K — Molėtų g. 15, Didžiosios Riešės k.
      95 benzinas: 1.844 €/L → 1.769 €/L
      Dyzelinas: 1.914 €/L → 1.829 €/L
  ~ Deliuvis — Pušaloto g. 140, Panevėžys
      Dyzelinas: 1.769 €/L → 1.759 €/L
  ~ Deliuvis — G.Petkevičaitės-Bitės 35C, Panevėžys
      Dyzelinas: 1.769 €/L → 1.759 €/L
  ~ Deliuvis — S.Kerbedžio 2, Panevėžys
      Dyzelinas: 1.769 €/L → 1.759 €/L
  ~ Emsi — Ūdrijos g.2, Alytus
      95 benzinas: 1.690 €/L → 1.700 €/L
      Dyzelinas: 1.790 €/L → 1.800 €/L
      Dujos: 0.800 €/L → 0.790 €/L
  ~ Emsi — Žemaičių g. 34, Ariogala
      95 benzinas: 1.839 €/L → 1.849 €/L
      Dujos: 0.839 €/L → 0.799 €/L
  ~ Emsi — Ateities pl.40B, Kaunas
      95 benzinas: 1.779 €/L → 1.769 €/L
      Dyzelinas: 1.829 €/L → 1.819 €/L
  ~ Emsi — Jaunimo g.2a, Biržai
      95 benzinas: 1.849 €/L → 1.799 €/L
      Dyzelinas: 1.899 €/L → 1.849 €/L
      Dujos: 0.810 €/L → 0.780 €/L
  ~ Emsi — Bukiškio k. Ukmergės g.437
      95 benzinas: 1.829 €/L → 1.819 €/L
  ~ Emsi — Draugystės g.8B, Kaunas
      Dyzelinas: 1.899 €/L → 1.869 €/L
      Dujos: 0.799 €/L → 0.779 €/L
  ~ Emsi — Ilgakiemio k., Kauno g.25
      Dyzelinas: 1.819 €/L → 1.809 €/L
      Dujos: 0.780 €/L → 0.770 €/L
  ~ Emsi — Jeruzalės 2, Vilnius
      95 benzinas: 1.769 €/L → 1.779 €/L
      Dyzelinas: 1.819 €/L → 1.829 €/L
  ~ Emsi — Vasario 16-osios g.70, Jonava
      95 benzinas: 1.849 €/L → 1.819 €/L
      Dyzelinas: 1.899 €/L → 1.879 €/L
  ~ Emsi — Durpyno 63, Jonušų k.
      95 benzinas: 1.849 €/L → 1.799 €/L
      Dyzelinas: 1.899 €/L → 1.869 €/L
      Dujos: 0.830 €/L → 0.790 €/L
  ~ Emsi — Juodgirio k.1,
      95 benzinas: 1.839 €/L → 1.849 €/L
  ~ Emsi — Kirtimų g. 33, Vilnius
      Dujos: 0.799 €/L → 0.779 €/L
  ~ Emsi — Laisvės pr. 80B, Vilnius
      95 benzinas: 1.719 €/L → 1.739 €/L
      Dyzelinas: 1.819 €/L → 1.839 €/L
  ~ Emsi — Lazdijų sen., Janaslavo k.11
      95 benzinas: 1.779 €/L → 1.749 €/L
      Dyzelinas: 1.829 €/L → 1.819 €/L
  ~ Emsi — Sodų g.3A, Lentvaris
      95 benzinas: 1.830 €/L → 1.810 €/L
      Dyzelinas: 1.890 €/L → 1.860 €/L
      Dujos: 0.819 €/L → 0.799 €/L
  ~ Emsi — Mokyklos g. 26, Maišiagalos mstl.
      95 benzinas: 1.829 €/L → 1.819 €/L
  ~ Emsi — Stoties g. 6B, Marijampolė
      95 benzinas: 1.839 €/L → 1.659 €/L
      Dyzelinas: 1.879 €/L → 1.729 €/L
      Dujos: 0.780 €/L → 0.700 €/L
  ~ Emsi — Masiulio g.16C, Kaunas
      95 benzinas: 1.839 €/L → 1.819 €/L
      Dyzelinas: 1.889 €/L → 1.869 €/L
      Dujos: 0.819 €/L → 0.799 €/L
  ~ Emsi — Marijampolės g. 58, Mastaičių k.
      95 benzinas: 1.779 €/L → 1.759 €/L
      Dyzelinas: 1.829 €/L → 1.809 €/L
      Dujos: 0.810 €/L → 0.790 €/L
  ~ Emsi — Minijos g.154A, Klaipėda
      Dujos: 0.750 €/L → 0.730 €/L
  ~ Emsi — Nemuno g.79A, Panevėžys
      95 benzinas: 1.709 €/L → 1.699 €/L
      Dyzelinas: 1.809 €/L → 1.799 €/L
      Dujos: 0.799 €/L → 0.749 €/L
  ~ Emsi — Palemono g. 3A, Kaunas
      95 benzinas: 1.760 €/L → 1.750 €/L
      Dyzelinas: 1.810 €/L → 1.800 €/L
  ~ Emsi — Pasvalys, Taikos g.24
      Dyzelinas: 1.839 €/L → 1.829 €/L
      Dujos: 0.790 €/L → 0.770 €/L
  ~ Emsi — Paukštininkų g.4a, Kaišiadorys
      95 benzinas: 1.839 €/L → 1.799 €/L
  ~ Emsi — Kauno g.165, Pietarių k.
      95 benzinas: 1.809 €/L → 1.629 €/L
      Dyzelinas: 1.849 €/L → 1.749 €/L
      Dujos: 0.789 €/L → 0.749 €/L
  ~ Emsi — Pajautos g. 31, Vilnius (Pilaitė)
      95 benzinas: 1.829 €/L → 1.819 €/L
  ~ Emsi — Ramygalos g.186A, Panevėžys
      95 benzinas: 1.709 €/L → 1.699 €/L
      Dyzelinas: 1.809 €/L → 1.799 €/L
      Dujos: 0.790 €/L → 0.740 €/L
  ~ Emsi — Raščių k. 1A
      Dujos: 0.799 €/L → 0.749 €/L
  ~ Emsi — Sereikonių k., Baltijos kelio g.2
      Dyzelinas: 1.839 €/L → 1.829 €/L
      Dujos: 0.799 €/L → 0.759 €/L
  ~ Emsi — Šilagalio k., Panevėžio aplinkl.12
      95 benzinas: 1.699 €/L → 1.629 €/L
      Dyzelinas: 1.799 €/L → 1.749 €/L
      Dujos: 0.799 €/L → 0.749 €/L
  ~ Emsi — Gluosnių g.4A, Šilutė
      95 benzinas: 1.780 €/L → 1.750 €/L
      Dyzelinas: 1.830 €/L → 1.800 €/L
      Dujos: 0.790 €/L → 0.750 €/L
  ~ Emsi — Skaisčiūnų k., Europos g.11
      95 benzinas: 1.699 €/L → 1.629 €/L
      Dyzelinas: 1.799 €/L → 1.749 €/L
      Dujos: 0.799 €/L → 0.749 €/L
  ~ Emsi — Taikos pr.124, Klaipėda
      Dujos: 0.750 €/L → 0.730 €/L
  ~ Emsi — Gunkliškių g.2F, Vilnius
      95 benzinas: 1.839 €/L → 1.819 €/L
      Dyzelinas: 1.899 €/L → 1.869 €/L
  ~ Emsi — S.Nėries g.38, Vilkaviškis
      95 benzinas: 1.839 €/L → 1.759 €/L
      Dyzelinas: 1.889 €/L → 1.839 €/L
  ~ Eu Verslas — Viekšnių g. 24, Mažeikiai
      95 benzinas: 1.759 €/L → 1.659 €/L
      Dyzelinas: 1.859 €/L → 1.729 €/L
      Dujos: 0.829 €/L → 0.699 €/L
  ~ Eu Verslas — Telšių g. 127, Jovaišiškės k.
      95 benzinas: 1.679 €/L → 1.659 €/L
      Dyzelinas: 1.779 €/L → 1.729 €/L
      Dujos: 0.750 €/L → 0.700 €/L
  ~ Eu Verslas — Stoties g. 7C, Plungė
      95 benzinas: 1.680 €/L → 1.660 €/L
      Dyzelinas: 1.780 €/L → 1.730 €/L
      Dujos: 0.750 €/L → 0.700 €/L
  ~ Gazimpeksas — Telšiai, Mažeikių g. 7A
      Dujos: 0.820 €/L → 0.790 €/L
  ~ Circle K — Kauno g. 68, Girėnų k.
      Dujos: 0.957 €/L → 0.927 €/L
  ~ Jozita — Vilnius, Ukmergės g. 130
      95 benzinas: 1.650 €/L → 1.630 €/L
      Dyzelinas: 1.720 €/L → 1.700 €/L
      Dujos: 0.720 €/L → 0.710 €/L
  ~ Jozita — Papušynės k, Šilalės g. 105
      95 benzinas: 1.650 €/L → 1.630 €/L
      Dyzelinas: 1.720 €/L → 1.700 €/L
      Dujos: 0.720 €/L → 0.710 €/L
  ~ Kenaoil — Miško g.6, Kena
      95 benzinas: 1.899 €/L → 1.829 €/L
      Dyzelinas: 1.979 €/L → 1.929 €/L
  ~ Kriketas — Senkelio g. 13, Trakai
      95 benzinas: 1.909 €/L → –
      Dyzelinas: 1.959 €/L → –
      Dujos: 0.959 €/L → –
  ~ Littaura — Pramonės g. 6, Tauragė
      95 benzinas: 1.630 €/L → 1.640 €/L
      Dyzelinas: 1.750 €/L → 1.760 €/L
  ~ Medelsta — Pagirių k., Durpių g.45
      95 benzinas: 1.860 €/L → –
      Dyzelinas: 1.920 €/L → –
      Dujos: 0.900 €/L → –
  ~ Naftrus — Šilo g. 1, Ylių k.
      95 benzinas: 1.780 €/L → –
      Dyzelinas: 1.800 €/L → –
      Dujos: 0.800 €/L → –
  ~ Naftrus — Pievų g. 17, Slabados k.
      95 benzinas: 1.770 €/L → –
      Dyzelinas: 1.820 €/L → –
      Dujos: 0.750 €/L → –
  ~ Naftrus — Topolių g. 1, Degučių k.
      95 benzinas: 1.679 €/L → –
      Dyzelinas: 1.769 €/L → –
      Dujos: 0.800 €/L → –
  ~ Naftrus — Vilniaus g. 3B, Raseiniai
      95 benzinas: 1.789 €/L → –
      Dyzelinas: 1.919 €/L → –
      Dujos: 0.790 €/L → –
  ~ Neste Lietuva — Servečės g. 2, Vilnius
      95 benzinas: 1.864 €/L → 1.779 €/L
      Dyzelinas: 1.919 €/L → 1.839 €/L
  ~ Neste Lietuva — Ukmergės g. 296, Vilnius
      95 benzinas: 1.859 €/L → 1.759 €/L
      Dyzelinas: 1.899 €/L → 1.829 €/L
  ~ Neste Lietuva — Talino g. 2C, Vilnius
      95 benzinas: 1.864 €/L → 1.769 €/L
      Dyzelinas: 1.929 €/L → 1.854 €/L
  ~ Neste Lietuva — Erfurto g. 41, Vilnius
      95 benzinas: 1.869 €/L → 1.779 €/L
      Dyzelinas: 1.929 €/L → 1.849 €/L
  ~ Neste Lietuva — Geležinio Vilko g. 63, Vilnius
      95 benzinas: 1.844 €/L → 1.754 €/L
      Dyzelinas: 1.899 €/L → 1.824 €/L
  ~ Neste Lietuva — S. Stanevičiaus g. 3, Vilnius
      95 benzinas: 1.854 €/L → 1.764 €/L
      Dyzelinas: 1.909 €/L → 1.824 €/L
  ~ Neste Lietuva — Žirmūnų g. 68B, Vilnius
      95 benzinas: 1.859 €/L → 1.769 €/L
      Dyzelinas: 1.909 €/L → 1.824 €/L
  ~ Neste Lietuva — Rygos g. 2, Vilnius
      95 benzinas: 1.859 €/L → 1.769 €/L
      Dyzelinas: 1.919 €/L → 1.839 €/L
  ~ Neste Lietuva — Savanorių pr. 220A, Vilnius
      95 benzinas: 1.849 €/L → 1.799 €/L
      Dyzelinas: 1.899 €/L → 1.849 €/L
  ~ Neste Lietuva — Parodų g. 1A, Vilnius
      95 benzinas: 1.879 €/L → 1.789 €/L
      Dyzelinas: 1.939 €/L → 1.859 €/L
  ~ Neste Lietuva — Kauno g. 26, Vilnius
      95 benzinas: 1.914 €/L → 1.799 €/L
      Dyzelinas: 1.964 €/L → 1.869 €/L
  ~ Neste Lietuva — Savanorių pr. 187, Vilnius
      95 benzinas: 1.849 €/L → 1.799 €/L
      Dyzelinas: 1.899 €/L → 1.849 €/L
  ~ Neste Lietuva — Kedrų g. 2, Vilnius
      95 benzinas: 1.909 €/L → 1.819 €/L
      Dyzelinas: 1.939 €/L → 1.889 €/L
  ~ Neste Lietuva — Molėtų pl. 8, Vilnius
      95 benzinas: 1.834 €/L → 1.744 €/L
      Dyzelinas: 1.889 €/L → 1.814 €/L
  ~ Neste Lietuva — P. Lukšio g. 22, Vilnius
      95 benzinas: 1.849 €/L → 1.759 €/L
      Dyzelinas: 1.894 €/L → 1.819 €/L
  ~ Neste Lietuva — Žirmūnų g. 54C, Vilnius
      95 benzinas: 1.859 €/L → 1.769 €/L
      Dyzelinas: 1.899 €/L → 1.824 €/L
  ~ Neste Lietuva — Subačiaus g. 64, Vilnius
      95 benzinas: 1.899 €/L → 1.779 €/L
      Dyzelinas: 1.959 €/L → 1.849 €/L
  ~ Neste Lietuva — Dariaus ir Girėno g. 17, Vilnius
      95 benzinas: 1.879 €/L → 1.789 €/L
      Dyzelinas: 1.939 €/L → 1.859 €/L
  ~ Neste Lietuva — Architektų g. 130, Vilnius
      95 benzinas: 1.874 €/L → 1.784 €/L
      Dyzelinas: 1.934 €/L → 1.854 €/L
  ~ Neste Lietuva — Justiniškių g. 14B, Vilnius
      95 benzinas: 1.859 €/L → 1.799 €/L
      Dyzelinas: 1.919 €/L → 1.859 €/L
  ~ Neste Lietuva — Geležinio Vilko g. 37A, Vilnius
      95 benzinas: 1.884 €/L → 1.789 €/L
      Dyzelinas: 1.934 €/L → 1.869 €/L
  ~ Neste Lietuva — Pilaitės pr. 27, Vilnius
      95 benzinas: 1.844 €/L → 1.759 €/L
      Dyzelinas: 1.899 €/L → 1.819 €/L
  ~ Neste Lietuva — Žirnių g. 17, Vilnius
      95 benzinas: 1.874 €/L → 1.799 €/L
      Dyzelinas: 1.939 €/L → 1.869 €/L
  ~ Neste Lietuva — J. Tiškevičiaus g. 19, Vilnius
      95 benzinas: 1.884 €/L → 1.814 €/L
      Dyzelinas: 1.934 €/L → 1.864 €/L
  ~ Neste Lietuva — Eišiškių pl. 82, Vilnius
      95 benzinas: 1.869 €/L → 1.779 €/L
      Dyzelinas: 1.929 €/L → 1.849 €/L
  ~ Neste Lietuva — Gariūnų g. 55, Vilnius
      95 benzinas: 1.884 €/L → 1.779 €/L
      Dyzelinas: 1.929 €/L → 1.859 €/L
  ~ Neste Lietuva — Panerių g. 42, Vilnius
      95 benzinas: 1.904 €/L → 1.789 €/L
      Dyzelinas: 1.944 €/L → 1.849 €/L
  ~ Neste Lietuva — Geležinio Vilko g. 41, Vilnius
      95 benzinas: 1.884 €/L → 1.789 €/L
      Dyzelinas: 1.934 €/L → 1.869 €/L
  ~ Neste Lietuva — Pramonės pr. 6A, Kaunas
      95 benzinas: 1.844 €/L → 1.799 €/L
      Dyzelinas: 1.884 €/L → 1.849 €/L
  ~ Neste Lietuva — Jonavos g. 110, Kaunas
      95 benzinas: 1.829 €/L → 1.769 €/L
      Dyzelinas: 1.879 €/L → 1.839 €/L
  ~ Neste Lietuva — Veiverių g. 132D, Kaunas
      95 benzinas: 1.899 €/L → 1.829 €/L
      Dyzelinas: 1.944 €/L → 1.899 €/L
  ~ Neste Lietuva — Žemaičių pl. 26, Kaunas
      95 benzinas: 1.849 €/L → 1.779 €/L
      Dyzelinas: 1.884 €/L → 1.839 €/L
  ~ Neste Lietuva — R. Kalantos g. 27, Kaunas
      95 benzinas: 1.854 €/L → 1.799 €/L
      Dyzelinas: 1.879 €/L → 1.839 €/L
  ~ Neste Lietuva — Ateities pl. 50B, Kaunas
      95 benzinas: 1.824 €/L → 1.759 €/L
      Dyzelinas: 1.874 €/L → 1.819 €/L
  ~ Neste Lietuva — Taikos pr. 80A, Kaunas
      95 benzinas: 1.864 €/L → 1.799 €/L
      Dyzelinas: 1.904 €/L → 1.849 €/L
  ~ Neste Lietuva — Birželio 23-iosios g. 23A, Kaunas
      95 benzinas: 1.889 €/L → 1.799 €/L
      Dyzelinas: 1.909 €/L → 1.879 €/L
  ~ Neste Lietuva — Islandijos pl. 191E, Kaunas
      95 benzinas: 1.839 €/L → 1.779 €/L
      Dyzelinas: 1.889 €/L → 1.859 €/L
  ~ Neste Lietuva — Raudondvario pl. 103, Kaunas
      95 benzinas: 1.834 €/L → 1.779 €/L
      Dyzelinas: 1.884 €/L → 1.829 €/L
  ~ Neste Lietuva — Kuršių g. 1, Kaunas
      95 benzinas: 1.829 €/L → 1.769 €/L
      Dyzelinas: 1.879 €/L → 1.839 €/L
  ~ Neste Lietuva — Vijoklių g. 1C, Ramučių k.
      95 benzinas: 1.844 €/L → 1.784 €/L
      Dyzelinas: 1.894 €/L → 1.864 €/L
  ~ Neste Lietuva — Tunelio g. 26, Kaunas
      95 benzinas: 1.879 €/L → 1.799 €/L
      Dyzelinas: 1.909 €/L → 1.869 €/L
  ~ Neste Lietuva — Vakarų g. 14, Kumpių k.
      95 benzinas: 1.844 €/L → 1.784 €/L
      Dyzelinas: 1.889 €/L → 1.849 €/L
  ~ Neste Lietuva — Savanorių pr. 441C, Kaunas
      95 benzinas: 1.839 €/L → 1.779 €/L
      Dyzelinas: 1.899 €/L → 1.859 €/L
  ~ Neste Lietuva — Vakarinis aplinkkelis 18, Kaunas
      95 benzinas: 1.879 €/L → 1.819 €/L
      Dyzelinas: 1.929 €/L → 1.869 €/L
  ~ Neste Lietuva — Europos pr. 43, Kaunas
      95 benzinas: 1.879 €/L → 1.799 €/L
      Dyzelinas: 1.939 €/L → 1.894 €/L
  ~ Neste Lietuva — Plieno g. 1, Klaipėda
      95 benzinas: 1.819 €/L → 1.799 €/L
      Dyzelinas: 1.879 €/L → 1.839 €/L
  ~ Neste Lietuva — Šilutės pl. 30, Klaipėda
      95 benzinas: 1.859 €/L → 1.769 €/L
      Dyzelinas: 1.899 €/L → 1.834 €/L
  ~ Neste Lietuva — Taikos pr. 60, Klaipėda
      95 benzinas: 1.849 €/L → 1.769 €/L
      Dyzelinas: 1.914 €/L → 1.849 €/L
  ~ Neste Lietuva — Minijos g. 119, Klaipėda
      95 benzinas: 1.849 €/L → 1.769 €/L
      Dyzelinas: 1.914 €/L → 1.849 €/L
  ~ Neste Lietuva — Artojo g. 2, Klaipėda
      95 benzinas: 1.829 €/L → 1.759 €/L
      Dyzelinas: 1.899 €/L → 1.829 €/L
  ~ Neste Lietuva — Smiltelės g. 17, Klaipėda
      95 benzinas: 1.819 €/L → 1.789 €/L
      Dyzelinas: 1.879 €/L → 1.839 €/L
  ~ Neste Lietuva — Šilutės pl. 5C, Klaipėda
      95 benzinas: 1.839 €/L → 1.769 €/L
      Dyzelinas: 1.909 €/L → 1.839 €/L
  ~ Neste Lietuva — Vilniaus pl. 9, Jakų k.
      95 benzinas: 1.869 €/L → 1.789 €/L
      Dyzelinas: 1.934 €/L → 1.869 €/L
  ~ Neste Lietuva — Sendvario g. 2, Sudmantų k.
      95 benzinas: 1.899 €/L → 1.799 €/L
      Dyzelinas: 1.959 €/L → 1.869 €/L
  ~ Neste Lietuva — Gegužių g. 28, Šiauliai
      95 benzinas: 1.849 €/L → 1.789 €/L
      Dyzelinas: 1.884 €/L → 1.829 €/L
  ~ Neste Lietuva — Tilžės g. 72, Šiauliai
      95 benzinas: 1.854 €/L → 1.824 €/L
      Dyzelinas: 1.889 €/L → 1.834 €/L
  ~ Neste Lietuva — Dubijos g. 18A, Šiauliai
      95 benzinas: 1.859 €/L → 1.779 €/L
      Dyzelinas: 1.899 €/L → 1.839 €/L
  ~ Neste Lietuva — Klaipėdos g. 81, Panevėžys
      95 benzinas: 1.884 €/L → 1.764 €/L
      Dyzelinas: 1.924 €/L → 1.844 €/L
  ~ Neste Lietuva — Ramygalos g. 145B, Panevėžys
      95 benzinas: 1.829 €/L → 1.754 €/L
      Dyzelinas: 1.884 €/L → 1.824 €/L
  ~ Neste Lietuva — Margirio g. 1B, Panevėžys
      95 benzinas: 1.879 €/L → 1.744 €/L
      Dyzelinas: 1.894 €/L → 1.824 €/L
  ~ Neste Lietuva — Klaipėdos g. 144B, Panevėžys
      95 benzinas: 1.874 €/L → 1.754 €/L
      Dyzelinas: 1.914 €/L → 1.834 €/L
  ~ Neste Lietuva — Panevėžio aplinkl. 7, Šilagalio k.
      95 benzinas: 1.819 €/L → 1.789 €/L
      Dyzelinas: 1.894 €/L → 1.844 €/L
  ~ Neste Lietuva — Panevėžio aplinkl. 22, Šilagalio k.
      95 benzinas: 1.799 €/L → 1.749 €/L
      Dyzelinas: 1.879 €/L → 1.834 €/L
  ~ Neste Lietuva — Santaikos g. 34A, Alytus
      95 benzinas: 1.849 €/L → 1.769 €/L
      Dyzelinas: 1.899 €/L → 1.829 €/L
  ~ Neste Lietuva — Ūdrijos g. 31, Alytus
      95 benzinas: 1.859 €/L → 1.754 €/L
      Dyzelinas: 1.919 €/L → 1.829 €/L
  ~ Neste Lietuva — Stoties g. 4C, Marijampolė
      95 benzinas: 1.864 €/L → 1.759 €/L
      Dyzelinas: 1.914 €/L → 1.829 €/L
  ~ Neste Lietuva — Vilkaviškio g. 61D, Marijampolė
      95 benzinas: 1.859 €/L → 1.759 €/L
      Dyzelinas: 1.909 €/L → 1.849 €/L
  ~ Neste Lietuva — Europos g. 1, Salaperaugio k.
      95 benzinas: 1.894 €/L → 1.789 €/L
      Dyzelinas: 1.944 €/L → 1.859 €/L
  ~ Neste Lietuva — M. Daukšos g. 29, Mažeikiai
      95 benzinas: 1.859 €/L → 1.759 €/L
      Dyzelinas: 1.899 €/L → 1.849 €/L
  ~ Neste Lietuva — Katyčių k., Šilalės r.
      95 benzinas: 1.879 €/L → 1.809 €/L
      Dyzelinas: 1.879 €/L → 1.869 €/L
  ~ Neste Lietuva — J. Basanavičiaus g. 91E, Kėdainiai
      95 benzinas: 1.839 €/L → 1.819 €/L
      Dyzelinas: 1.959 €/L → 1.859 €/L
  ~ Neste Lietuva — Kauno g. 45B, Ukmergė
      95 benzinas: 1.859 €/L → 1.759 €/L
      Dyzelinas: 1.919 €/L → 1.819 €/L
  ~ Neste Lietuva — J. Basanavičiaus g. 129, Utena
      95 benzinas: 1.899 €/L → 1.799 €/L
      Dyzelinas: 1.959 €/L → 1.869 €/L
  ~ Neste Lietuva — Kupiškio g. 12, Utena
      95 benzinas: 1.884 €/L → 1.794 €/L
      Dyzelinas: 1.929 €/L → 1.864 €/L
  ~ Neste Lietuva — Aplinkkelio g. 165, Molėtai
      95 benzinas: 1.844 €/L → 1.754 €/L
      Dyzelinas: 1.909 €/L → 1.834 €/L
  ~ Neste Lietuva — Vilniaus g. 94, Pabradė
      95 benzinas: 1.899 €/L → 1.799 €/L
      Dyzelinas: 1.944 €/L → 1.859 €/L
  ~ Neste Lietuva — Plento g. 7, Gudžionių k.
      95 benzinas: 1.899 €/L → 1.769 €/L
      Dyzelinas: 1.959 €/L → 1.859 €/L
  ~ Neste Lietuva — Versmės g. 2, Radviliškis
      95 benzinas: 1.844 €/L → 1.809 €/L
      Dyzelinas: 1.884 €/L → 1.849 €/L
  ~ Neste Lietuva — Pušyno g. 11, Ylių k.
      95 benzinas: 1.899 €/L → 1.829 €/L
      Dyzelinas: 1.899 €/L → 1.889 €/L
  ~ Neste Lietuva — Dariaus ir Girėno g. 130A, Tauragė
      95 benzinas: 1.899 €/L → 1.799 €/L
      Dyzelinas: 1.929 €/L → 1.859 €/L
  ~ Neste Lietuva — Sabališkių g. 1U, Elektrėnai
      95 benzinas: 1.899 €/L → 1.849 €/L
      Dyzelinas: 1.919 €/L → 1.879 €/L
  ~ Neste Lietuva — Šiaulių pl. 1A, Gaudikaičių k.
      95 benzinas: 1.914 €/L → 1.789 €/L
      Dyzelinas: 1.949 €/L → 1.859 €/L
  ~ Nostrada (RV Transport) — Kazlavo k.
      Dyzelinas: 1.880 €/L → 1.860 €/L
  ~ Orlen — Kauno g. 73, Alytus
      95 benzinas: 1.729 €/L → 1.659 €/L
      Dyzelinas: 1.829 €/L → 1.729 €/L
      Dujos: 0.759 €/L → 0.739 €/L
  ~ Orlen — ​Žilvičių g. 1 A, Kakliniškių k.
      95 benzinas: 1.839 €/L → 1.799 €/L
      Dyzelinas: 1.879 €/L → 1.819 €/L
      Dujos: 0.829 €/L → 0.819 €/L
  ~ Orlen — Alytaus g. 2, ​Verbyliškių k.
      95 benzinas: 1.799 €/L → 1.769 €/L
      Dyzelinas: 1.879 €/L → 1.849 €/L
      Dujos: 0.799 €/L → 0.789 €/L
  ~ Orlen — Žiežmarių k.
      95 benzinas: 1.839 €/L → 1.799 €/L
      Dyzelinas: 1.879 €/L → 1.819 €/L
      Dujos: 0.829 €/L → 0.819 €/L
  ~ Orlen — Biruliškių k.
      95 benzinas: 1.679 €/L → 1.659 €/L
      Dyzelinas: 1.779 €/L → 1.729 €/L
      Dujos: 0.739 €/L → 0.699 €/L
  ~ Orlen — Beržų g. 2N, Ringaudai
      95 benzinas: 1.829 €/L → 1.749 €/L
      Dyzelinas: 1.899 €/L → 1.819 €/L
  ~ Orlen — Kalvarijos g. 138, Kaunas
      95 benzinas: 1.819 €/L → 1.699 €/L
      Dyzelinas: 1.899 €/L → 1.799 €/L
      Dujos: 0.799 €/L → 0.789 €/L
  ~ Orlen — Pramonės pr. 37, Kaunas
      95 benzinas: 1.799 €/L → 1.659 €/L
      Dyzelinas: 1.879 €/L → 1.729 €/L
      Dujos: 0.799 €/L → 0.759 €/L
  ~ Orlen — Varnių g. 50, Kaunas
      95 benzinas: 1.769 €/L → 1.659 €/L
      Dyzelinas: 1.859 €/L → 1.729 €/L
  ~ Orlen — Veiverių g. 148 B, Kaunas
      95 benzinas: 1.799 €/L → 1.659 €/L
      Dyzelinas: 1.899 €/L → 1.729 €/L
      Dujos: 0.799 €/L → 0.789 €/L
  ~ Orlen — Minijos g. 44, Klaipėda
      95 benzinas: 1.769 €/L → 1.679 €/L
      Dyzelinas: 1.869 €/L → 1.749 €/L
      Dujos: 0.799 €/L → 0.779 €/L
  ~ Orlen — Šilutės pl. 26 A, Klaipėda
      95 benzinas: 1.719 €/L → 1.659 €/L
      Dyzelinas: 1.829 €/L → 1.729 €/L
      Dujos: 0.759 €/L → 0.699 €/L
  ~ Orlen — Šilutės pl. 94, Klaipėda
      95 benzinas: 1.799 €/L → 1.699 €/L
      Dyzelinas: 1.899 €/L → 1.799 €/L
      Dujos: 0.799 €/L → 0.789 €/L
  ~ Orlen — Vilniaus pl. 13, Jakų k.
      95 benzinas: 1.819 €/L → 1.769 €/L
      Dyzelinas: 1.899 €/L → 1.859 €/L
  ~ Orlen — Pikelių k. 6
      Dyzelinas: 1.999 €/L → 1.979 €/L
      Dujos: 0.879 €/L → 0.859 €/L
  ~ Orlen — Pikelių k. 8
      Dyzelinas: 1.999 €/L → 1.979 €/L
      Dujos: 0.879 €/L → 0.859 €/L
  ~ Orlen — Aleksandravo k.
      95 benzinas: 1.699 €/L → 1.659 €/L
      Dyzelinas: 1.799 €/L → 1.729 €/L
      Dujos: 0.759 €/L → 0.699 €/L
  ~ Orlen — ​Skuodo g. 14, Mažeikiai
      95 benzinas: 1.769 €/L → 1.659 €/L
      Dyzelinas: 1.879 €/L → 1.729 €/L
      Dujos: 0.799 €/L → 0.769 €/L
  ~ Orlen — Žemaitijos g. 42, Mažeikiai
      95 benzinas: 1.759 €/L → 1.679 €/L
      Dyzelinas: 1.859 €/L → 1.749 €/L
      Dujos: 0.799 €/L → 0.759 €/L
  ~ Orlen — Vilimiškės k.
      95 benzinas: 1.799 €/L → 1.779 €/L
      Dyzelinas: 1.869 €/L → 1.829 €/L
  ~ Orlen — Klaipėdos g. 162 D, Panevėžys
      95 benzinas: 1.849 €/L → 1.699 €/L
      Dyzelinas: 1.899 €/L → 1.799 €/L
      Dujos: 0.799 €/L → 0.769 €/L
  ~ Orlen — Senamiesčio g. 115, Panevėžys
      95 benzinas: 1.799 €/L → 1.659 €/L
      Dyzelinas: 1.859 €/L → 1.729 €/L
      Dujos: 0.759 €/L → 0.699 €/L
  ~ Orlen — Šiaulių g. 50, Nausodės k.
      95 benzinas: 1.869 €/L → 1.659 €/L
      Dyzelinas: 1.929 €/L → 1.829 €/L
  ~ Orlen — Serbentų g. 82, Šiauliai
      95 benzinas: 1.799 €/L → 1.659 €/L
      Dyzelinas: 1.869 €/L → 1.729 €/L
      Dujos: 0.759 €/L → 0.739 €/L
  ~ Orlen — Gedimino g. 46, Tauragė
      95 benzinas: 1.749 €/L → 1.659 €/L
      Dyzelinas: 1.799 €/L → 1.729 €/L
      Dujos: 0.799 €/L → 0.739 €/L
  ~ Orlen — ​Plungės g. 33 D, Telšiai
      95 benzinas: 1.849 €/L → 1.659 €/L
      Dyzelinas: 1.899 €/L → 1.729 €/L
      Dujos: 0.819 €/L → 0.739 €/L
  ~ Orlen — Juodasis kl. 32, Vilnius
      95 benzinas: 1.829 €/L → 1.699 €/L
      Dyzelinas: 1.899 €/L → 1.799 €/L
  ~ Orlen — O. ​Milašiaus g. 31, Vilnius
      95 benzinas: 1.829 €/L → 1.699 €/L
      Dyzelinas: 1.899 €/L → 1.799 €/L
  ~ Orlen — Ukmergės g. 319, Vilnius
      95 benzinas: 1.799 €/L → 1.699 €/L
      Dyzelinas: 1.879 €/L → 1.799 €/L
  ~ Orlen — Žirmūnų g. 1T, Vilnius
      95 benzinas: 1.799 €/L → 1.699 €/L
      Dyzelinas: 1.879 €/L → 1.799 €/L
      Dujos: 0.799 €/L → 0.789 €/L
  ~ Osijos dujos — Pamiškės g. 1, Osijos k.
      Dujos: – → 0.920 €/L
  ~ Circle K — Plungės g. 32, Rietavas
      95 benzinas: 1.854 €/L → 1.779 €/L
      Dyzelinas: 1.890 €/L → 1.879 €/L
  ~ Prie Luksto — Telšiai, Masčio g. 21
      95 benzinas: 1.915 €/L → 1.885 €/L
      Dyzelinas: 1.965 €/L → 1.935 €/L
      Dujos: 0.859 €/L → 0.849 €/L
  ~ Propano ir butano dujų centras — Švenčionių 35, Ignalina
      95 benzinas: 1.819 €/L → 1.729 €/L
      Dyzelinas: 1.919 €/L → 1.799 €/L
      Dujos: 0.810 €/L → 0.710 €/L
  ~ Propano ir butano dujų centras — Aukštaičių g. 2a, Cirkliškio k.
      95 benzinas: 1.910 €/L → 1.730 €/L
      Dyzelinas: 1.960 €/L → 1.800 €/L
      Dujos: 0.920 €/L → 0.710 €/L
  ~ Regusa — Medelyno g. 4A, Jūrės k.
      Dyzelinas: 1.890 €/L → 1.880 €/L
      Dujos: 0.820 €/L → 0.800 €/L
  ~ Regusa — Sodo g. 11, Gavaltuvos k.
      Dyzelinas: 1.890 €/L → 1.870 €/L
      Dujos: 0.800 €/L → 0.790 €/L
  ~ Regusa — J. Basanavičiaus g. 45A, Kybartai
      95 benzinas: 1.820 €/L → 1.810 €/L
      Dyzelinas: 1.920 €/L → 1.910 €/L
      Dujos: 0.820 €/L → 0.810 €/L
  ~ Regusa — S. Daukanto g. 19D, Kazlų Rūda
      Dyzelinas: 1.890 €/L → 1.880 €/L
      Dujos: 0.820 €/L → 0.800 €/L
  ~ Regusa — Marijampolės pl. 20, Kaunas
      Dujos: 0.800 €/L → 0.790 €/L
  ~ S.Rimkevičiaus komercinė įmonė — Turgaus g. 3, Joniškis
      95 benzinas: 1.799 €/L → 1.699 €/L
      Dyzelinas: 1.869 €/L → 1.759 €/L
  ~ S.Rimkevičiaus komercinė įmonė — Miškininkų g. 14, Pelėdnagiai
      Dujos: 0.849 €/L → 0.840 €/L
  ~ S.Savicko įmonė — Šėtos g. 120 , Kėdainiai
      95 benzinas: 1.869 €/L → 1.839 €/L
      Dyzelinas: 1.939 €/L → 1.879 €/L
  ~ S.Savicko įmonė — Dariaus ir Girėno 23 A, Kėdainiai
      95 benzinas: 1.869 €/L → 1.839 €/L
      Dyzelinas: 1.939 €/L → 1.879 €/L
      Dujos: 0.890 €/L → 0.850 €/L
  ~ S.Savicko įmonė — Gedimino g. 50 , Kėdainiai
      95 benzinas: 1.869 €/L → 1.839 €/L
      Dyzelinas: 1.939 €/L → 1.879 €/L
      Dujos: 0.890 €/L → 0.850 €/L
  ~ S.Savicko įmonė — Vandžiogalos g 29,Saviečių k.
      95 benzinas: 1.869 €/L → 1.839 €/L
      Dyzelinas: 1.939 €/L → 1.879 €/L
      Dujos: 0.890 €/L → 0.850 €/L
  ~ Circle K — J.Basanavičiaus g. 103, Kėdainiai
      95 benzinas: 1.919 €/L → 1.859 €/L
      Dyzelinas: 1.979 €/L → 1.899 €/L
  ~ Skulas — Likiškėlių k., Kalninės g. 5
      95 benzinas: 1.760 €/L → 1.680 €/L
      Dyzelinas: 1.830 €/L → 1.750 €/L
      Dujos: 0.800 €/L → 0.730 €/L
  ~ Skulas — Pasvalys, Mūšos g. 2 E
      95 benzinas: 1.750 €/L → 1.660 €/L
      Dyzelinas: 1.810 €/L → 1.730 €/L
      Dujos: 0.770 €/L → 0.700 €/L
  ~ Stateta — Kantališkių k.
      95 benzinas: 1.699 €/L → 1.647 €/L
      Dyzelinas: 1.799 €/L → 1.727 €/L
      Dujos: 0.829 €/L → 0.777 €/L
  ~ Stateta — Ukmergės g. 246, Vilnius
      95 benzinas: 1.699 €/L → 1.647 €/L
      Dyzelinas: 1.799 €/L → 1.727 €/L
      Dujos: 0.829 €/L → 0.777 €/L
  ~ Stateta — Alytaus k.
      95 benzinas: 1.699 €/L → 1.647 €/L
      Dyzelinas: 1.799 €/L → 1.727 €/L
      Dujos: 0.829 €/L → 0.777 €/L
  ~ Stateta — Kauno g.1, Miklusėnai
      95 benzinas: 1.699 €/L → 1.647 €/L
      Dyzelinas: 1.799 €/L → 1.727 €/L
      Dujos: 0.829 €/L → 0.777 €/L
  ~ Stateta — Kaniukų k.
      95 benzinas: 1.699 €/L → 1.647 €/L
      Dyzelinas: 1.799 €/L → 1.727 €/L
      Dujos: 0.829 €/L → 0.777 €/L
  ~ Stateta — Gustaičių k.
      95 benzinas: 1.699 €/L → 1.647 €/L
      Dyzelinas: 1.799 €/L → 1.727 €/L
      Dujos: 0.829 €/L → 0.777 €/L
  ~ Stateta — Erdvės g. 78, Ramučių k.
      95 benzinas: 1.699 €/L → 1.647 €/L
      Dyzelinas: 1.799 €/L → 1.727 €/L
      Dujos: 0.829 €/L → 0.777 €/L
  ~ Stateta — Žemdirbių g. 15, Paliūniškio k.
      95 benzinas: 1.699 €/L → 1.647 €/L
      Dyzelinas: 1.799 €/L → 1.727 €/L
      Dujos: 0.829 €/L → 0.777 €/L
  ~ Stateta — Panevėžio g. 9, Kupiškis
      95 benzinas: 1.699 €/L → 1.647 €/L
      Dyzelinas: 1.799 €/L → 1.727 €/L
      Dujos: 0.829 €/L → 0.777 €/L
  ~ Stateta — Turgaus g. 4, Kreivukė
      95 benzinas: 1.699 €/L → 1.647 €/L
      Dyzelinas: 1.799 €/L → 1.727 €/L
      Dujos: 0.829 €/L → 0.777 €/L
  ~ Stateta — Minijos g. 90, Klaipėda
      95 benzinas: 1.699 €/L → 1.647 €/L
      Dyzelinas: 1.799 €/L → 1.727 €/L
      Dujos: 0.829 €/L → 0.777 €/L
  ~ Stateta — Palangos g. 66, Utena
      95 benzinas: 1.699 €/L → 1.647 €/L
      Dyzelinas: 1.799 €/L → 1.727 €/L
      Dujos: 0.829 €/L → 0.777 €/L
  ~ Šventosios investicijos — Elijos g.26 Palanga (Šventoji)
      Dyzelinas: 1.969 €/L → 1.949 €/L
  ~ Trevena — Kretingos pl. 1, Gargždai
      95 benzinas: 1.890 €/L → 1.850 €/L
      Dyzelinas: 1.930 €/L → 1.900 €/L
  ~ Trevena — Klaipėdos g. 39, Gargždai
      95 benzinas: 1.850 €/L → 1.800 €/L
      Dyzelinas: 1.890 €/L → 1.850 €/L
  ~ Utentra — Utena, Pramonės g. 16
      Dyzelinas: 1.759 €/L → 1.719 €/L
  ~ V.Marcinkevičiaus IĮ — Bažnyčios 7., Pavilnučio k.
      95 benzinas: 1.830 €/L → 1.790 €/L
  ~ Valdegra — Prienų g.7, Igliaukos k.
      Dyzelinas: 1.819 €/L → 1.839 €/L
  ~ Velseka — Panevėžio g. 5, Kupiškis
      95 benzinas: – → 1.719 €/L
      Dyzelinas: – → 1.759 €/L
      Dujos: – → 0.789 €/L
  ~ Viada — Daugų k., Neveiglo g. 25
      95 benzinas: 1.919 €/L → 1.839 €/L
      Dyzelinas: 1.979 €/L → 1.919 €/L
  ~ Viada — Alytus, Naujoji g. 27
      95 benzinas: 1.899 €/L → 1.829 €/L
      Dyzelinas: 1.959 €/L → 1.899 €/L
  ~ Viada — Alytus, Ulonų g. 33B
      95 benzinas: 1.899 €/L → 1.829 €/L
      Dyzelinas: 1.959 €/L → 1.899 €/L
  ~ Viada — Elektrėnai, Elektrinės g. 6
      95 benzinas: 1.939 €/L → 1.919 €/L
      Dyzelinas: 1.969 €/L → 1.939 €/L
  ~ Viada — Jonava, Darbininkų g. 4D
      95 benzinas: 1.949 €/L → 1.889 €/L
      Dyzelinas: 1.999 €/L → 1.939 €/L
  ~ Viada — Joniškis, Vilniaus g. 51
      95 benzinas: 1.899 €/L → 1.889 €/L
      Dyzelinas: 1.969 €/L → 1.959 €/L
  ~ Viada — Kaunas, A. Juozapavičiaus pr. 90
      95 benzinas: 1.939 €/L → 1.899 €/L
      Dyzelinas: 1.989 €/L → 1.979 €/L
  ~ Viada — Kaunas, Ateities pl. 37A
      95 benzinas: 1.949 €/L → 1.849 €/L
      Dyzelinas: 1.999 €/L → 1.919 €/L
      Dujos: 0.869 €/L → 0.859 €/L
  ~ Viada — Kaunas, Baltijos g. 90B
      95 benzinas: 1.889 €/L → 1.819 €/L
      Dyzelinas: 1.929 €/L → 1.879 €/L
      Dujos: 0.869 €/L → 0.839 €/L
  ~ Viada — Kaunas, Biruliškių g. 18A
      95 benzinas: 1.949 €/L → 1.899 €/L
      Dyzelinas: 1.999 €/L → 1.919 €/L
  ~ Viada — Kaunas, Didžioji g. 84
      95 benzinas: 1.949 €/L → 1.899 €/L
      Dyzelinas: 1.999 €/L → 1.919 €/L
  ~ Viada — Kaunas, K. Baršausko g. 64
      95 benzinas: 1.939 €/L → 1.849 €/L
      Dyzelinas: 1.989 €/L → 1.899 €/L
  ~ Viada — Kaunas, Karaliaus Mindaugo pr. 54
      95 benzinas: 1.939 €/L → 1.899 €/L
      Dyzelinas: 1.989 €/L → 1.979 €/L
  ~ Viada — Kaunas, Marijampolės pl. 29
      95 benzinas: 1.949 €/L → 1.899 €/L
      Dyzelinas: 1.999 €/L → 1.919 €/L
  ~ Viada — Kaunas, Miežėnų g. 18
      95 benzinas: 1.889 €/L → 1.819 €/L
      Dyzelinas: 1.929 €/L → 1.879 €/L
      Dujos: 0.899 €/L → 0.839 €/L
  ~ Viada — Kaunas, P. Lukšio g. 66A
      95 benzinas: 1.949 €/L → 1.869 €/L
      Dyzelinas: 1.999 €/L → 1.929 €/L
  ~ Viada — Kaunas, Pramonės pr. 44
      95 benzinas: 1.879 €/L → 1.819 €/L
      Dyzelinas: 1.929 €/L → 1.899 €/L
  ~ Viada — Kaunas, Raudondvario pl. 288
      95 benzinas: 1.949 €/L → 1.859 €/L
      Dyzelinas: 1.999 €/L → 1.899 €/L
  ~ Viada — Kaunas, Statybininkų g. 3A
      95 benzinas: 1.949 €/L → 1.869 €/L
      Dyzelinas: 1.999 €/L → 1.929 €/L
  ~ Viada — Kaunas, T. Masiulio g. 22B
      95 benzinas: 1.949 €/L → 1.839 €/L
      Dyzelinas: 1.999 €/L → 1.899 €/L
      Dujos: 0.899 €/L → 0.879 €/L
  ~ Viada — Kaunas, Veiverių g. 117
      95 benzinas: 1.939 €/L → 1.899 €/L
      Dyzelinas: 1.989 €/L → 1.979 €/L
  ~ Viada — Kaunas, Veiverių g. 124B
      95 benzinas: 1.939 €/L → 1.899 €/L
      Dyzelinas: 1.989 €/L → 1.979 €/L
  ~ Viada — Margavos k.
      95 benzinas: 1.949 €/L → 1.899 €/L
      Dyzelinas: 1.999 €/L → 1.979 €/L
  ~ Viada — Zapyškis, Vytauto g. 20A
      95 benzinas: 1.949 €/L → 1.899 €/L
      Dyzelinas: 1.999 €/L → 1.959 €/L
  ~ Viada — Klaipėda, Liepojos g. 242
      95 benzinas: 1.949 €/L → 1.859 €/L
      Dyzelinas: 1.999 €/L → 1.959 €/L
  ~ Viada — Klaipėda, Nemuno g. 139
      95 benzinas: 1.919 €/L → 1.839 €/L
      Dyzelinas: 1.969 €/L → 1.939 €/L
  ~ Viada — Klaipėda, Priestočio g. 28
      95 benzinas: 1.919 €/L → 1.839 €/L
      Dyzelinas: 1.969 €/L → 1.939 €/L
  ~ Viada — Klaipėda, Šilutės pl. 52
      95 benzinas: 1.949 €/L → 1.859 €/L
      Dyzelinas: 1.999 €/L → 1.959 €/L
  ~ Viada — Klaipėda, Taikos pr. 70A-1
      95 benzinas: 1.919 €/L → 1.839 €/L
      Dyzelinas: 1.969 €/L → 1.939 €/L
  ~ Viada — Gargždai, Vilniaus pl. 65
      95 benzinas: 1.929 €/L → 1.899 €/L
      Dyzelinas: 1.979 €/L → 1.959 €/L
  ~ Viada — Sudmantų k., Vilniaus pl. 6
      95 benzinas: 1.929 €/L → 1.899 €/L
      Dyzelinas: 1.979 €/L → 1.959 €/L
  ~ Viada — Kerelių k. 1A
      95 benzinas: 1.899 €/L → 1.859 €/L
      Dyzelinas: 1.959 €/L → 1.899 €/L
  ~ Viada — Kupiškis, Pergalės g. 15
      95 benzinas: 1.899 €/L → 1.859 €/L
      Dyzelinas: 1.959 €/L → 1.899 €/L
  ~ Viada — Lazdijai, Turistų g. 32
      95 benzinas: 1.949 €/L → 1.889 €/L
      Dyzelinas: 1.999 €/L → 1.939 €/L
      Dujos: 0.789 €/L → 0.799 €/L
  ~ Viada — Marijampolė, Geležinkelio g. 5
      95 benzinas: 1.899 €/L → 1.829 €/L
      Dyzelinas: 1.959 €/L → 1.899 €/L
      Dujos: 0.799 €/L → 0.839 €/L
  ~ Viada — Marijampolė, J. Ambrazevičiaus-Brazaičio g. 2
      95 benzinas: 1.899 €/L → 1.829 €/L
      Dyzelinas: 1.959 €/L → 1.899 €/L
      Dujos: 0.799 €/L → 0.839 €/L
  ~ Viada — Mažeikiai, Montuotojų g. 2A
      95 benzinas: 1.899 €/L → 1.819 €/L
      Dyzelinas: 1.959 €/L → 1.919 €/L
      Dujos: 0.859 €/L → 0.869 €/L
  ~ Viada — Mažeikiai, Žemaitijos g. 75
      95 benzinas: 1.899 €/L → 1.819 €/L
      Dyzelinas: 1.959 €/L → 1.919 €/L
      Dujos: 0.859 €/L → 0.869 €/L
  ~ Viada — Molėtai, Vilniaus g. 101
      95 benzinas: 1.919 €/L → 1.869 €/L
      Dyzelinas: 1.999 €/L → 1.939 €/L
  ~ Viada — Gojaus k., Utenos g. 16
      95 benzinas: 1.919 €/L → 1.869 €/L
      Dyzelinas: 1.999 €/L → 1.939 €/L
  ~ Viada — Pakruojis, Vytauto Didžiojo g. 98
      95 benzinas: 1.879 €/L → 1.859 €/L
      Dyzelinas: 1.929 €/L → 1.899 €/L
  ~ Viada — Šilagalio k., Panevėžio aplinkl. 5
      95 benzinas: 1.849 €/L → 1.819 €/L
      Dyzelinas: 1.929 €/L → 1.879 €/L
  ~ Viada — Tičkūnų k., Tičkūnų g. 31
      95 benzinas: 1.899 €/L → 1.799 €/L
      Dyzelinas: 1.959 €/L → 1.849 €/L
  ~ Viada — Panevėžys, J. Janonio g. 28A
      95 benzinas: 1.919 €/L → 1.799 €/L
      Dyzelinas: 1.969 €/L → 1.849 €/L
  ~ Viada — Panevėžys, Navadolio g. 31
      95 benzinas: 1.919 €/L → 1.799 €/L
      Dyzelinas: 1.969 €/L → 1.849 €/L
  ~ Viada — Panevėžys, Pušaloto g. 193A
      95 benzinas: 1.919 €/L → 1.799 €/L
      Dyzelinas: 1.969 €/L → 1.849 €/L
  ~ Viada — Panevėžys, Ramygalos g. 155
      95 benzinas: 1.919 €/L → 1.799 €/L
      Dyzelinas: 1.969 €/L → 1.849 €/L
  ~ Viada — Panevėžys, Ramygalos g. 186G
      95 benzinas: 1.919 €/L → 1.799 €/L
      Dyzelinas: 1.969 €/L → 1.849 €/L
  ~ Viada — Panevėžys, Senamiesčio g. 116A
      95 benzinas: 1.899 €/L → 1.799 €/L
      Dyzelinas: 1.959 €/L → 1.849 €/L
  ~ Viada — Panevėžys, Venslaviškio g. 16
      95 benzinas: 1.919 €/L → 1.799 €/L
      Dyzelinas: 1.969 €/L → 1.849 €/L
  ~ Viada — Brazdigalos k. 1
      95 benzinas: 1.949 €/L → 1.899 €/L
      Dyzelinas: 1.999 €/L → 1.959 €/L
  ~ Viada — Pasvalys, Vilniaus g. 50
      95 benzinas: 1.949 €/L → 1.879 €/L
      Dyzelinas: 1.999 €/L → 1.939 €/L
  ~ Viada — Šiauliai, Dubijos g. 1C
      95 benzinas: 1.929 €/L → 1.879 €/L
      Dyzelinas: 1.969 €/L → 1.919 €/L
  ~ Viada — Šiauliai, Gegužių g. 26
      95 benzinas: 1.929 €/L → 1.879 €/L
      Dyzelinas: 1.969 €/L → 1.919 €/L
  ~ Viada — Šiauliai, J. Basanavičiaus g. 122A
      95 benzinas: 1.929 €/L → 1.879 €/L
      Dyzelinas: 1.969 €/L → 1.919 €/L
  ~ Viada — Šiauliai, Tilžės g. 274
      95 benzinas: 1.929 €/L → 1.879 €/L
      Dyzelinas: 1.969 €/L → 1.919 €/L
  ~ Viada — Šiauliai, Užmiesčio g. 2
      95 benzinas: 1.929 €/L → 1.879 €/L
      Dyzelinas: 1.969 €/L → 1.919 €/L
  ~ Viada — Kuodaičių k.
      Dyzelinas: 1.989 €/L → 1.959 €/L
  ~ Viada — Šilutė, Tilžės g. 59
      95 benzinas: 1.889 €/L → 1.839 €/L
      Dyzelinas: 1.939 €/L → 1.889 €/L
      Dujos: 0.839 €/L → 0.829 €/L
  ~ Viada — Širvintos, Plento g. 4
      Dyzelinas: 1.959 €/L → 1.939 €/L
  ~ Viada — Pabradė, Vilniaus g. 116B
      95 benzinas: 1.949 €/L → 1.899 €/L
      Dyzelinas: 1.999 €/L → 1.959 €/L
  ~ Viada — Tauragė, Dariaus ir Girėno g. 138A
      95 benzinas: 1.929 €/L → 1.919 €/L
      Dyzelinas: 1.989 €/L → 1.979 €/L
  ~ Viada — Tauragė, Pramonės g. 1
      95 benzinas: 1.929 €/L → 1.899 €/L
      Dyzelinas: 1.989 €/L → 1.959 €/L
  ~ Viada — Telšiai, Pramonės g. 2A
      95 benzinas: 1.919 €/L → 1.889 €/L
      Dyzelinas: 1.969 €/L → 1.939 €/L
      Dujos: 0.859 €/L → 0.849 €/L
  ~ Viada — Ukmergė, Žiedo g. 15
      95 benzinas: 1.929 €/L → 1.899 €/L
      Dyzelinas: 1.979 €/L → 1.939 €/L
  ~ Viada — Utena, Metalo g. 8
      95 benzinas: 1.919 €/L → 1.899 €/L
      Dyzelinas: 1.979 €/L → 1.969 €/L
  ~ Viada — Utena, Pramonės g. 23
      95 benzinas: 1.919 €/L → 1.899 €/L
      Dyzelinas: 1.979 €/L → 1.969 €/L
  ~ Viada — Gedimino k., Vyturio g. 2
      95 benzinas: 1.919 €/L → 1.899 €/L
      Dyzelinas: 1.979 €/L → 1.969 €/L
  ~ Viada — Vilkaviškis, Vytauto g. 105
      95 benzinas: 1.899 €/L → 1.859 €/L
      Dyzelinas: 1.959 €/L → 1.939 €/L
  ~ Viada — Avižienių k., Ožiarūčių g. 1a
      Dyzelinas: 1.959 €/L → 1.939 €/L
  ~ Viada — Vilnius, Ateities g. 17B
      95 benzinas: 1.829 €/L → 1.819 €/L
      Dyzelinas: 1.899 €/L → 1.879 €/L
  ~ Viada — Vilnius, Dariaus ir Girėno g. 30A
      95 benzinas: 1.939 €/L → 1.869 €/L
      Dyzelinas: 1.989 €/L → 1.929 €/L
  ~ Viada — Vilnius, Gariūnų g. 16A
      95 benzinas: 1.939 €/L → 1.859 €/L
      Dyzelinas: 1.979 €/L → 1.919 €/L
  ~ Viada — Vilnius, Grigiškės, Kovo 11-osios g. 75
      95 benzinas: 1.949 €/L → 1.899 €/L
      Dyzelinas: 1.999 €/L → 1.959 €/L
  ~ Viada — Vilnius, Justiniškių g. 12
      95 benzinas: 1.899 €/L → 1.819 €/L
      Dyzelinas: 1.959 €/L → 1.869 €/L
  ~ Viada — Vilnius, Kirtimų g. 29
      95 benzinas: 1.929 €/L → 1.899 €/L
      Dyzelinas: 1.979 €/L → 1.959 €/L
  ~ Viada — Vilnius, Laisvės pr. 8
      95 benzinas: 1.949 €/L → 1.899 €/L
      Dyzelinas: 1.999 €/L → 1.959 €/L
  ~ Viada — Vilnius, Liepkalnio g. 128A
      95 benzinas: 1.949 €/L → 1.899 €/L
      Dyzelinas: 1.999 €/L → 1.959 €/L
  ~ Viada — Vilnius, Naugarduko g. 74
      95 benzinas: 1.949 €/L → 1.899 €/L
      Dyzelinas: 1.999 €/L → 1.959 €/L
  ~ Viada — Vilnius, Nemenčinės pl. 5
      95 benzinas: 1.949 €/L → 1.899 €/L
      Dyzelinas: 1.999 €/L → 1.959 €/L
  ~ Viada — Vilnius, Olandų g. 57
      95 benzinas: 1.949 €/L → 1.899 €/L
      Dyzelinas: 1.999 €/L → 1.959 €/L
  ~ Viada — Vilnius, Ozo g. 12
      95 benzinas: 1.919 €/L → 1.849 €/L
      Dyzelinas: 1.979 €/L → 1.899 €/L
  ~ Viada — Vilnius, Pilaitės pr. 13
      95 benzinas: 1.949 €/L → 1.899 €/L
      Dyzelinas: 1.999 €/L → 1.939 €/L
  ~ Viada — Vilnius, Pilaitės pr. 28
      95 benzinas: 1.949 €/L → 1.899 €/L
      Dyzelinas: 1.999 €/L → 1.939 €/L
  ~ Viada — Vilnius, Saltoniškių g. 12
      95 benzinas: 1.919 €/L → 1.849 €/L
      Dyzelinas: 1.979 €/L → 1.899 €/L
  ~ Viada — Vilnius, Sodų g. 22
      95 benzinas: 1.949 €/L → 1.849 €/L
      Dyzelinas: 1.999 €/L → 1.899 €/L
  ~ Viada — Vilnius, Verkių g. 52
      95 benzinas: 1.869 €/L → 1.819 €/L
      Dyzelinas: 1.929 €/L → 1.869 €/L
  ~ Viada — Vilnius, Vilkpėdės g. 2
      95 benzinas: 1.899 €/L → 1.849 €/L
      Dyzelinas: 1.949 €/L → 1.899 €/L
  ~ Viada — Visaginas, Statybininkų g. 1
      95 benzinas: 1.949 €/L → 1.899 €/L
      Dyzelinas: 1.999 €/L → 1.959 €/L
  ~ Viada — Visaginas, Taikos pr. 23B
      95 benzinas: 1.949 €/L → 1.899 €/L
      Dyzelinas: 1.999 €/L → 1.959 €/L
  ~ Vildega — Vytauto g. 2D, Vilkaviškis
      95 benzinas: 1.839 €/L → 1.759 €/L
      Dyzelinas: 1.889 €/L → 1.839 €/L
  ~ Virši — L.Taunio g. 3, Pasūduonės km.
      95 benzinas: 1.894 €/L → 1.824 €/L
      Dyzelinas: 1.954 €/L → 1.904 €/L
      Dujos: 0.835 €/L → 0.834 €/L
  ~ Vlantana — Dvaro g. 1, Gobergiškės k.
      95 benzinas: 1.740 €/L → –
      Dyzelinas: 1.800 €/L → –
  ~ Circle K — Pramogų g. 4, Truikių k.
      95 benzinas: 1.776 €/L → 1.766 €/L
      Dyzelinas: 1.896 €/L → 1.876 €/L

Unchanged: 220 station(s).
