=== 2026-05-06 ===

New stations: none.
Removed stations: none.

Price changes (497):
  ~ Alauša — Palijoniškio g. 1, Utena
      95 benzinas: 1.794 €/L → 1.699 €/L
      Dyzelinas: 2.014 €/L → 1.879 €/L
  ~ Alauša — Kosmoso g. 3, Visaginas
      95 benzinas: 1.859 €/L → 1.699 €/L
      Dyzelinas: 2.059 €/L → 1.879 €/L
      Dujos: 0.899 €/L → 0.819 €/L
  ~ Alauša — Kalvarijų g. 204G, Vilnius
      95 benzinas: 1.799 €/L → 1.699 €/L
      Dyzelinas: 2.024 €/L → 1.879 €/L
      Dujos: 0.869 €/L → 0.849 €/L
  ~ Alauša — Kirtimų g. 23A, Vilnius
      95 benzinas: 1.899 €/L → 1.699 €/L
      Dyzelinas: 2.119 €/L → 1.879 €/L
      Dujos: 0.919 €/L → 0.819 €/L
  ~ Alauša — Pelesos g. 1/2, Vilnius
      95 benzinas: 1.899 €/L → 1.749 €/L
      Dyzelinas: 2.109 €/L → 1.949 €/L
      Dujos: 0.929 €/L → 0.849 €/L
  ~ Alauša — Kauno g. 37, Ukmergė
      95 benzinas: 1.854 €/L → 1.699 €/L
      Dyzelinas: 2.084 €/L → 1.879 €/L
      Dujos: 0.864 €/L → 0.819 €/L
  ~ Alauša — Plento g. 17, Daugailiai
      95 benzinas: 1.794 €/L → 1.699 €/L
      Dyzelinas: 2.014 €/L → 1.879 €/L
  ~ Alauša — Bajorų k.
      95 benzinas: 1.739 €/L → 1.759 €/L
  ~ Alauša — Plento g. 2B, Kairiai
      Dyzelinas: 1.999 €/L → 1.949 €/L
      Dujos: 0.899 €/L → 0.849 €/L
  ~ Alauša — Vilniaus g. 8, Grigiškės
      95 benzinas: 1.859 €/L → 1.749 €/L
      Dyzelinas: 2.059 €/L → 1.949 €/L
      Dujos: 0.899 €/L → 0.849 €/L
  ~ Alauša — Plytinės g. 2, Puskelnių k.
      95 benzinas: 1.799 €/L → 1.699 €/L
      Dyzelinas: 1.999 €/L → 1.879 €/L
  ~ Alauša — Stoties g. 49, Marijampolė
      95 benzinas: 1.839 €/L → 1.699 €/L
      Dyzelinas: 2.059 €/L → 1.879 €/L
      Dujos: 0.889 €/L → 0.859 €/L
  ~ Alauša — Paširvio g. 1, Paširvinčio k.
      95 benzinas: 1.854 €/L → 1.699 €/L
      Dyzelinas: 2.054 €/L → 1.879 €/L
      Dujos: 0.884 €/L → 0.819 €/L
  ~ Alauša — Šakių g. 51, Kudirkos Naumiestis
      95 benzinas: 1.769 €/L → 1.765 €/L
      Dyzelinas: 1.999 €/L → 1.945 €/L
  ~ Alauša — Skraičionių g. 1, Skraičionių k.
      95 benzinas: 1.894 €/L → 1.799 €/L
      Dyzelinas: 2.104 €/L → 1.999 €/L
  ~ Alauša — Europos g. 17, Salaperaugio k.
      95 benzinas: 1.899 €/L → 1.889 €/L
      Dyzelinas: 2.109 €/L → 2.089 €/L
  ~ Alauša — Švenčionių g. 29A, Ignalina
      95 benzinas: 1.859 €/L → 1.699 €/L
      Dyzelinas: 2.089 €/L → 1.879 €/L
      Dujos: 0.899 €/L → 0.819 €/L
  ~ Alauša — Šiaurės g. 39, Vilnius
      95 benzinas: 1.794 €/L → 1.709 €/L
      Dyzelinas: 2.044 €/L → 1.889 €/L
      Dujos: 0.899 €/L → 0.849 €/L
  ~ Alauša — Sporto g. 50A, Marijampolė
      95 benzinas: 1.839 €/L → 1.699 €/L
      Dyzelinas: 2.059 €/L → 1.879 €/L
  ~ Alauša — J. Basanavičiaus g. 1C, Utena
      95 benzinas: 1.794 €/L → 1.699 €/L
      Dyzelinas: 2.014 €/L → 1.879 €/L
      Dujos: 0.894 €/L → 0.819 €/L
  ~ Alauša — Šv. Stepono g. 44, Vilnius
      95 benzinas: 1.859 €/L → 1.699 €/L
      Dyzelinas: 2.059 €/L → 1.879 €/L
  ~ Alauša — Buivydiškių g. 5, Vilnius
      95 benzinas: 1.859 €/L → 1.699 €/L
      Dyzelinas: 2.059 €/L → 1.899 €/L
  ~ Alauša — Santaikos g. 2A, Santaikos k.
      95 benzinas: 1.779 €/L → 1.709 €/L
      Dyzelinas: 2.054 €/L → 1.889 €/L
      Dujos: 0.889 €/L → 0.859 €/L
  ~ Alauša — Laisvės pr. 125A, Vilnius
      95 benzinas: 1.799 €/L → 1.699 €/L
      Dyzelinas: 1.999 €/L → 1.899 €/L
  ~ Alauša — Dariaus ir Girėno g. 36, Obeliai
      95 benzinas: 1.889 €/L → 1.699 €/L
      Dyzelinas: 2.089 €/L → 1.879 €/L
  ~ Alauša — A. Vienuolio g. 32A, Anykščiai
      95 benzinas: 1.754 €/L → 1.699 €/L
      Dyzelinas: 1.994 €/L → 1.879 €/L
      Dujos: 0.864 €/L → 0.819 €/L
  ~ Apsaga — Pramonės g. 3A, Šiauliai
      Dyzelinas: 2.020 €/L → 2.025 €/L
  ~ Apsaga — Tilžės g. 223, Šiauliai
      Dyzelinas: 2.019 €/L → 2.025 €/L
      Dujos: 0.910 €/L → 0.920 €/L
  ~ Apsaga — V. Bielskio g. 47A, Šiauliai
      Dyzelinas: 2.019 €/L → 2.020 €/L
  ~ Apsaga — Radikių k.
      95 benzinas: 1.889 €/L → 1.805 €/L
      Dyzelinas: 2.065 €/L → 2.045 €/L
  ~ Baltic Petroleum — Vilnius, Antakalnio g. 128
      95 benzinas: 1.799 €/L → 1.759 €/L
      Dyzelinas: 2.049 €/L → 1.969 €/L
  ~ Baltic Petroleum — Gudžionių k., Plento g. 24
      95 benzinas: 1.919 €/L → 1.849 €/L
      Dyzelinas: 2.119 €/L → 2.069 €/L
  ~ Baltic Petroleum — Vilnius, Gerosios Vilties g. 33
      95 benzinas: 1.929 €/L → 1.879 €/L
      Dyzelinas: 2.129 €/L → 2.089 €/L
  ~ Baltic Petroleum — Vilnius, Savanorių pr. 121
      95 benzinas: 1.839 €/L → 1.829 €/L
  ~ Baltic Petroleum — Kaunas, Raudondvario pl. 82
      Dyzelinas: 2.049 €/L → 1.999 €/L
  ~ Baltic Petroleum — Jaučiakių k.
      95 benzinas: 1.939 €/L → 1.899 €/L
      Dyzelinas: 2.149 €/L → 2.099 €/L
  ~ Baltic Petroleum — Klaipėda, Šilutės pl. 1
      95 benzinas: 1.869 €/L → 1.799 €/L
      Dyzelinas: 2.059 €/L → 2.009 €/L
  ~ Baltic Petroleum — Palanga, Klaipėdos pl. 44
      95 benzinas: 1.879 €/L → 1.829 €/L
      Dyzelinas: 2.069 €/L → 2.019 €/L
  ~ Baltic Petroleum — Alytus, Santaikos g. 33
      95 benzinas: 1.819 €/L → 1.799 €/L
      Dyzelinas: 2.019 €/L → 1.999 €/L
      Dujos: 0.929 €/L → 0.859 €/L
  ~ Baltic Petroleum — Druskininkai, Gardino g. 79
      95 benzinas: 1.909 €/L → 1.899 €/L
      Dyzelinas: 2.119 €/L → 2.109 €/L
  ~ Baltic Petroleum — Lazdijai, Turistų g. 88
      95 benzinas: 1.739 €/L → 1.719 €/L
      Dyzelinas: 2.019 €/L → 1.979 €/L
      Dujos: 0.909 €/L → 0.889 €/L
  ~ Baltic Petroleum — Telšiai, Šiaulių pl. 12
      95 benzinas: 1.919 €/L → 1.869 €/L
      Dyzelinas: 2.099 €/L → 2.089 €/L
  ~ Baltic Petroleum — Radviliškis, Miško g. 64
      95 benzinas: 1.839 €/L → 1.819 €/L
      Dyzelinas: 2.019 €/L → 1.999 €/L
  ~ Baltic Petroleum — Panevėžys, Velžio kelias 74
      95 benzinas: 1.839 €/L → 1.809 €/L
      Dyzelinas: 2.049 €/L → 1.999 €/L
  ~ Baltic Petroleum — Utena, Basanavičiaus g. 1B
      95 benzinas: 1.799 €/L → 1.699 €/L
      Dyzelinas: 2.019 €/L → 1.879 €/L
  ~ Baltic Petroleum — Raseiniai, Vilniaus g. 30
      Dujos: 0.890 €/L → 0.860 €/L
  ~ Baltic Petroleum — Jurbarkas, Muitinės g. 22A
      95 benzinas: 1.740 €/L → 1.730 €/L
      Dyzelinas: 1.950 €/L → 1.940 €/L
  ~ Baltic Petroleum — Prienai, Vilniaus g. 3A
      Dyzelinas: 2.019 €/L → 1.979 €/L
  ~ Baltic Petroleum — Kėdainiai, J. Basanavičiaus g. 95B
      95 benzinas: 1.929 €/L → 1.909 €/L
      Dyzelinas: 2.129 €/L → 2.089 €/L
  ~ Baltic Petroleum — Ukmergė, Kauno g. 49
      95 benzinas: 1.859 €/L → 1.699 €/L
      Dyzelinas: 2.069 €/L → 1.879 €/L
  ~ Baltic Petroleum — Valantiškio k.
      95 benzinas: 1.879 €/L → 1.839 €/L
      Dyzelinas: 2.119 €/L → 2.089 €/L
  ~ Baltic Petroleum — Vilnius  Kalvarijų g. 161A
      95 benzinas: 1.779 €/L → 1.699 €/L
      Dyzelinas: 1.999 €/L → 1.879 €/L
  ~ Baltic Petroleum — Trakai, Vilniaus g. 33
      Dyzelinas: 2.129 €/L → 2.099 €/L
  ~ Baltic Petroleum — Molėtai, Vilniaus g.104
      95 benzinas: 1.899 €/L → 1.849 €/L
      Dyzelinas: 2.099 €/L → 2.089 €/L
  ~ Baltic Petroleum — Klaipėda, Tilžės g. 90
      95 benzinas: 1.869 €/L → 1.799 €/L
      Dyzelinas: 2.059 €/L → 2.009 €/L
  ~ Baltic Petroleum — Vilnius, Metalo g. 4B
      95 benzinas: 1.879 €/L → 1.859 €/L
      Dyzelinas: 2.079 €/L → 2.039 €/L
  ~ Baltic Petroleum — Širvintos, Musninkų g. 21
      95 benzinas: 1.859 €/L → 1.699 €/L
      Dyzelinas: 2.059 €/L → 1.879 €/L
  ~ Baltic Petroleum — Panevėžys, Smėlynės g. 169
      95 benzinas: 1.839 €/L → 1.819 €/L
      Dyzelinas: 2.049 €/L → 2.019 €/L
  ~ Baltic Petroleum — Pakruojis, Statybininkų g. 28
      95 benzinas: 1.699 €/L → 1.719 €/L
  ~ Baltic Petroleum — Pietarių k. Kauno g. 164
      95 benzinas: 1.839 €/L → 1.699 €/L
      Dyzelinas: 2.019 €/L → 1.879 €/L
  ~ Baltic Petroleum — Vilnius, Molėtų pl. 27A
      95 benzinas: 1.799 €/L → 1.779 €/L
      Dyzelinas: 2.029 €/L → 2.009 €/L
  ~ Baltic Petroleum — Vilnius, S. Batoro g. 15
      Dyzelinas: 2.019 €/L → 1.999 €/L
  ~ Baltic Petroleum — Vilnius, Rinktinės g. 59
      95 benzinas: 1.839 €/L → 1.789 €/L
      Dyzelinas: 2.049 €/L → 2.009 €/L
  ~ Baltic Petroleum — Marijampolė, Vasaros g. 15
      95 benzinas: 1.839 €/L → 1.699 €/L
      Dyzelinas: 2.019 €/L → 1.879 €/L
  ~ Baltic Petroleum — Ožtakių k., Dariaus ir Girėno g. 77
      95 benzinas: 1.919 €/L → 1.869 €/L
      Dyzelinas: 2.099 €/L → 2.089 €/L
  ~ Baltic Petroleum — Spanėnų k., Plento g. 46
      Dyzelinas: 2.129 €/L → 2.119 €/L
  ~ Baltic Petroleum — Užežerės k., Gardenio g. 39
      95 benzinas: 1.879 €/L → 1.829 €/L
      Dyzelinas: 2.059 €/L → 2.029 €/L
  ~ Baltic Petroleum — Kalnujų k. 1
      95 benzinas: 1.879 €/L → 1.859 €/L
      Dyzelinas: 2.069 €/L → 2.059 €/L
  ~ Baltic Petroleum — Klaipėda, Liepų g. 79A
      95 benzinas: 1.799 €/L → 1.789 €/L
      Dyzelinas: 2.049 €/L → 2.019 €/L
  ~ Baltic Petroleum — Mažeikiai, M. Daukšos g. 17
      95 benzinas: 1.879 €/L → 1.829 €/L
      Dyzelinas: 2.059 €/L → 2.029 €/L
  ~ Baltic Petroleum — Druskininkai, Leipalingio g. 26
      95 benzinas: 1.909 €/L → 1.899 €/L
      Dyzelinas: 2.119 €/L → 2.109 €/L
  ~ Baltic Petroleum — Merkinė, Vilniaus g. 87
      95 benzinas: 1.909 €/L → 1.899 €/L
      Dyzelinas: 2.119 €/L → 2.109 €/L
  ~ Baltic Petroleum — Jonava, Žemaitės g. 1
      Dyzelinas: 2.129 €/L → 2.119 €/L
  ~ Baltic Petroleum — Grigaičiai, Pavilnės g.
      Dyzelinas: 2.029 €/L → 1.999 €/L
  ~ Baltic Petroleum — Ringaudų k., Gėlių g. 1A
      Dyzelinas: 2.029 €/L → 1.999 €/L
  ~ Baltic Petroleum — Visalaukio g. 2
      Dyzelinas: 2.029 €/L → 1.999 €/L
  ~ Baltic Petroleum — Noriūnų k., Parko g. 3A
      95 benzinas: 1.709 €/L → 1.719 €/L
  ~ Baltic Petroleum — Girkalnio k., Žemaičių g. 39
      95 benzinas: 1.839 €/L → 1.819 €/L
      Dyzelinas: 2.059 €/L → 1.999 €/L
  ~ Baltic Petroleum — Tirkšliai, Laukų g. 10
      95 benzinas: 1.879 €/L → 1.829 €/L
      Dyzelinas: 2.059 €/L → 2.029 €/L
  ~ Baltic Petroleum — Marijampolė, P. Armino g. 69
      95 benzinas: 1.839 €/L → 1.699 €/L
      Dyzelinas: 2.019 €/L → 1.879 €/L
  ~ Baltic Petroleum — Leipalingis, Merkinės g. 37
      95 benzinas: 1.909 €/L → 1.899 €/L
      Dyzelinas: 2.119 €/L → 2.109 €/L
  ~ Baltic Petroleum — Palanga, Ganyklų g. 28C
      95 benzinas: 1.849 €/L → 1.829 €/L
      Dyzelinas: 2.039 €/L → 2.019 €/L
  ~ Baltic Petroleum — Aukštikalnio k., Mūšos g. 19
      95 benzinas: 1.820 €/L → 1.790 €/L
      Dyzelinas: 2.030 €/L → 1.990 €/L
  ~ Baltic Petroleum — Anykščiai, Mindaugo g. 23
      95 benzinas: 1.759 €/L → 1.699 €/L
      Dyzelinas: 1.999 €/L → 1.879 €/L
  ~ Borusta — Vilniaus g. 2a, Aukštadvaris
      Dyzelinas: 1.960 €/L → 2.030 €/L
  ~ Borusta — Piliakalnio g. 3, Stakliškės
      Dyzelinas: 1.939 €/L → 1.999 €/L
  ~ Borusta — Prienų g. 14, Birštonas
      Dyzelinas: 1.959 €/L → 2.019 €/L
  ~ Circle K — Geležinio Vilko g. 2A, Vilnius
      95 benzinas: 1.959 €/L → 1.929 €/L
      Dyzelinas: 2.159 €/L → 2.129 €/L
  ~ Circle K — Baltupio g. 10, Vilnius
      95 benzinas: 1.909 €/L → 1.829 €/L
      Dyzelinas: 2.099 €/L → 2.079 €/L
  ~ Circle K — A. P. Kavoliuko g. 32A, Vilnius
      95 benzinas: 1.939 €/L → 1.899 €/L
      Dyzelinas: 2.159 €/L → 2.119 €/L
  ~ Circle K — Sporto g. 16A, Vilnius
      95 benzinas: 1.929 €/L → 1.879 €/L
      Dyzelinas: 2.119 €/L → 2.089 €/L
  ~ Circle K — Ukmergės g. 231, Vilnius
      95 benzinas: 1.949 €/L → 1.869 €/L
      Dyzelinas: 2.149 €/L → 2.069 €/L
  ~ Circle K — Kareivių g. 13, Vilnius
      95 benzinas: 1.949 €/L → 1.899 €/L
      Dyzelinas: 2.129 €/L → 2.089 €/L
      Dujos: 0.939 €/L → 0.959 €/L
  ~ Circle K — A. Goštauto g. 13, Vilnius
      95 benzinas: 1.949 €/L → 1.889 €/L
      Dyzelinas: 2.149 €/L → 2.089 €/L
  ~ Circle K — Laisvės pr. 43C, Vilnius
      95 benzinas: 1.939 €/L → 1.859 €/L
      Dyzelinas: 2.159 €/L → 2.079 €/L
  ~ Circle K — J. Tiškevičiaus g. 24, Vilnius
      95 benzinas: 1.939 €/L → 1.914 €/L
      Dyzelinas: 2.149 €/L → 2.114 €/L
  ~ Circle K — Eišiškių pl. 11, Vilnius
      95 benzinas: 1.959 €/L → 1.939 €/L
      Dyzelinas: 2.159 €/L → 2.119 €/L
  ~ Circle K — Pramonės pr. 18, Kaunas
      95 benzinas: 1.929 €/L → 1.909 €/L
      Dyzelinas: 2.109 €/L → 2.099 €/L
  ~ Circle K — Raudondvario pl. 107A, Kaunas
      95 benzinas: 1.929 €/L → 1.884 €/L
      Dyzelinas: 2.099 €/L → 2.089 €/L
  ~ Circle K — Sudervės g. 2G, Avižienių k.
      95 benzinas: 1.899 €/L → 1.894 €/L
      Dyzelinas: 2.114 €/L → 2.109 €/L
  ~ Circle K — R. Kalantos g. 159, Kaunas
      95 benzinas: 1.919 €/L → 1.899 €/L
      Dyzelinas: 2.109 €/L → 2.089 €/L
  ~ Circle K — Naujoji g. 120, Alytus
      95 benzinas: 1.889 €/L → 1.860 €/L
      Dyzelinas: 2.089 €/L → 2.060 €/L
  ~ Circle K — Savanorių pr. 321, Kaunas
      Dyzelinas: 2.129 €/L → 2.089 €/L
  ~ Circle K — Veiverių g. 49A, Kaunas
      95 benzinas: 1.939 €/L → 1.929 €/L
      Dyzelinas: 2.149 €/L → 2.119 €/L
  ~ Circle K — Dubijos g. 20A, Šiauliai
      95 benzinas: 1.949 €/L → 1.919 €/L
      Dyzelinas: 2.149 €/L → 2.069 €/L
  ~ Circle K — Talino g. 2B, Vilnius
      95 benzinas: 1.959 €/L → 1.909 €/L
      Dyzelinas: 2.139 €/L → 2.099 €/L
  ~ Circle K — Pramonės g. 17a, Šiauliai
      95 benzinas: 1.959 €/L → 1.919 €/L
      Dyzelinas: 2.159 €/L → 2.089 €/L
  ~ Circle K — Sabališkių g. 1F, Elektrėnai
      95 benzinas: 1.959 €/L → 1.939 €/L
      Dyzelinas: 2.159 €/L → 2.139 €/L
  ~ Circle K — J. Basanavičiaus g. 108a, Utena
      95 benzinas: 1.959 €/L → 1.899 €/L
      Dyzelinas: 2.159 €/L → 2.089 €/L
  ~ Circle K — Baltijos Kelio g. 33, Ūtos k.
      95 benzinas: 1.909 €/L → 1.879 €/L
      Dyzelinas: 2.119 €/L → 2.079 €/L
  ~ Circle K — Kretingos g. 56, Palanga
      95 benzinas: 1.949 €/L → 1.899 €/L
      Dyzelinas: 2.139 €/L → 2.089 €/L
  ~ Circle K — Minijos g. 90, Klaipėda
      95 benzinas: 1.959 €/L → 1.889 €/L
      Dyzelinas: 2.139 €/L → 2.119 €/L
  ~ Circle K — Taikos pr. 61B, Klaipėda
      95 benzinas: 1.959 €/L → 1.889 €/L
      Dyzelinas: 2.139 €/L → 2.119 €/L
  ~ Circle K — H. Manto g. 96, Klaipėda
      95 benzinas: 1.959 €/L → 1.919 €/L
      Dyzelinas: 2.169 €/L → 2.149 €/L
  ~ Circle K — Kauno g. 130, Marijampolė
      95 benzinas: 1.909 €/L → 1.899 €/L
      Dyzelinas: 2.119 €/L → 2.089 €/L
  ~ Circle K — Rūtų g. 2B, Alytus
      95 benzinas: 1.919 €/L → 1.899 €/L
      Dyzelinas: 2.119 €/L → 2.099 €/L
  ~ Circle K — M. K. Čiurlionio g. 113, Druskininkai
      95 benzinas: 1.929 €/L → 1.909 €/L
      Dyzelinas: 2.139 €/L → 2.119 €/L
  ~ Circle K — J. Basanavičiaus g. 63, Panevėžys
      95 benzinas: 1.939 €/L → 1.869 €/L
      Dyzelinas: 2.139 €/L → 2.059 €/L
  ~ Circle K — Parko g. 7A, Panevėžys
      95 benzinas: 1.914 €/L → 1.879 €/L
      Dyzelinas: 2.109 €/L → 2.069 €/L
  ~ Circle K — Jono Dailidės g. 10, Marijampolė
      95 benzinas: 1.879 €/L → 1.869 €/L
      Dyzelinas: 2.099 €/L → 2.069 €/L
  ~ Circle K — J. Basanavičiaus g. 40a, Kėdainiai
      95 benzinas: 1.944 €/L → 1.919 €/L
      Dyzelinas: 2.144 €/L → 2.099 €/L
  ~ Circle K — Luokės g. 70, Telšiai
      95 benzinas: 1.899 €/L → 1.909 €/L
      Dyzelinas: 2.119 €/L → 2.129 €/L
  ~ Circle K — Cintjoniškių g. 15, Šilutė
      95 benzinas: 1.859 €/L → 1.854 €/L
      Dyzelinas: 2.069 €/L → 2.064 €/L
  ~ Circle K — Sidabros g. 2A, Satkūnų k.
      95 benzinas: 1.929 €/L → 1.839 €/L
  ~ Circle K — Vasario 16-osios g. 33, Jonava
      95 benzinas: 1.944 €/L → 1.929 €/L
      Dyzelinas: 2.144 €/L → 2.129 €/L
  ~ Circle K — Geležinio Vilko g. 39, Vilnius
      95 benzinas: 1.949 €/L → 1.889 €/L
      Dyzelinas: 2.149 €/L → 2.089 €/L
  ~ Circle K — Prūsų g. 26 A, Vilnius
      95 benzinas: 1.959 €/L → 1.939 €/L
      Dyzelinas: 2.159 €/L → 2.119 €/L
  ~ Circle K — Gedimino g. 42B, Radviliškis
      95 benzinas: 1.899 €/L → 1.869 €/L
      Dyzelinas: 2.109 €/L → 2.059 €/L
  ~ Circle K — Gedimino g. 47, Tauragė
      95 benzinas: 1.949 €/L → 1.899 €/L
      Dyzelinas: 2.129 €/L → 2.069 €/L
  ~ Circle K — Panevėžio aplinkl. 20, Šilagalio k.
      95 benzinas: 1.909 €/L → 1.879 €/L
      Dyzelinas: 2.119 €/L → 2.079 €/L
  ~ Circle K — Vakarinis aplinkkelis 10, Kaunas
      95 benzinas: 1.944 €/L → 1.899 €/L
      Dyzelinas: 2.139 €/L → 2.079 €/L
  ~ Circle K — Žemaičių pl. 19, Kaunas
      95 benzinas: 1.934 €/L → 1.904 €/L
      Dyzelinas: 2.094 €/L → 2.064 €/L
  ~ Circle K — Vilniaus pl. 21, Jakų k.
      95 benzinas: 1.869 €/L → 1.889 €/L
  ~ Circle K — Geležinio Vilko g. 24, Vilnius
      95 benzinas: 1.919 €/L → 1.859 €/L
      Dyzelinas: 2.109 €/L → 2.079 €/L
  ~ Circle K — Taikos pr. 52A, Kaunas
      Dyzelinas: 2.119 €/L → 2.079 €/L
  ~ Circle K — Kilučių g. 93, Biržai
      Dyzelinas: 2.124 €/L → 2.114 €/L
  ~ Circle K — Karaliaus Mindaugo pr. 34A, Kaunas
      95 benzinas: 1.959 €/L → 1.949 €/L
      Dyzelinas: 2.149 €/L → 2.119 €/L
  ~ Circle K — J. Basanavičiaus g. 3, Utena
      Dyzelinas: 2.104 €/L → 2.079 €/L
  ~ Circle K — Nekrūnų k. 1
      95 benzinas: 1.809 €/L → 1.769 €/L
      Dyzelinas: 2.079 €/L → 2.039 €/L
      Dujos: 0.949 €/L → 0.929 €/L
  ~ Circle K — Taikos pr. 112A, Klaipėda
      95 benzinas: 1.919 €/L → 1.875 €/L
      Dyzelinas: 2.119 €/L → 2.069 €/L
  ~ Circle K — Vilniaus pl. 1A, Klaipėda
      95 benzinas: 1.959 €/L → 1.889 €/L
      Dyzelinas: 2.159 €/L → 2.114 €/L
  ~ Circle K — Vilniaus g. 62, Šiauliai
      95 benzinas: 1.919 €/L → 1.889 €/L
      Dyzelinas: 2.119 €/L → 2.039 €/L
  ~ Circle K — R. Kalantos g. 68, Kaunas
      95 benzinas: 1.889 €/L → 1.869 €/L
      Dyzelinas: 2.079 €/L → 2.059 €/L
  ~ Circle K — Varnių g. 46, Kaunas
      95 benzinas: 1.889 €/L → 1.899 €/L
  ~ Circle K — Oslo g. 12, Vilnius
      95 benzinas: 1.939 €/L → 1.869 €/L
      Dyzelinas: 2.129 €/L → 2.069 €/L
  ~ Circle K — Dariaus ir Girėno g. 83A, Tauragė
      95 benzinas: 1.899 €/L → 1.869 €/L
      Dyzelinas: 2.069 €/L → 2.039 €/L
  ~ Circle K — Islandijos pl. 32, Kaunas
      95 benzinas: 1.944 €/L → 1.914 €/L
      Dyzelinas: 2.104 €/L → 2.074 €/L
  ~ Circle K — Savanorių pr. 118, Vilnius
      95 benzinas: 1.924 €/L → 1.889 €/L
      Dyzelinas: 2.104 €/L → 2.089 €/L
      Dujos: 0.999 €/L → 0.899 €/L
  ~ Circle K — P. Žadeikos g. 1a, Vilnius
      95 benzinas: 1.879 €/L → 1.884 €/L
      Dyzelinas: 2.079 €/L → 2.094 €/L
  ~ Circle K — Savanorių pr. 119A, Vilnius
      95 benzinas: 1.924 €/L → 1.889 €/L
      Dyzelinas: 2.104 €/L → 2.089 €/L
      Dujos: 0.999 €/L → 0.899 €/L
  ~ Circle K — Kareivių g. 3, Vilnius
      95 benzinas: 1.879 €/L → 1.849 €/L
      Dyzelinas: 2.079 €/L → 2.069 €/L
  ~ Circle K — Geležinio Vilko g. 4, Vilnius
      95 benzinas: 1.949 €/L → 1.889 €/L
      Dyzelinas: 2.149 €/L → 2.089 €/L
  ~ Circle K — Gariūnų g. 45, Vilnius
      95 benzinas: 1.949 €/L → 1.879 €/L
      Dyzelinas: 2.139 €/L → 2.079 €/L
  ~ Circle K — Savanorių pr. 404B, Kaunas
      95 benzinas: 1.879 €/L → 1.869 €/L
      Dyzelinas: 2.059 €/L → 2.049 €/L
  ~ Circle K — Tvirtovės alėja 33a, Kaunas
      95 benzinas: 1.929 €/L → 1.939 €/L
  ~ Circle K — Sukilėlių pr. 120, Kaunas
      95 benzinas: 1.899 €/L → 1.869 €/L
      Dyzelinas: 2.099 €/L → 2.049 €/L
  ~ Circle K — K. Baršausko g. 57, Kaunas
      95 benzinas: 1.939 €/L → 1.959 €/L
      Dyzelinas: 2.129 €/L → 2.109 €/L
  ~ Circle K — Jonavos g. 38, Kaunas
      95 benzinas: 1.909 €/L → 1.919 €/L
  ~ Circle K — Tilžės g. 25, Šiauliai
      95 benzinas: 1.939 €/L → 1.909 €/L
      Dyzelinas: 2.139 €/L → 2.079 €/L
  ~ Circle K — Tilžės g. 56A, Klaipėda
      95 benzinas: 1.929 €/L → 1.859 €/L
      Dyzelinas: 2.119 €/L → 2.069 €/L
  ~ Circle K — Jūrininkų pr. 31, Klaipėda
      95 benzinas: 1.929 €/L → 1.869 €/L
      Dyzelinas: 2.129 €/L → 2.079 €/L
  ~ Circle K — Sausio 15-osios g. 2, Klaipėda
      95 benzinas: 1.949 €/L → 1.879 €/L
      Dyzelinas: 2.139 €/L → 2.089 €/L
  ~ Circle K — Klaipėdos g. 92A, Panevėžys
      95 benzinas: 1.894 €/L → 1.859 €/L
      Dyzelinas: 2.089 €/L → 2.049 €/L
  ~ Circle K — Molėtų g. 15, Didžiosios Riešės k.
      95 benzinas: 1.899 €/L → 1.829 €/L
      Dyzelinas: 2.089 €/L → 2.049 €/L
  ~ Gelvybė — Muitinės g. 32, Jurbarkas
      95 benzinas: 1.770 €/L → 1.740 €/L
      Dyzelinas: 1.980 €/L → 1.950 €/L
  ~ Gelvybė — Knygnešių g. 9, Jurbarkas
      95 benzinas: 1.770 €/L → 1.740 €/L
  ~ Gelvybė — Sūduvos g. 3, Kiduliai
      95 benzinas: 1.770 €/L → 1.740 €/L
      Dyzelinas: 1.980 €/L → 1.950 €/L
  ~ Gelvybė — S. Šimkaus g. 69, Seredžius
      Dyzelinas: 1.980 €/L → 1.950 €/L
  ~ Gelvybė — S. Daukanto g. 66, Jurbarkas
      95 benzinas: 1.770 €/L → 1.740 €/L
      Dyzelinas: 1.980 €/L → 1.950 €/L
  ~ Eniris — Alytaus pl. 2, Mardosų k.
      95 benzinas: 1.710 €/L → 1.790 €/L
      Dyzelinas: 1.970 €/L → 1.990 €/L
  ~ Eniris — Tauragės g. 29, Rimšų k.
      95 benzinas: 1.790 €/L → 1.940 €/L
      Dyzelinas: 2.080 €/L → 2.090 €/L
  ~ Eniris — Puttvinskio g. 29, Kelmė
      95 benzinas: 1.799 €/L → 1.829 €/L
  ~ Eniris — Tiekėjų g. 34a, Kretinga
      95 benzinas: 1.740 €/L → 1.870 €/L
      Dyzelinas: 2.060 €/L → 2.100 €/L
  ~ Eniris — Paršežerio g.1, Vabalų k.
      Dujos: 0.890 €/L → 0.920 €/L
  ~ Eniris — Klaipėdos g. 6b, Pagėgiai
      95 benzinas: 1.790 €/L → 1.940 €/L
  ~ Eniris — Telšių g. 2 b, Rainių k.
      95 benzinas: 1.790 €/L → 1.880 €/L
      Dyzelinas: 1.990 €/L → 2.090 €/L
  ~ Eniris — Platelių g. 1 a, Laivių k.
      95 benzinas: 1.740 €/L → 1.880 €/L
      Dyzelinas: 2.070 €/L → 2.110 €/L
  ~ Eniris — Adakavo g. 1, Skaudvilė
      95 benzinas: 1.790 €/L → 1.940 €/L
  ~ Eniris — Rytinio Kelio g. 2a, Šilalė
      Dyzelinas: 1.940 €/L → 1.960 €/L
      Dujos: 0.890 €/L → 0.850 €/L
  ~ Eniris — Mažeikių g. 1, Telšiai
      95 benzinas: 1.750 €/L → 1.880 €/L
      Dyzelinas: 1.990 €/L → 2.090 €/L
  ~ Eniris — Klaipėdos g. 76, Žemaičių Naumiestis
      95 benzinas: 1.850 €/L → 1.840 €/L
      Dyzelinas: 1.990 €/L → 2.050 €/L
  ~ Eniris — Minijos g. 1, Aleksandravo k.
      Dujos: 0.890 €/L → 0.960 €/L
  ~ Eniris — Bačkonių k., Pastrėvio g. 1A,
      95 benzinas: 1.719 €/L → 1.779 €/L
      Dyzelinas: 1.979 €/L → 2.029 €/L
      Dujos: 0.899 €/L → 0.869 €/L
  ~ Eniris — Laižuvos g. 82 d, Mažeikiai,
      95 benzinas: 1.699 €/L → 1.799 €/L
      Dyzelinas: 1.929 €/L → 1.999 €/L
      Dujos: 0.929 €/L → 0.879 €/L
  ~ Eniris — Alytaus g. 59, Krosnos k.
      95 benzinas: 1.699 €/L → 1.799 €/L
  ~ Eniris — Žemaitės g. 52, Užventis
      95 benzinas: 1.720 €/L → 1.790 €/L
      Dujos: 0.930 €/L → 0.950 €/L
  ~ Eniris — Beržų g. 24/Drąsiųjų 7, Tryškiai
      95 benzinas: 1.720 €/L → 1.880 €/L
      Dyzelinas: 1.990 €/L → 2.090 €/L
  ~ Naftrus — Topolių g. 1, Degučių k.
      95 benzinas: 1.690 €/L → 1.720 €/L
  ~ Naftrus — Vilniaus g. 3B, Raseiniai
      Dujos: 0.900 €/L → 0.860 €/L
  ~ Narjanta — Sausalaukės k. 2
      95 benzinas: 1.809 €/L → 1.819 €/L
  ~ Neste Lietuva — Servečės g. 2, Vilnius
      95 benzinas: 1.919 €/L → 1.839 €/L
      Dyzelinas: 2.099 €/L → 2.019 €/L
  ~ Neste Lietuva — Ukmergės g. 296, Vilnius
      95 benzinas: 1.889 €/L → 1.849 €/L
      Dyzelinas: 2.079 €/L → 2.039 €/L
  ~ Neste Lietuva — Talino g. 2C, Vilnius
      95 benzinas: 1.919 €/L → 1.869 €/L
      Dyzelinas: 2.109 €/L → 2.059 €/L
  ~ Neste Lietuva — Erfurto g. 41, Vilnius
      95 benzinas: 1.899 €/L → 1.869 €/L
      Dyzelinas: 2.089 €/L → 2.049 €/L
  ~ Neste Lietuva — Geležinio Vilko g. 63, Vilnius
      95 benzinas: 1.889 €/L → 1.829 €/L
      Dyzelinas: 2.079 €/L → 2.059 €/L
  ~ Neste Lietuva — S. Stanevičiaus g. 3, Vilnius
      95 benzinas: 1.914 €/L → 1.819 €/L
      Dyzelinas: 2.109 €/L → 2.019 €/L
  ~ Neste Lietuva — Žirmūnų g. 68B, Vilnius
      95 benzinas: 1.899 €/L → 1.839 €/L
      Dyzelinas: 2.094 €/L → 2.054 €/L
  ~ Neste Lietuva — Rygos g. 2, Vilnius
      95 benzinas: 1.899 €/L → 1.869 €/L
      Dyzelinas: 2.089 €/L → 2.049 €/L
  ~ Neste Lietuva — Savanorių pr. 220A, Vilnius
      95 benzinas: 1.899 €/L → 1.859 €/L
      Dyzelinas: 2.089 €/L → 2.059 €/L
  ~ Neste Lietuva — Parodų g. 1A, Vilnius
      95 benzinas: 1.919 €/L → 1.889 €/L
      Dyzelinas: 2.109 €/L → 2.069 €/L
  ~ Neste Lietuva — Kauno g. 26, Vilnius
      95 benzinas: 1.919 €/L → 1.859 €/L
      Dyzelinas: 2.119 €/L → 2.059 €/L
  ~ Neste Lietuva — Savanorių pr. 187, Vilnius
      95 benzinas: 1.899 €/L → 1.859 €/L
      Dyzelinas: 2.089 €/L → 2.059 €/L
  ~ Neste Lietuva — Kedrų g. 2, Vilnius
      95 benzinas: 1.939 €/L → 1.879 €/L
      Dyzelinas: 2.129 €/L → 2.069 €/L
  ~ Neste Lietuva — Molėtų pl. 8, Vilnius
      95 benzinas: 1.879 €/L → 1.819 €/L
      Dyzelinas: 2.069 €/L → 2.049 €/L
  ~ Neste Lietuva — P. Lukšio g. 22, Vilnius
      95 benzinas: 1.889 €/L → 1.829 €/L
      Dyzelinas: 2.089 €/L → 2.049 €/L
  ~ Neste Lietuva — Žirmūnų g. 54C, Vilnius
      95 benzinas: 1.899 €/L → 1.859 €/L
      Dyzelinas: 2.094 €/L → 2.054 €/L
  ~ Neste Lietuva — Subačiaus g. 64, Vilnius
      95 benzinas: 1.894 €/L → 1.869 €/L
      Dyzelinas: 2.084 €/L → 2.059 €/L
  ~ Neste Lietuva — Dariaus ir Girėno g. 17, Vilnius
      95 benzinas: 1.919 €/L → 1.889 €/L
      Dyzelinas: 2.109 €/L → 2.069 €/L
  ~ Neste Lietuva — Architektų g. 130, Vilnius
      95 benzinas: 1.914 €/L → 1.884 €/L
      Dyzelinas: 2.104 €/L → 2.064 €/L
  ~ Neste Lietuva — Justiniškių g. 14B, Vilnius
      95 benzinas: 1.899 €/L → 1.849 €/L
      Dyzelinas: 2.089 €/L → 2.029 €/L
  ~ Neste Lietuva — Geležinio Vilko g. 37A, Vilnius
      95 benzinas: 1.929 €/L → 1.849 €/L
      Dyzelinas: 2.129 €/L → 2.069 €/L
  ~ Neste Lietuva — Pilaitės pr. 27, Vilnius
      95 benzinas: 1.899 €/L → 1.819 €/L
      Dyzelinas: 2.079 €/L → 1.999 €/L
  ~ Neste Lietuva — Žirnių g. 17, Vilnius
      95 benzinas: 1.899 €/L → 1.859 €/L
      Dyzelinas: 2.099 €/L → 2.049 €/L
  ~ Neste Lietuva — J. Tiškevičiaus g. 19, Vilnius
      95 benzinas: 1.919 €/L → 1.874 €/L
      Dyzelinas: 2.129 €/L → 2.074 €/L
  ~ Neste Lietuva — Eišiškių pl. 82, Vilnius
      95 benzinas: 1.909 €/L → 1.879 €/L
      Dyzelinas: 2.099 €/L → 2.059 €/L
  ~ Neste Lietuva — Gariūnų g. 55, Vilnius
      95 benzinas: 1.919 €/L → 1.859 €/L
      Dyzelinas: 2.099 €/L → 2.059 €/L
  ~ Neste Lietuva — Panerių g. 42, Vilnius
      95 benzinas: 1.909 €/L → 1.849 €/L
      Dyzelinas: 2.099 €/L → 2.039 €/L
  ~ Neste Lietuva — Geležinio Vilko g. 41, Vilnius
      95 benzinas: 1.929 €/L → 1.849 €/L
      Dyzelinas: 2.129 €/L → 2.069 €/L
  ~ Neste Lietuva — Pramonės pr. 6A, Kaunas
      95 benzinas: 1.899 €/L → 1.859 €/L
      Dyzelinas: 2.084 €/L → 2.059 €/L
  ~ Neste Lietuva — Jonavos g. 110, Kaunas
      95 benzinas: 1.889 €/L → 1.829 €/L
      Dyzelinas: 2.059 €/L → 1.999 €/L
  ~ Neste Lietuva — Veiverių g. 132D, Kaunas
      95 benzinas: 1.919 €/L → 1.889 €/L
      Dyzelinas: 2.124 €/L → 2.079 €/L
  ~ Neste Lietuva — Žemaičių pl. 26, Kaunas
      95 benzinas: 1.914 €/L → 1.859 €/L
      Dyzelinas: 2.054 €/L → 2.019 €/L
  ~ Neste Lietuva — R. Kalantos g. 27, Kaunas
      95 benzinas: 1.889 €/L → 1.869 €/L
      Dyzelinas: 2.074 €/L → 2.049 €/L
  ~ Neste Lietuva — Ateities pl. 50B, Kaunas
      95 benzinas: 1.884 €/L → 1.819 €/L
      Dyzelinas: 2.054 €/L → 2.014 €/L
  ~ Neste Lietuva — Taikos pr. 80A, Kaunas
      95 benzinas: 1.919 €/L → 1.879 €/L
      Dyzelinas: 2.099 €/L → 2.019 €/L
  ~ Neste Lietuva — Birželio 23-iosios g. 23A, Kaunas
      95 benzinas: 1.919 €/L → 1.899 €/L
      Dyzelinas: 2.089 €/L → 2.019 €/L
  ~ Neste Lietuva — Islandijos pl. 191E, Kaunas
      95 benzinas: 1.859 €/L → 1.829 €/L
      Dyzelinas: 2.069 €/L → 2.009 €/L
  ~ Neste Lietuva — Raudondvario pl. 103, Kaunas
      95 benzinas: 1.879 €/L → 1.839 €/L
      Dyzelinas: 2.069 €/L → 2.009 €/L
  ~ Neste Lietuva — Kuršių g. 1, Kaunas
      95 benzinas: 1.889 €/L → 1.859 €/L
      Dyzelinas: 2.059 €/L → 2.029 €/L
  ~ Neste Lietuva — Vijoklių g. 1C, Ramučių k.
      95 benzinas: 1.899 €/L → 1.829 €/L
      Dyzelinas: 2.084 €/L → 2.009 €/L
  ~ Neste Lietuva — Tunelio g. 26, Kaunas
      95 benzinas: 1.909 €/L → 1.874 €/L
      Dyzelinas: 2.099 €/L → 2.069 €/L
  ~ Neste Lietuva — Vakarų g. 14, Kumpių k.
      95 benzinas: 1.904 €/L → 1.884 €/L
      Dyzelinas: 2.069 €/L → 2.039 €/L
  ~ Neste Lietuva — Savanorių pr. 441C, Kaunas
      95 benzinas: 1.899 €/L → 1.819 €/L
      Dyzelinas: 2.089 €/L → 1.999 €/L
  ~ Neste Lietuva — Vakarinis aplinkkelis 18, Kaunas
      95 benzinas: 1.919 €/L → 1.869 €/L
      Dyzelinas: 2.109 €/L → 2.039 €/L
  ~ Neste Lietuva — Europos pr. 43, Kaunas
      95 benzinas: 1.899 €/L → 1.884 €/L
      Dyzelinas: 2.109 €/L → 2.074 €/L
  ~ Neste Lietuva — Plieno g. 1, Klaipėda
      95 benzinas: 1.879 €/L → 1.839 €/L
      Dyzelinas: 2.079 €/L → 2.049 €/L
  ~ Neste Lietuva — Šilutės pl. 30, Klaipėda
      95 benzinas: 1.919 €/L → 1.839 €/L
      Dyzelinas: 2.094 €/L → 2.049 €/L
  ~ Neste Lietuva — Taikos pr. 60, Klaipėda
      95 benzinas: 1.909 €/L → 1.839 €/L
      Dyzelinas: 2.099 €/L → 2.069 €/L
  ~ Neste Lietuva — Minijos g. 119, Klaipėda
      95 benzinas: 1.919 €/L → 1.849 €/L
      Dyzelinas: 2.099 €/L → 2.069 €/L
  ~ Neste Lietuva — Artojo g. 2, Klaipėda
      95 benzinas: 1.899 €/L → 1.829 €/L
      Dyzelinas: 2.089 €/L → 2.059 €/L
  ~ Neste Lietuva — Smiltelės g. 17, Klaipėda
      95 benzinas: 1.879 €/L → 1.839 €/L
      Dyzelinas: 2.079 €/L → 2.049 €/L
  ~ Neste Lietuva — Šilutės pl. 5C, Klaipėda
      95 benzinas: 1.909 €/L → 1.839 €/L
      Dyzelinas: 2.089 €/L → 2.049 €/L
  ~ Neste Lietuva — Vilniaus pl. 9, Jakų k.
      95 benzinas: 1.919 €/L → 1.869 €/L
      Dyzelinas: 2.119 €/L → 2.089 €/L
  ~ Neste Lietuva — Sendvario g. 2, Sudmantų k.
      95 benzinas: 1.919 €/L → 1.859 €/L
      Dyzelinas: 2.099 €/L → 2.079 €/L
  ~ Neste Lietuva — Gegužių g. 28, Šiauliai
      95 benzinas: 1.899 €/L → 1.859 €/L
      Dyzelinas: 2.079 €/L → 2.019 €/L
  ~ Neste Lietuva — Tilžės g. 72, Šiauliai
      95 benzinas: 1.894 €/L → 1.864 €/L
      Dyzelinas: 2.084 €/L → 2.024 €/L
  ~ Neste Lietuva — Dubijos g. 18A, Šiauliai
      95 benzinas: 1.899 €/L → 1.889 €/L
      Dyzelinas: 2.099 €/L → 2.029 €/L
  ~ Neste Lietuva — Klaipėdos g. 81, Panevėžys
      95 benzinas: 1.894 €/L → 1.834 €/L
      Dyzelinas: 2.079 €/L → 2.029 €/L
  ~ Neste Lietuva — Ramygalos g. 145B, Panevėžys
      95 benzinas: 1.859 €/L → 1.839 €/L
      Dyzelinas: 2.079 €/L → 2.019 €/L
  ~ Neste Lietuva — Klaipėdos g. 66,  Panevėžys
      95 benzinas: 1.894 €/L → 1.834 €/L
      Dyzelinas: 2.079 €/L → 2.029 €/L
  ~ Neste Lietuva — Ąžuolpamūšio g. 1A, Raubonių k..
      95 benzinas: 1.879 €/L → 1.819 €/L
      Dyzelinas: 2.069 €/L → 2.029 €/L
  ~ Neste Lietuva — Margirio g. 1B, Panevėžys
      95 benzinas: 1.879 €/L → 1.829 €/L
      Dyzelinas: 2.069 €/L → 2.019 €/L
  ~ Neste Lietuva — Klaipėdos g. 144B, Panevėžys
      95 benzinas: 1.899 €/L → 1.839 €/L
      Dyzelinas: 2.079 €/L → 2.029 €/L
  ~ Neste Lietuva — Panevėžio aplinkl. 7, Šilagalio k.
      95 benzinas: 1.879 €/L → 1.859 €/L
      Dyzelinas: 2.089 €/L → 2.039 €/L
  ~ Neste Lietuva — Panevėžio aplinkl. 22, Šilagalio k.
      95 benzinas: 1.869 €/L → 1.849 €/L
      Dyzelinas: 2.079 €/L → 2.029 €/L
  ~ Neste Lietuva — Santaikos g. 34A, Alytus
      95 benzinas: 1.899 €/L → 1.839 €/L
      Dyzelinas: 2.099 €/L → 2.019 €/L
  ~ Neste Lietuva — Ūdrijos g. 31, Alytus
      95 benzinas: 1.899 €/L → 1.839 €/L
      Dyzelinas: 2.099 €/L → 2.019 €/L
  ~ Neste Lietuva — Stoties g. 4C, Marijampolė
      95 benzinas: 1.879 €/L → 1.829 €/L
      Dyzelinas: 2.089 €/L → 2.019 €/L
  ~ Neste Lietuva — Vilkaviškio g. 61D, Marijampolė
      95 benzinas: 1.874 €/L → 1.824 €/L
      Dyzelinas: 2.084 €/L → 2.014 €/L
  ~ Neste Lietuva — Europos g. 1, Salaperaugio k.
      95 benzinas: 1.909 €/L → 1.859 €/L
      Dyzelinas: 2.119 €/L → 2.049 €/L
  ~ Neste Lietuva — Europos g. 6, N.Valios k.
      Dyzelinas: 2.119 €/L → 2.049 €/L
  ~ Neste Lietuva — M. Daukšos g. 29, Mažeikiai
      95 benzinas: 1.899 €/L → 1.829 €/L
      Dyzelinas: 2.099 €/L → 2.029 €/L
  ~ Neste Lietuva — Katyčių k., Šilalės r.
      95 benzinas: 1.909 €/L → 1.879 €/L
      Dyzelinas: 2.099 €/L → 2.049 €/L
  ~ Neste Lietuva — J. Basanavičiaus g. 91E, Kėdainiai
      95 benzinas: 1.894 €/L → 1.889 €/L
      Dyzelinas: 2.094 €/L → 2.069 €/L
  ~ Neste Lietuva — Kauno g. 45B, Ukmergė
      95 benzinas: 1.899 €/L → 1.799 €/L
      Dyzelinas: 2.109 €/L → 1.999 €/L
  ~ Neste Lietuva — J. Basanavičiaus g. 129, Utena
      95 benzinas: 1.899 €/L → 1.849 €/L
      Dyzelinas: 2.099 €/L → 2.029 €/L
  ~ Neste Lietuva — Kupiškio g. 12, Utena
      95 benzinas: 1.894 €/L → 1.844 €/L
      Dyzelinas: 2.094 €/L → 2.024 €/L
  ~ Neste Lietuva — Aplinkkelio g. 165, Molėtai
      95 benzinas: 1.889 €/L → 1.829 €/L
      Dyzelinas: 2.089 €/L → 2.069 €/L
  ~ Neste Lietuva — Vilniaus g. 94, Pabradė
      95 benzinas: 1.919 €/L → 1.869 €/L
      Dyzelinas: 2.119 €/L → 2.069 €/L
  ~ Neste Lietuva — Plento g. 7, Gudžionių k.
      95 benzinas: 1.914 €/L → 1.839 €/L
      Dyzelinas: 2.114 €/L → 2.059 €/L
  ~ Neste Lietuva — Versmės g. 2, Radviliškis
      95 benzinas: 1.879 €/L → 1.829 €/L
      Dyzelinas: 2.079 €/L → 2.019 €/L
  ~ Neste Lietuva — Pušyno g. 11, Ylių k.
      95 benzinas: 1.929 €/L → 1.899 €/L
      Dyzelinas: 2.119 €/L → 2.069 €/L
  ~ Neste Lietuva — Dariaus ir Girėno g. 130A, Tauragė
      95 benzinas: 1.899 €/L → 1.829 €/L
      Dyzelinas: 2.069 €/L → 1.999 €/L
  ~ Neste Lietuva — Sabališkių g. 1U, Elektrėnai
      Dyzelinas: 2.109 €/L → 2.089 €/L
  ~ Neste Lietuva — Šiaulių pl. 1A, Gaudikaičių k.
      95 benzinas: 1.919 €/L → 1.869 €/L
      Dyzelinas: 2.099 €/L → 2.064 €/L
  ~ Orlen — Kauno g. 73, Alytus
      95 benzinas: 1.839 €/L → 1.739 €/L
      Dyzelinas: 2.059 €/L → 1.899 €/L
      Dujos: 0.879 €/L → 0.869 €/L
  ~ Orlen — ​Žilvičių g. 1 A, Kakliniškių k.
      95 benzinas: 1.869 €/L → 1.859 €/L
      Dyzelinas: 2.089 €/L → 2.059 €/L
  ~ Orlen — Alytaus g. 2, ​Verbyliškių k.
      95 benzinas: 1.859 €/L → 1.839 €/L
      Dyzelinas: 2.059 €/L → 2.039 €/L
  ~ Orlen — Žiežmarių k.
      95 benzinas: 1.869 €/L → 1.859 €/L
      Dyzelinas: 2.089 €/L → 2.059 €/L
  ~ Orlen — Biruliškių k.
      95 benzinas: 1.839 €/L → 1.779 €/L
      Dyzelinas: 2.059 €/L → 1.979 €/L
  ~ Orlen — Beržų g. 2N, Ringaudai
      95 benzinas: 1.859 €/L → 1.849 €/L
      Dyzelinas: 2.069 €/L → 2.029 €/L
  ~ Orlen — Kalvarijos g. 138, Kaunas
      95 benzinas: 1.859 €/L → 1.849 €/L
      Dyzelinas: 2.069 €/L → 2.049 €/L
  ~ Orlen — Pramonės pr. 37, Kaunas
      95 benzinas: 1.859 €/L → 1.739 €/L
      Dyzelinas: 2.069 €/L → 1.899 €/L
  ~ Orlen — Varnių g. 50, Kaunas
      95 benzinas: 1.839 €/L → 1.739 €/L
      Dyzelinas: 2.049 €/L → 1.899 €/L
  ~ Orlen — Veiverių g. 148 B, Kaunas
      95 benzinas: 1.859 €/L → 1.739 €/L
      Dyzelinas: 2.069 €/L → 1.899 €/L
  ~ Orlen — Minijos g. 44, Klaipėda
      95 benzinas: 1.839 €/L → 1.739 €/L
      Dyzelinas: 2.049 €/L → 1.899 €/L
      Dujos: 0.899 €/L → 0.879 €/L
  ~ Orlen — Šilutės pl. 26 A, Klaipėda
      95 benzinas: 1.799 €/L → 1.739 €/L
      Dyzelinas: 1.999 €/L → 1.899 €/L
  ~ Orlen — Šilutės pl. 94, Klaipėda
      95 benzinas: 1.849 €/L → 1.799 €/L
      Dyzelinas: 2.059 €/L → 1.999 €/L
  ~ Orlen — Vilniaus pl. 13, Jakų k.
      95 benzinas: 1.849 €/L → 1.819 €/L
      Dyzelinas: 2.079 €/L → 2.039 €/L
  ~ Orlen — Aleksandravo k.
      95 benzinas: 1.799 €/L → 1.739 €/L
      Dyzelinas: 1.999 €/L → 1.899 €/L
  ~ Orlen — ​Skuodo g. 14, Mažeikiai
      95 benzinas: 1.859 €/L → 1.739 €/L
      Dyzelinas: 2.059 €/L → 1.899 €/L
  ~ Orlen — Žemaitijos g. 42, Mažeikiai
      95 benzinas: 1.839 €/L → 1.739 €/L
      Dyzelinas: 2.049 €/L → 1.899 €/L
      Dujos: 0.869 €/L → 0.859 €/L
  ~ Orlen — Vilimiškės k.
      Dyzelinas: 2.069 €/L → 2.059 €/L
  ~ Orlen — Klaipėdos g. 162 D, Panevėžys
      95 benzinas: 1.859 €/L → 1.799 €/L
      Dyzelinas: 2.069 €/L → 1.999 €/L
  ~ Orlen — Senamiesčio g. 115, Panevėžys
      95 benzinas: 1.819 €/L → 1.739 €/L
      Dyzelinas: 2.019 €/L → 1.899 €/L
  ~ Orlen — Šiaulių g. 50, Nausodės k.
      95 benzinas: 1.869 €/L → 1.819 €/L
      Dyzelinas: 2.099 €/L → 2.029 €/L
  ~ Orlen — Serbentų g. 82, Šiauliai
      95 benzinas: 1.849 €/L → 1.739 €/L
      Dyzelinas: 2.059 €/L → 1.899 €/L
      Dujos: 0.889 €/L → 0.879 €/L
  ~ Orlen — Gedimino g. 46, Tauragė
      95 benzinas: 1.849 €/L → 1.739 €/L
      Dyzelinas: 2.049 €/L → 1.899 €/L
  ~ Orlen — ​Plungės g. 33 D, Telšiai
      95 benzinas: 1.849 €/L → 1.739 €/L
      Dyzelinas: 2.059 €/L → 1.899 €/L
  ~ Orlen — Juodasis kl. 32, Vilnius
      Dyzelinas: 2.059 €/L → 2.039 €/L
  ~ Orlen — O. ​Milašiaus g. 31, Vilnius
      Dyzelinas: 2.059 €/L → 2.039 €/L
  ~ Orlen — Ukmergės g. 319, Vilnius
      95 benzinas: 1.839 €/L → 1.819 €/L
      Dyzelinas: 2.049 €/L → 1.999 €/L
  ~ Orlen — Žirmūnų g. 1T, Vilnius
      95 benzinas: 1.839 €/L → 1.799 €/L
      Dyzelinas: 2.049 €/L → 1.999 €/L
  ~ Tomega — Tartoko k.
      95 benzinas: 1.939 €/L → 1.929 €/L
      Dyzelinas: 2.149 €/L → 2.139 €/L
  ~ Tomega — Dumblės k.
      Dyzelinas: 2.159 €/L → 2.149 €/L
  ~ Trevena — Tilžės g. 21, Saugų k.
      95 benzinas: 1.750 €/L → 1.790 €/L
      Dyzelinas: 1.970 €/L → 1.990 €/L
  ~ Trevena — Šv. Kristoforo g. 4, Dituvos k.
      95 benzinas: 1.750 €/L → 1.820 €/L
      Dyzelinas: 1.970 €/L → 2.070 €/L
  ~ Trevena — Lėgų k. 1, Rietavas
      95 benzinas: 1.750 €/L → 1.780 €/L
      Dyzelinas: 1.970 €/L → 2.020 €/L
  ~ Trevena — Laisvės g. 15, Darbėnai
      95 benzinas: 1.750 €/L → 1.890 €/L
      Dyzelinas: 2.080 €/L → 2.120 €/L
  ~ Trevena — Vilniaus g. 29B, Kretinga
      95 benzinas: 1.750 €/L → 1.890 €/L
      Dyzelinas: 2.080 €/L → 2.120 €/L
  ~ Trevena — Veiviržėnų g. 29, Pyktiškės k.
      95 benzinas: 1.750 €/L → 1.820 €/L
      Dyzelinas: 1.970 €/L → 2.070 €/L
  ~ Trevena — Liepų g. 4, Žemaitkiemio k.
      95 benzinas: 1.750 €/L → 1.790 €/L
      Dyzelinas: 1.970 €/L → 1.990 €/L
  ~ Trevena — Kvėdarnos g. 2, Vatušių k.
      95 benzinas: 1.750 €/L → 1.780 €/L
      Dyzelinas: 1.970 €/L → 2.020 €/L
  ~ Trevena — Kretingos g. 28A, Klaipėda
      95 benzinas: 1.750 €/L → 1.820 €/L
      Dyzelinas: 1.970 €/L → 2.070 €/L
  ~ Trevena — Minijos g. 152A, Klaipėda
      95 benzinas: 1.750 €/L → 1.820 €/L
      Dyzelinas: 1.970 €/L → 2.070 €/L
  ~ Viada — Daugų k., Neveiglo g. 25
      95 benzinas: 1.959 €/L → 1.939 €/L
      Dyzelinas: 2.159 €/L → 2.139 €/L
  ~ Viada — Alytus, Naujoji g. 27
      95 benzinas: 1.949 €/L → 1.879 €/L
      Dyzelinas: 2.149 €/L → 2.099 €/L
  ~ Viada — Alytus, Ulonų g. 33B
      95 benzinas: 1.959 €/L → 1.919 €/L
      Dyzelinas: 2.159 €/L → 2.119 €/L
  ~ Viada — Anykščiai, A. Vienuolio g. 34
      95 benzinas: 1.819 €/L → 1.839 €/L
      Dyzelinas: 2.049 €/L → 2.059 €/L
  ~ Viada — Anykščiai, Piliakalnio g. 9
      95 benzinas: 1.819 €/L → 1.839 €/L
      Dyzelinas: 2.049 €/L → 2.059 €/L
  ~ Viada — Biržai, Parodos g. 2
      95 benzinas: 1.839 €/L → 1.879 €/L
      Dyzelinas: 2.089 €/L → 2.119 €/L
  ~ Viada — Biržai, Pasvalio g. 1B
      95 benzinas: 1.839 €/L → 1.879 €/L
      Dyzelinas: 2.089 €/L → 2.119 €/L
  ~ Viada — Elektrėnai, Elektrinės g. 6
      95 benzinas: 1.959 €/L → 1.939 €/L
      Dyzelinas: 2.159 €/L → 2.139 €/L
  ~ Viada — Jonava, Darbininkų g. 4D
      95 benzinas: 1.949 €/L → 1.929 €/L
      Dyzelinas: 2.139 €/L → 2.129 €/L
  ~ Viada — Joniškis, Vilniaus g. 51
      95 benzinas: 1.899 €/L → 1.839 €/L
      Dyzelinas: 2.139 €/L → 2.079 €/L
  ~ Viada — Kaišiadorys, Gedimino g. 135
      Dyzelinas: 2.159 €/L → 2.139 €/L
  ~ Viada — Kaunas, A. Juozapavičiaus pr. 90
      95 benzinas: 1.959 €/L → 1.949 €/L
      Dyzelinas: 2.159 €/L → 2.119 €/L
  ~ Viada — Kaunas, Ateities pl. 37A
      95 benzinas: 1.959 €/L → 1.929 €/L
      Dyzelinas: 2.159 €/L → 2.109 €/L
      Dujos: 0.929 €/L → 0.949 €/L
  ~ Viada — Kaunas, Baltijos g. 90B
      95 benzinas: 1.939 €/L → 1.899 €/L
      Dyzelinas: 2.119 €/L → 2.069 €/L
  ~ Viada — Kaunas, Biruliškių g. 18A
      95 benzinas: 1.939 €/L → 1.899 €/L
      Dyzelinas: 2.139 €/L → 2.119 €/L
  ~ Viada — Kaunas, K. Baršausko g. 64
      Dyzelinas: 2.159 €/L → 2.109 €/L
  ~ Viada — Kaunas, Karaliaus Mindaugo pr. 54
      95 benzinas: 1.959 €/L → 1.949 €/L
      Dyzelinas: 2.159 €/L → 2.119 €/L
  ~ Viada — Kaunas, Miežėnų g. 18
      95 benzinas: 1.939 €/L → 1.899 €/L
      Dyzelinas: 2.119 €/L → 2.069 €/L
  ~ Viada — Kaunas, P. Lukšio g. 66A
      95 benzinas: 1.959 €/L → 1.919 €/L
      Dyzelinas: 2.159 €/L → 2.079 €/L
  ~ Viada — Kaunas, Pramonės pr. 44
      95 benzinas: 1.939 €/L → 1.869 €/L
      Dyzelinas: 2.119 €/L → 2.049 €/L
  ~ Viada — Kaunas, Raudondvario pl. 288
      95 benzinas: 1.939 €/L → 1.889 €/L
      Dyzelinas: 2.139 €/L → 2.089 €/L
  ~ Viada — Kaunas, Statybininkų g. 3A
      95 benzinas: 1.959 €/L → 1.949 €/L
      Dyzelinas: 2.159 €/L → 2.079 €/L
  ~ Viada — Kaunas, Veiverių g. 117
      95 benzinas: 1.959 €/L → 1.929 €/L
      Dyzelinas: 2.159 €/L → 2.119 €/L
  ~ Viada — Kaunas, Veiverių g. 124B
      95 benzinas: 1.959 €/L → 1.929 €/L
      Dyzelinas: 2.159 €/L → 2.119 €/L
  ~ Viada — Ilgakiemio k., Prienų g. 22
      Dyzelinas: 2.139 €/L → 2.099 €/L
  ~ Viada — Margavos k.
      95 benzinas: 1.959 €/L → 1.949 €/L
      Dyzelinas: 2.159 €/L → 2.119 €/L
  ~ Viada — Zapyškis, Vytauto g. 20A
      Dyzelinas: 2.149 €/L → 2.129 €/L
  ~ Viada — Klaipėda, Liepojos g. 242
      95 benzinas: 1.959 €/L → 1.919 €/L
      Dyzelinas: 2.159 €/L → 2.149 €/L
  ~ Viada — Klaipėda, Nemuno g. 139
      95 benzinas: 1.959 €/L → 1.889 €/L
      Dyzelinas: 2.139 €/L → 2.119 €/L
  ~ Viada — Klaipėda, Priestočio g. 28
      95 benzinas: 1.959 €/L → 1.889 €/L
      Dyzelinas: 2.139 €/L → 2.119 €/L
  ~ Viada — Klaipėda, Šilutės pl. 52
      95 benzinas: 1.959 €/L → 1.919 €/L
      Dyzelinas: 2.159 €/L → 2.149 €/L
  ~ Viada — Klaipėda, Taikos pr. 70A-1
      95 benzinas: 1.959 €/L → 1.889 €/L
      Dyzelinas: 2.139 €/L → 2.119 €/L
  ~ Viada — Gargždai, Vilniaus pl. 65
      95 benzinas: 1.919 €/L → 1.899 €/L
  ~ Viada — Sudmantų k., Vilniaus pl. 6
      Dyzelinas: 2.159 €/L → 2.149 €/L
  ~ Viada — Kerelių k. 1A
      95 benzinas: 1.859 €/L → 1.899 €/L
  ~ Viada — Kupiškis, Pergalės g. 15
      95 benzinas: 1.859 €/L → 1.899 €/L
  ~ Viada — Lazdijai, Turistų g. 32
      95 benzinas: 1.869 €/L → 1.809 €/L
      Dyzelinas: 2.119 €/L → 2.079 €/L
      Dujos: 0.959 €/L → 0.949 €/L
  ~ Viada — Marijampolė, Geležinkelio g. 5
      95 benzinas: 1.919 €/L → 1.899 €/L
      Dyzelinas: 2.119 €/L → 2.089 €/L
  ~ Viada — Marijampolė, J. Ambrazevičiaus-Brazaičio g. 2
      95 benzinas: 1.919 €/L → 1.899 €/L
      Dyzelinas: 2.119 €/L → 2.089 €/L
  ~ Viada — Mažeikiai, Montuotojų g. 2A
      95 benzinas: 1.939 €/L → 1.899 €/L
      Dyzelinas: 2.139 €/L → 2.099 €/L
  ~ Viada — Mažeikiai, Žemaitijos g. 75
      95 benzinas: 1.939 €/L → 1.899 €/L
      Dyzelinas: 2.139 €/L → 2.099 €/L
  ~ Viada — Molėtai, Vilniaus g. 101
      95 benzinas: 1.959 €/L → 1.899 €/L
      Dyzelinas: 2.159 €/L → 2.129 €/L
  ~ Viada — Gojaus k., Utenos g. 16
      95 benzinas: 1.959 €/L → 1.899 €/L
      Dyzelinas: 2.159 €/L → 2.129 €/L
  ~ Viada — Šilagalio k., Panevėžio aplinkl. 5
      95 benzinas: 1.899 €/L → 1.879 €/L
      Dyzelinas: 2.119 €/L → 2.079 €/L
  ~ Viada — Tičkūnų k., Tičkūnų g. 31
      95 benzinas: 1.899 €/L → 1.869 €/L
      Dyzelinas: 2.099 €/L → 2.059 €/L
  ~ Viada — Panevėžys, J. Janonio g. 28A
      95 benzinas: 1.939 €/L → 1.889 €/L
      Dyzelinas: 2.139 €/L → 2.069 €/L
  ~ Viada — Panevėžys, Navadolio g. 31
      95 benzinas: 1.939 €/L → 1.869 €/L
      Dyzelinas: 2.139 €/L → 2.059 €/L
  ~ Viada — Panevėžys, Pušaloto g. 193A
      95 benzinas: 1.939 €/L → 1.889 €/L
      Dyzelinas: 2.139 €/L → 2.069 €/L
  ~ Viada — Panevėžys, Ramygalos g. 155
      95 benzinas: 1.939 €/L → 1.869 €/L
      Dyzelinas: 2.139 €/L → 2.059 €/L
  ~ Viada — Panevėžys, Ramygalos g. 186G
      95 benzinas: 1.939 €/L → 1.869 €/L
      Dyzelinas: 2.139 €/L → 2.059 €/L
  ~ Viada — Panevėžys, Senamiesčio g. 116A
      95 benzinas: 1.899 €/L → 1.869 €/L
      Dyzelinas: 2.099 €/L → 2.059 €/L
  ~ Viada — Panevėžys, Venslaviškio g. 16
      95 benzinas: 1.939 €/L → 1.889 €/L
      Dyzelinas: 2.139 €/L → 2.069 €/L
  ~ Viada — Brazdigalos k. 1
      95 benzinas: 1.939 €/L → 1.919 €/L
  ~ Viada — Plungė, J. Tumo-Vaižganto g. 102
      95 benzinas: 1.819 €/L → 1.899 €/L
      Dyzelinas: 2.039 €/L → 2.099 €/L
      Dujos: 0.929 €/L → 0.959 €/L
  ~ Viada — Plungė, Žaltakalnio g. 10
      95 benzinas: 1.819 €/L → 1.899 €/L
      Dyzelinas: 2.039 €/L → 2.099 €/L
      Dujos: 0.929 €/L → 0.959 €/L
  ~ Viada — Mačiūnų k., Kauno pl. 40
      Dyzelinas: 2.159 €/L → 2.099 €/L
  ~ Viada — Skuodas, Vilniaus g. 50
      95 benzinas: 1.899 €/L → 1.879 €/L
  ~ Viada — Šiauliai, Dubijos g. 1C
      95 benzinas: 1.949 €/L → 1.939 €/L
      Dyzelinas: 2.129 €/L → 2.099 €/L
  ~ Viada — Šiauliai, Gegužių g. 26
      95 benzinas: 1.949 €/L → 1.939 €/L
      Dyzelinas: 2.129 €/L → 2.119 €/L
  ~ Viada — Šiauliai, J. Basanavičiaus g. 122A
      95 benzinas: 1.959 €/L → 1.939 €/L
      Dyzelinas: 2.159 €/L → 2.119 €/L
  ~ Viada — Šiauliai, Tilžės g. 274
      95 benzinas: 1.959 €/L → 1.939 €/L
      Dyzelinas: 2.159 €/L → 2.119 €/L
  ~ Viada — Šiauliai, Užmiesčio g. 2
      95 benzinas: 1.959 €/L → 1.949 €/L
      Dyzelinas: 2.159 €/L → 2.139 €/L
  ~ Viada — Šilutė, Tilžės g. 59
      95 benzinas: 1.919 €/L → 1.859 €/L
      Dyzelinas: 2.129 €/L → 2.069 €/L
  ~ Viada — Širvintos, Plento g. 4
      95 benzinas: 1.939 €/L → 1.899 €/L
      Dyzelinas: 2.139 €/L → 2.099 €/L
  ~ Viada — Tauragė, Dariaus ir Girėno g. 138A
      95 benzinas: 1.949 €/L → 1.899 €/L
      Dyzelinas: 2.129 €/L → 2.069 €/L
  ~ Viada — Tauragė, Pramonės g. 1
      95 benzinas: 1.949 €/L → 1.899 €/L
      Dyzelinas: 2.129 €/L → 2.069 €/L
  ~ Viada — Telšiai, Pramonės g. 2A
      95 benzinas: 1.959 €/L → 1.899 €/L
      Dyzelinas: 2.159 €/L → 2.119 €/L
  ~ Viada — Utena, Metalo g. 8
      95 benzinas: 1.939 €/L → 1.899 €/L
      Dyzelinas: 2.139 €/L → 2.089 €/L
  ~ Viada — Utena, Pramonės g. 23
      95 benzinas: 1.939 €/L → 1.899 €/L
      Dyzelinas: 2.139 €/L → 2.089 €/L
  ~ Viada — Vilkaviškis, Vytauto g. 105
      95 benzinas: 1.879 €/L → 1.899 €/L
      Dyzelinas: 2.099 €/L → 2.149 €/L
  ~ Viada — Avižienių k., Ožiarūčių g. 1a
      95 benzinas: 1.959 €/L → 1.899 €/L
      Dyzelinas: 2.159 €/L → 2.109 €/L
  ~ Viada — Vilnius, Ateities g. 17B
      95 benzinas: 1.939 €/L → 1.829 €/L
      Dyzelinas: 2.119 €/L → 2.069 €/L
  ~ Viada — Vilnius, Dariaus ir Girėno g. 30A
      95 benzinas: 1.959 €/L → 1.949 €/L
      Dyzelinas: 2.159 €/L → 2.129 €/L
  ~ Viada — Vilnius, Gariūnų g. 16A
      95 benzinas: 1.949 €/L → 1.919 €/L
      Dyzelinas: 2.139 €/L → 2.099 €/L
  ~ Viada — Vilnius, Justiniškių g. 12
      95 benzinas: 1.939 €/L → 1.899 €/L
      Dyzelinas: 2.139 €/L → 2.099 €/L
  ~ Viada — Vilnius, Kirtimų g. 29
      95 benzinas: 1.959 €/L → 1.919 €/L
      Dyzelinas: 2.159 €/L → 2.119 €/L
  ~ Viada — Vilnius, Ozo g. 12
      95 benzinas: 1.959 €/L → 1.919 €/L
      Dyzelinas: 2.149 €/L → 2.119 €/L
  ~ Viada — Vilnius, Pilaitės pr. 13
      95 benzinas: 1.959 €/L → 1.929 €/L
      Dyzelinas: 2.159 €/L → 2.119 €/L
  ~ Viada — Vilnius, Pilaitės pr. 28
      95 benzinas: 1.959 €/L → 1.929 €/L
      Dyzelinas: 2.159 €/L → 2.119 €/L
  ~ Viada — Vilnius, Saltoniškių g. 12
      95 benzinas: 1.959 €/L → 1.909 €/L
      Dyzelinas: 2.149 €/L → 2.109 €/L
  ~ Viada — Vilnius, Verkių g. 52
      95 benzinas: 1.939 €/L → 1.849 €/L
      Dyzelinas: 2.139 €/L → 2.069 €/L
  ~ Viada — Vilnius, Vilkpėdės g. 2
      95 benzinas: 1.959 €/L → 1.899 €/L
      Dyzelinas: 2.159 €/L → 2.099 €/L
  ~ Viada — Visaginas, Statybininkų g. 1
      95 benzinas: 1.959 €/L → 1.899 €/L
      Dyzelinas: 2.159 €/L → 2.099 €/L
  ~ Viada — Visaginas, Taikos pr. 23B
      95 benzinas: 1.959 €/L → 1.899 €/L
      Dyzelinas: 2.159 €/L → 2.099 €/L
  ~ Autograndas — Taikos pr. 47
      95 benzinas: 1.843 €/L → 1.698 €/L
      Dyzelinas: 2.043 €/L → 1.897 €/L
  ~ Nostrada (RV Transport) — Kazlavo km. 4 Kalvarijos sav.
      95 benzinas: 1.890 €/L → 1.850 €/L
      Dyzelinas: 2.100 €/L → 2.040 €/L
  ~ Utentra — Utena, Pramonės g. 16
      Dyzelinas: 1.969 €/L → 1.909 €/L
  ~ Skulas — Simnas, Alytaus g. 48
      95 benzinas: 1.800 €/L → 1.810 €/L
      Dyzelinas: 2.000 €/L → 2.020 €/L
  ~ Skulas — Likiškėlių k., Kalninės g. 5
      95 benzinas: 1.770 €/L → 1.790 €/L
      Dyzelinas: 1.990 €/L → 2.000 €/L
      Dujos: 0.900 €/L → 0.890 €/L
  ~ Skulas — Kaunas, Ašigalio g. 1 A
      95 benzinas: 1.779 €/L → 1.799 €/L
  ~ Skulas — Kaunas, Marvelės g. 106 D
      95 benzinas: 1.779 €/L → 1.799 €/L
  ~ Skulas — Virbališkių k., Verslo g. 2
      95 benzinas: 1.780 €/L → 1.800 €/L
  ~ Skulas — Pasvalys, Mūšos g. 2 E
      95 benzinas: 1.790 €/L → 1.780 €/L
      Dyzelinas: 1.990 €/L → 1.970 €/L
  ~ Skulas — Vilnius, J.Kazlausko g. 34
      95 benzinas: 1.799 €/L → 1.779 €/L
      Dyzelinas: 2.029 €/L → 1.999 €/L
  ~ Velseka — Panevėžio g. 5, Kupiškis
      95 benzinas: 1.709 €/L → 1.759 €/L
  ~ Prie Luksto — Telšiai, Masčio g. 21
      95 benzinas: 1.955 €/L → 1.905 €/L
      Dyzelinas: 2.165 €/L → 2.125 €/L
  ~ Boost Petrol — Ginkūnų k., Aušros g. 26
      95 benzinas: 1.929 €/L → 1.949 €/L
      Dyzelinas: 2.129 €/L → 2.149 €/L
  ~ Boost Petrol — Kęstučio g. 1B, Kelmė
      95 benzinas: 1.929 €/L → 1.949 €/L
      Dyzelinas: 2.129 €/L → 2.149 €/L
  ~ Boost Petrol — Smėlinkos k.
      95 benzinas: 1.910 €/L → 1.870 €/L
      Dyzelinas: 2.110 €/L → 2.070 €/L
  ~ Boost Petrol — Zarasų g. 9, Utena
      95 benzinas: 1.919 €/L → 1.869 €/L
      Dyzelinas: 2.119 €/L → 2.069 €/L
  ~ Boost Petrol — Maironių k., Kuršių g. 2
      Dyzelinas: 2.020 €/L → 1.990 €/L
  ~ Stateta — Kantališkių k.
      95 benzinas: 1.799 €/L → 1.779 €/L
      Dyzelinas: 1.999 €/L → 1.899 €/L
  ~ Stateta — Ukmergės g. 246, Vilnius
      95 benzinas: 1.799 €/L → 1.779 €/L
      Dyzelinas: 1.999 €/L → 1.899 €/L
  ~ Stateta — Alytaus k.
      95 benzinas: 1.799 €/L → 1.779 €/L
      Dyzelinas: 1.999 €/L → 1.899 €/L
  ~ Stateta — Kauno g.1, Miklusėnai
      95 benzinas: 1.799 €/L → 1.779 €/L
      Dyzelinas: 1.999 €/L → 1.899 €/L
  ~ Stateta — Kaniukų k.
      95 benzinas: 1.799 €/L → 1.779 €/L
      Dyzelinas: 1.999 €/L → 1.899 €/L
  ~ Stateta — Gustaičių k.
      95 benzinas: 1.799 €/L → 1.779 €/L
      Dyzelinas: 1.999 €/L → 1.899 €/L
  ~ Stateta — Erdvės g. 78, Ramučių k.
      95 benzinas: 1.799 €/L → 1.779 €/L
      Dyzelinas: 1.999 €/L → 1.899 €/L
  ~ Stateta — Žemdirbių g. 15, Paliūniškio k.
      95 benzinas: 1.799 €/L → 1.779 €/L
      Dyzelinas: 1.999 €/L → 1.899 €/L
  ~ Stateta — Panevėžio g. 9, Kupiškis
      95 benzinas: 1.799 €/L → 1.779 €/L
      Dyzelinas: 1.999 €/L → 1.959 €/L
  ~ Stateta — Turgaus g. 4, Kreivukė
      95 benzinas: 1.799 €/L → 1.779 €/L
      Dyzelinas: 1.999 €/L → 1.899 €/L
  ~ Stateta — Minijos g. 90, Klaipėda
      95 benzinas: 1.799 €/L → 1.779 €/L
      Dyzelinas: 1.999 €/L → 1.899 €/L
  ~ Stateta — Palangos g. 66, Utena
      95 benzinas: 1.799 €/L → 1.779 €/L
      Dyzelinas: 1.999 €/L → 1.899 €/L
  ~ Emsi — Ūdrijos g.2, Alytus
      95 benzinas: 1.750 €/L → 1.770 €/L
      Dyzelinas: 1.990 €/L → 1.970 €/L
  ~ Emsi — Žemaičių g. 34, Ariogala
      95 benzinas: 1.859 €/L → 1.839 €/L
      Dyzelinas: 2.059 €/L → 2.039 €/L
  ~ Emsi — Ateities pl.40B, Kaunas
      95 benzinas: 1.759 €/L → 1.739 €/L
  ~ Emsi — Jaunimo g.2a, Biržai
      Dyzelinas: 2.040 €/L → 2.030 €/L
      Dujos: 0.890 €/L → 0.920 €/L
  ~ Emsi — Bukiškio k. Ukmergės g.437
      Dyzelinas: 2.039 €/L → 2.019 €/L
  ~ Emsi — Draugystės g.8B, Kaunas
      Dyzelinas: 2.059 €/L → 2.029 €/L
  ~ Emsi — Vilnius, Spyglių g. 2
      95 benzinas: 1.859 €/L → 1.839 €/L
  ~ Emsi — Jeruzalės 2, Vilnius
      95 benzinas: 1.779 €/L → 1.799 €/L
      Dyzelinas: 2.029 €/L → 1.999 €/L
  ~ Emsi — Vasario 16-osios g.70, Jonava
      95 benzinas: 1.779 €/L → 1.889 €/L
      Dyzelinas: 1.999 €/L → 2.089 €/L
  ~ Emsi — Juodgirio k.1,
      95 benzinas: 1.859 €/L → 1.839 €/L
      Dyzelinas: 2.059 €/L → 2.039 €/L
  ~ Emsi — Medelyno g.126 Kalotės k.
      95 benzinas: 1.790 €/L → 1.830 €/L
  ~ Emsi — Kareivių g. 4, Vilnius
      95 benzinas: 1.809 €/L → 1.819 €/L
      Dyzelinas: 2.059 €/L → 2.019 €/L
  ~ Emsi — Jonavos g. 292B, Kaunas
      Dyzelinas: 1.979 €/L → 1.959 €/L
  ~ Emsi — Laisvės pr. 80B, Vilnius
      95 benzinas: 1.799 €/L → 1.819 €/L
      Dyzelinas: 1.999 €/L → 2.019 €/L
  ~ Emsi — Lazdijų sen., Janaslavo k.11
      95 benzinas: 1.719 €/L → 1.739 €/L
      Dyzelinas: 1.949 €/L → 2.019 €/L
  ~ Emsi — Sodų g.3A, Lentvaris
      95 benzinas: 1.850 €/L → 1.830 €/L
      Dyzelinas: 2.050 €/L → 2.030 €/L
  ~ Emsi — Liepkalnio g.112A, Vilnius
      95 benzinas: 1.799 €/L → 1.819 €/L
      Dyzelinas: 1.999 €/L → 2.019 €/L
  ~ Emsi — Liuksemburgo aklg. 27, Kaunas
      95 benzinas: 1.759 €/L → 1.799 €/L
  ~ Emsi — Mokyklos g. 26, Maišiagalos mstl.
      Dyzelinas: 2.039 €/L → 2.019 €/L
  ~ Emsi — Masiulio g.16C, Kaunas
      95 benzinas: 1.839 €/L → 1.819 €/L
      Dyzelinas: 2.039 €/L → 2.019 €/L
  ~ Emsi — Medininkų k., Pasieniečių g.10
      95 benzinas: 1.799 €/L → 1.839 €/L
  ~ Emsi — Savanorių pr.402A, Kaunas
      95 benzinas: 1.839 €/L → 1.819 €/L
      Dyzelinas: 2.059 €/L → 1.999 €/L
  ~ Emsi — Palemono g. 3A, Kaunas
      95 benzinas: 1.730 €/L → 1.710 €/L
  ~ Emsi — Pasvalys, Taikos g.24
      95 benzinas: 1.829 €/L → 1.799 €/L
      Dyzelinas: 2.039 €/L → 1.999 €/L
  ~ Emsi — Paukštininkų g.4a, Kaišiadorys
      95 benzinas: 1.799 €/L → 1.789 €/L
      Dyzelinas: 2.059 €/L → 2.049 €/L
      Dujos: 0.890 €/L → 0.880 €/L
  ~ Emsi — Kauno g.165, Pietarių k.
      Dyzelinas: 2.019 €/L → 1.999 €/L
  ~ Emsi — Ramygalos g.186A, Panevėžys
      95 benzinas: 1.739 €/L → 1.759 €/L
      Dyzelinas: 1.979 €/L → 1.999 €/L
  ~ Emsi — Raščių k. 1A
      Dyzelinas: 2.019 €/L → 1.999 €/L
  ~ Emsi — Sausių g.2 Sausių k..
      95 benzinas: 1.820 €/L → 1.800 €/L
  ~ Emsi — Sereikonių k., Baltijos kelio g.2
      95 benzinas: 1.829 €/L → 1.799 €/L
      Dyzelinas: 2.039 €/L → 1.999 €/L
  ~ Emsi — Skaisčiūnų k., Europos g.11
      Dyzelinas: 2.019 €/L → 1.999 €/L
  ~ Emsi — Gunkliškių g.2F, Vilnius
      95 benzinas: 1.859 €/L → 1.839 €/L
      Dyzelinas: 2.059 €/L → 2.039 €/L
  ~ Emsi — S.Nėries g.38, Vilkaviškis
      95 benzinas: 1.809 €/L → 1.799 €/L
      Dyzelinas: 2.049 €/L → 1.999 €/L
  ~ Emsi — Žemaitkiemis, Stasio Krasausko g. 21
      95 benzinas: 1.779 €/L → 1.799 €/L
      Dyzelinas: 2.019 €/L → 1.999 €/L
  ~ Pynauja — Dvaro g.1, Papynaujo k.,Kvėdarna
      95 benzinas: 1.730 €/L → –
      Dyzelinas: 1.990 €/L → –
      Dujos: 0.940 €/L → –
  ~ Gazimpeksas — Tverai, Rietavo g. 32
      Dujos: 0.880 €/L → 0.850 €/L
  ~ Gazimpeksas — Skuodas,Vytauto g. 20
      Dujos: 0.860 €/L → 0.850 €/L
  ~ Gazimpeksas — Telšiai, Mažeikių g. 7A
      Dujos: 0.880 €/L → 0.850 €/L
  ~ Skaistčio ŽŪB — Skaistgirys, Liepų g.22
      95 benzinas: 1.690 €/L → 1.790 €/L
  ~ Junasa — Žemaitės g. 131c
      95 benzinas: 1.739 €/L → 1.799 €/L
      Dyzelinas: 1.929 €/L → 1.949 €/L
  ~ Junasa — Bačiūnų g. 12a
      95 benzinas: 1.739 €/L → 1.799 €/L
      Dyzelinas: 1.929 €/L → 1.949 €/L
  ~ Junasa — M. Katiliškio g. 50, Gruzdžiai
      95 benzinas: 1.749 €/L → 1.799 €/L
  ~ Circle K — Pramogų g. 4, Truikių k.
      Dyzelinas: 2.089 €/L → 2.059 €/L
  ~ Regusa — Medelyno g. 4A, Jūrės k.
      95 benzinas: 1.770 €/L → 1.810 €/L
  ~ Regusa — Sodo g. 11, Gavaltuvos k.
      95 benzinas: 1.770 €/L → 1.790 €/L
  ~ Regusa — J. Basanavičiaus g. 45A, Kybartai
      95 benzinas: 1.780 €/L → 1.810 €/L
  ~ Regusa — S. Daukanto g. 19D, Kazlų Rūda
      95 benzinas: 1.770 €/L → 1.810 €/L
  ~ Regusa — Marijampolės pl. 20, Kaunas
      95 benzinas: 1.720 €/L → 1.740 €/L
  ~ Circle K — Plungės g. 32, Rietavas
      95 benzinas: 1.829 €/L → 1.889 €/L
  ~ Propano ir butano dujų centras — Švenčionių 35, Ignalina
      95 benzinas: 1.879 €/L → 1.729 €/L
      Dyzelinas: 2.099 €/L → 1.929 €/L
  ~ Propano ir butano dujų centras — Aukštaičių g. 2a, Cirkliškio k.
      95 benzinas: 1.920 €/L → 1.730 €/L
      Dyzelinas: 2.120 €/L → 1.930 €/L
      Dujos: 0.930 €/L → 0.850 €/L
  ~ Plovimo sistemos — Gegužių g. 28
      Dujos: – → 0.909 €/L
  ~ Eu Verslas — Viekšnių g. 24, Mažeikiai
      95 benzinas: 1.869 €/L → 1.819 €/L
  ~ Atsiauta — Vytauto 80, Kuršėnai
      95 benzinas: 1.830 €/L → 1.850 €/L
  ~ Topgas — Paukštininkų g.13, Kaišiadorys
      Dujos: 0.900 €/L → 0.890 €/L
  ~ Circle K — J.Basanavičiaus g. 103, Kėdainiai
      95 benzinas: 1.944 €/L → 1.919 €/L
      Dyzelinas: 2.144 €/L → 2.099 €/L
  ~ S.Savicko įmonė — Šėtos g. 120 , Kėdainiai
      95 benzinas: 1.914 €/L → 1.889 €/L
      Dyzelinas: 2.114 €/L → 2.069 €/L
  ~ S.Savicko įmonė — Dariaus ir Girėno 23 A, Kėdainiai
      95 benzinas: 1.914 €/L → 1.889 €/L
      Dyzelinas: 2.114 €/L → 2.069 €/L
  ~ S.Savicko įmonė — Gedimino g. 50 , Kėdainiai
      95 benzinas: 1.914 €/L → 1.889 €/L
      Dyzelinas: 2.114 €/L → 2.069 €/L
  ~ S.Savicko įmonė — Vandžiogalos g 29,Saviečių k.
      95 benzinas: 1.914 €/L → 1.889 €/L
      Dyzelinas: 2.114 €/L → 2.069 €/L
  ~ Andopas — Ramučių g.43
      95 benzinas: 1.760 €/L → 1.770 €/L
  ~ Dujotena — Molėtų g. 94, Utena
      Dujos: 0.890 €/L → –
  ~ Raimondo Balsio IĮ — Ramučių k., Luokės 2
      95 benzinas: 1.720 €/L → 1.750 €/L
      Dyzelinas: 1.950 €/L → 1.990 €/L
      Dujos: 0.900 €/L → 0.920 €/L
  ~ DVS Topolis — Panevėžio 7c, Rokiškis
      Dujos: – → 0.959 €/L
  ~ Visvilas — Laukų g. 2C.,Tirkšlių m.
      Dyzelinas: 2.080 €/L → 2.050 €/L
  ~ Medelsta — Pagirių k., Durpių g.45
      95 benzinas: 1.890 €/L → 1.850 €/L
      Dyzelinas: 2.100 €/L → 2.050 €/L
      Dujos: 0.960 €/L → 0.930 €/L
  ~ Vildega — Vytauto g. 2D, Vilkaviškis
      95 benzinas: 1.809 €/L → 1.799 €/L
      Dyzelinas: 2.049 €/L → 1.999 €/L
  ~ Tripletas — Sedos g. 16, Mažeikiai
      95 benzinas: 1.800 €/L → –
      Dyzelinas: 1.980 €/L → –
      Dujos: 0.870 €/L → –
  ~ A. Praškevičiaus IĮ — Kalvių g. 4, Šventininkų k.
      95 benzinas: 1.740 €/L → 1.760 €/L

Unchanged: 256 station(s).
